0 2509424432 0 0
3 2509424432 0 0
0 2509424432 0 0
3 2509424432 0 0
0 2509424432 0 0
3 2509424432 0 0
0 2509424432 0 0
3 2509424432 0 0
2 0 1456 2090585434
3 1 0 0
2 1 1456 1572620755
3 2 0 0
2 2 1456 711987008
3 3 0 0
2 3 1456 2306224087
3 4 0 0
2 4 1456 2305507458
3 5 0 0
2 5 1456 1396916862
3 6 0 0
2 6 1456 2161508383
3 7 0 0
2 7 1456 518222729
3 8 0 0
2 8 1456 3359392490
3 9 0 0
2 9 1456 3630620384
3 10 0 0
2 1 1456 1572620755
3 10 0 0
2 2 1456 711987008
3 10 0 0
2 3 1456 2306224087
3 10 0 0
2 4 1456 2305507458
3 10 0 0
2 5 1456 1396916862
3 10 0 0
2 6 1456 2161508383
3 10 0 0
2 7 1456 518222729
3 10 0 0
2 8 1456 3359392490
3 10 0 0
2 9 1456 3630620384
3 10 0 0
2 10 1456 2739804276
3 11 0 0
2 2 1456 711987008
3 11 0 0
2 3 1456 2306224087
3 11 0 0
2 4 1456 2305507458
3 11 0 0
2 5 1456 1396916862
3 11 0 0
2 6 1456 2161508383
3 11 0 0
2 7 1456 518222729
3 11 0 0
2 8 1456 3359392490
3 11 0 0
2 9 1456 3630620384
3 11 0 0
2 10 1456 2739804276
3 11 0 0
2 11 1456 2511020439
3 12 0 0
2 3 1456 2306224087
3 12 0 0
2 4 1456 2305507458
3 12 0 0
2 5 1456 1396916862
3 12 0 0
2 6 1456 2161508383
3 12 0 0
2 7 1456 518222729
3 12 0 0
2 8 1456 3359392490
3 12 0 0
2 9 1456 3630620384
3 12 0 0
2 10 1456 2739804276
3 12 0 0
2 11 1456 2511020439
3 12 0 0
2 12 1456 279761347
3 13 0 0
2 4 1456 2305507458
3 13 0 0
2 5 1456 1396916862
3 13 0 0
2 6 1456 2161508383
3 13 0 0
2 7 1456 518222729
3 13 0 0
2 8 1456 3359392490
3 13 0 0
2 9 1456 3630620384
3 13 0 0
2 10 1456 2739804276
3 13 0 0
2 11 1456 2511020439
3 13 0 0
2 12 1456 279761347
3 13 0 0
2 13 1456 4216103702
3 14 0 0
2 5 1456 1396916862
3 14 0 0
2 6 1456 2161508383
3 14 0 0
2 7 1456 518222729
3 14 0 0
2 8 1456 3359392490
3 14 0 0
2 9 1456 3630620384
3 14 0 0
2 10 1456 2739804276
3 14 0 0
2 11 1456 2511020439
3 14 0 0
2 12 1456 279761347
3 14 0 0
2 13 1456 4216103702
3 14 0 0
2 14 1456 322145215
3 15 0 0
2 6 1456 2161508383
3 15 0 0
2 7 1456 518222729
3 15 0 0
2 8 1456 3359392490
3 15 0 0
2 9 1456 3630620384
3 15 0 0
2 10 1456 2739804276
3 15 0 0
2 11 1456 2511020439
3 15 0 0
2 12 1456 279761347
3 15 0 0
2 13 1456 4216103702
3 15 0 0
2 14 1456 322145215
3 15 0 0
2 15 1456 1063424288
3 16 0 0
2 7 1456 518222729
3 16 0 0
2 8 1456 3359392490
3 16 0 0
2 9 1456 3630620384
3 16 0 0
2 10 1456 2739804276
3 16 0 0
2 11 1456 2511020439
3 16 0 0
2 12 1456 279761347
3 16 0 0
2 13 1456 4216103702
3 16 0 0
2 14 1456 322145215
3 16 0 0
2 15 1456 1063424288
3 16 0 0
2 16 1456 3691273033
3 17 0 0
2 8 1456 3359392490
3 17 0 0
2 9 1456 3630620384
3 17 0 0
2 10 1456 2739804276
3 17 0 0
2 11 1456 2511020439
3 17 0 0
2 12 1456 279761347
3 17 0 0
2 13 1456 4216103702
3 17 0 0
2 14 1456 322145215
3 17 0 0
2 15 1456 1063424288
3 17 0 0
2 16 1456 3691273033
3 17 0 0
2 17 1456 1191631722
3 18 0 0
2 9 1456 3630620384
3 18 0 0
2 10 1456 2739804276
3 18 0 0
2 11 1456 2511020439
3 18 0 0
2 12 1456 279761347
3 18 0 0
2 13 1456 4216103702
3 18 0 0
2 14 1456 322145215
3 18 0 0
2 15 1456 1063424288
3 18 0 0
2 16 1456 3691273033
3 18 0 0
2 17 1456 1191631722
3 18 0 0
2 18 1456 392479187
3 19 0 0
2 10 1456 2739804276
3 19 0 0
2 11 1456 2511020439
3 19 0 0
2 12 1456 279761347
3 19 0 0
2 13 1456 4216103702
3 19 0 0
2 14 1456 322145215
3 19 0 0
2 15 1456 1063424288
3 19 0 0
2 16 1456 3691273033
3 19 0 0
2 17 1456 1191631722
3 19 0 0
2 18 1456 392479187
3 19 0 0
2 19 1456 1612882838
3 20 0 0
2 11 1456 2511020439
3 20 0 0
2 12 1456 279761347
3 20 0 0
2 13 1456 4216103702
3 20 0 0
2 14 1456 322145215
3 20 0 0
2 15 1456 1063424288
3 20 0 0
2 16 1456 3691273033
3 20 0 0
2 17 1456 1191631722
3 20 0 0
2 18 1456 392479187
3 20 0 0
2 19 1456 1612882838
3 20 0 0
2 20 1456 1476342166
3 21 0 0
2 12 1456 279761347
3 21 0 0
2 13 1456 4216103702
3 21 0 0
2 14 1456 322145215
3 21 0 0
2 15 1456 1063424288
3 21 0 0
2 16 1456 3691273033
3 21 0 0
2 17 1456 1191631722
3 21 0 0
2 18 1456 392479187
3 21 0 0
2 19 1456 1612882838
3 21 0 0
2 20 1456 1476342166
3 21 0 0
2 21 1456 2695887954
3 22 0 0
2 13 1456 4216103702
3 22 0 0
2 14 1456 322145215
3 22 0 0
2 15 1456 1063424288
3 22 0 0
2 16 1456 3691273033
3 22 0 0
2 17 1456 1191631722
3 22 0 0
2 18 1456 392479187
3 22 0 0
2 19 1456 1612882838
3 22 0 0
2 20 1456 1476342166
3 22 0 0
2 21 1456 2695887954
3 22 0 0
2 22 1456 2866126692
3 23 0 0
2 14 1456 322145215
3 23 0 0
2 15 1456 1063424288
3 23 0 0
2 16 1456 3691273033
3 23 0 0
2 17 1456 1191631722
3 23 0 0
2 18 1456 392479187
3 23 0 0
2 19 1456 1612882838
3 23 0 0
2 20 1456 1476342166
3 23 0 0
2 21 1456 2695887954
3 23 0 0
2 22 1456 2866126692
3 23 0 0
2 23 1456 1425042154
3 24 0 0
2 15 1456 1063424288
3 24 0 0
2 16 1456 3691273033
3 24 0 0
2 17 1456 1191631722
3 24 0 0
2 18 1456 392479187
3 24 0 0
2 19 1456 1612882838
3 24 0 0
2 20 1456 1476342166
3 24 0 0
2 21 1456 2695887954
3 24 0 0
2 22 1456 2866126692
3 24 0 0
2 23 1456 1425042154
3 24 0 0
2 24 1456 957525432
3 25 0 0
2 16 1456 3691273033
3 25 0 0
2 17 1456 1191631722
3 25 0 0
2 18 1456 392479187
3 25 0 0
2 19 1456 1612882838
3 25 0 0
2 20 1456 1476342166
3 25 0 0
2 21 1456 2695887954
3 25 0 0
2 22 1456 2866126692
3 25 0 0
2 23 1456 1425042154
3 25 0 0
2 24 1456 957525432
3 25 0 0
2 25 1456 3192442669
3 26 0 0
2 17 1456 1191631722
3 26 0 0
2 18 1456 392479187
3 26 0 0
2 19 1456 1612882838
3 26 0 0
2 20 1456 1476342166
3 26 0 0
2 21 1456 2695887954
3 26 0 0
2 22 1456 2866126692
3 26 0 0
2 23 1456 1425042154
3 26 0 0
2 24 1456 957525432
3 26 0 0
2 25 1456 3192442669
3 26 0 0
2 26 1456 1428662188
3 27 0 0
2 18 1456 392479187
3 27 0 0
2 19 1456 1612882838
3 27 0 0
2 20 1456 1476342166
3 27 0 0
2 21 1456 2695887954
3 27 0 0
2 22 1456 2866126692
3 27 0 0
2 23 1456 1425042154
3 27 0 0
2 24 1456 957525432
3 27 0 0
2 25 1456 3192442669
3 27 0 0
2 26 1456 1428662188
3 27 0 0
2 27 1226 2907711342
3 28 0 0
2 19 1456 1612882838
3 28 0 0
2 20 1456 1476342166
3 28 0 0
2 21 1456 2695887954
3 28 0 0
2 22 1456 2866126692
3 28 0 0
2 23 1456 1425042154
3 28 0 0
2 24 1456 957525432
3 28 0 0
2 25 1456 3192442669
3 28 0 0
2 26 1456 1428662188
3 28 0 0
2 27 1226 2907711342
3 28 0 0
2 20 1456 1476342166
3 28 0 0
2 21 1456 2695887954
3 28 0 0
2 22 1456 2866126692
3 28 0 0
2 23 1456 1425042154
3 28 0 0
2 24 1456 957525432
3 28 0 0
2 25 1456 3192442669
3 28 0 0
2 26 1456 1428662188
3 28 0 0
2 27 1226 2907711342
3 28 0 0
2 21 1456 2695887954
3 28 0 0
2 22 1456 2866126692
3 28 0 0
2 23 1456 1425042154
3 28 0 0
2 24 1456 957525432
3 28 0 0
2 25 1456 3192442669
3 28 0 0
2 26 1456 1428662188
3 28 0 0
2 27 1226 2907711342
3 28 0 0
2 22 1456 2866126692
3 28 0 0
2 23 1456 1425042154
3 28 0 0
2 24 1456 957525432
3 28 0 0
2 25 1456 3192442669
3 28 0 0
2 26 1456 1428662188
3 28 0 0
2 27 1226 2907711342
3 28 0 0
2 23 1456 1425042154
3 28 0 0
2 24 1456 957525432
3 28 0 0
2 25 1456 3192442669
3 28 0 0
2 26 1456 1428662188
3 28 0 0
2 27 1226 2907711342
3 28 0 0
2 24 1456 957525432
3 28 0 0
2 25 1456 3192442669
3 28 0 0
2 26 1456 1428662188
3 28 0 0
2 27 1226 2907711342
3 28 0 0
2 25 1456 3192442669
3 28 0 0
2 26 1456 1428662188
3 28 0 0
2 27 1226 2907711342
3 28 0 0
2 26 1456 1428662188
3 28 0 0
2 27 1226 2907711342
3 28 0 0
2 27 1226 2907711342
3 28 0 0
1 2509424432 0 0
3 2509424432 0 0
