0 379249328 0 0
3 379249328 0 0
0 379249328 0 0
3 379249328 0 0
0 379249328 0 0
3 379249328 0 0
0 379249328 0 0
3 379249328 0 0
0 379249328 0 0
3 379249328 0 0
0 379249328 0 0
3 379249328 0 0
2 0 1456 1220873243
3 1 0 0
2 1 1456 3593645080
3 2 0 0
2 2 1456 3348702194
3 3 0 0
2 3 1456 2432114392
3 4 0 0
2 4 1456 3949986709
3 5 0 0
2 5 1456 1868883058
3 6 0 0
2 6 1456 594125667
3 7 0 0
2 7 1456 954376679
3 8 0 0
2 8 1456 4028029400
3 9 0 0
2 9 1456 3491463893
3 10 0 0
2 1 1456 3593645080
3 10 0 0
2 2 1456 3348702194
3 10 0 0
2 3 1456 2432114392
3 10 0 0
2 4 1456 3949986709
3 10 0 0
2 5 1456 1868883058
3 10 0 0
2 6 1456 594125667
3 10 0 0
2 7 1456 954376679
3 10 0 0
2 8 1456 4028029400
3 10 0 0
2 9 1456 3491463893
3 10 0 0
2 10 1456 1864334463
3 11 0 0
2 2 1456 3348702194
3 11 0 0
2 3 1456 2432114392
3 11 0 0
2 4 1456 3949986709
3 11 0 0
2 5 1456 1868883058
3 11 0 0
2 6 1456 594125667
3 11 0 0
2 7 1456 954376679
3 11 0 0
2 8 1456 4028029400
3 11 0 0
2 9 1456 3491463893
3 11 0 0
2 10 1456 1864334463
3 11 0 0
2 11 1456 3618135076
3 12 0 0
2 3 1456 2432114392
3 12 0 0
2 4 1456 3949986709
3 12 0 0
2 5 1456 1868883058
3 12 0 0
2 6 1456 594125667
3 12 0 0
2 7 1456 954376679
3 12 0 0
2 8 1456 4028029400
3 12 0 0
2 9 1456 3491463893
3 12 0 0
2 10 1456 1864334463
3 12 0 0
2 11 1456 3618135076
3 12 0 0
2 12 1456 1385884840
3 13 0 0
2 4 1456 3949986709
3 13 0 0
2 5 1456 1868883058
3 13 0 0
2 6 1456 594125667
3 13 0 0
2 7 1456 954376679
3 13 0 0
2 8 1456 4028029400
3 13 0 0
2 9 1456 3491463893
3 13 0 0
2 10 1456 1864334463
3 13 0 0
2 11 1456 3618135076
3 13 0 0
2 12 1456 1385884840
3 13 0 0
2 13 1456 2635386058
3 14 0 0
2 5 1456 1868883058
3 14 0 0
2 6 1456 594125667
3 14 0 0
2 7 1456 954376679
3 14 0 0
2 8 1456 4028029400
3 14 0 0
2 9 1456 3491463893
3 14 0 0
2 10 1456 1864334463
3 14 0 0
2 11 1456 3618135076
3 14 0 0
2 12 1456 1385884840
3 14 0 0
2 13 1456 2635386058
3 14 0 0
2 14 1456 2704059540
3 15 0 0
2 6 1456 594125667
3 15 0 0
2 7 1456 954376679
3 15 0 0
2 8 1456 4028029400
3 15 0 0
2 9 1456 3491463893
3 15 0 0
2 10 1456 1864334463
3 15 0 0
2 11 1456 3618135076
3 15 0 0
2 12 1456 1385884840
3 15 0 0
2 13 1456 2635386058
3 15 0 0
2 14 1456 2704059540
3 15 0 0
2 15 1456 207108693
3 16 0 0
2 7 1456 954376679
3 16 0 0
2 8 1456 4028029400
3 16 0 0
2 9 1456 3491463893
3 16 0 0
2 10 1456 1864334463
3 16 0 0
2 11 1456 3618135076
3 16 0 0
2 12 1456 1385884840
3 16 0 0
2 13 1456 2635386058
3 16 0 0
2 14 1456 2704059540
3 16 0 0
2 15 1456 207108693
3 16 0 0
2 16 1456 725136015
3 17 0 0
2 8 1456 4028029400
3 17 0 0
2 9 1456 3491463893
3 17 0 0
2 10 1456 1864334463
3 17 0 0
2 11 1456 3618135076
3 17 0 0
2 12 1456 1385884840
3 17 0 0
2 13 1456 2635386058
3 17 0 0
2 14 1456 2704059540
3 17 0 0
2 15 1456 207108693
3 17 0 0
2 16 1456 725136015
3 17 0 0
2 17 1456 3348218547
3 18 0 0
2 9 1456 3491463893
3 18 0 0
2 10 1456 1864334463
3 18 0 0
2 11 1456 3618135076
3 18 0 0
2 12 1456 1385884840
3 18 0 0
2 13 1456 2635386058
3 18 0 0
2 14 1456 2704059540
3 18 0 0
2 15 1456 207108693
3 18 0 0
2 16 1456 725136015
3 18 0 0
2 17 1456 3348218547
3 18 0 0
2 18 1456 216526545
3 19 0 0
2 10 1456 1864334463
3 19 0 0
2 11 1456 3618135076
3 19 0 0
2 12 1456 1385884840
3 19 0 0
2 13 1456 2635386058
3 19 0 0
2 14 1456 2704059540
3 19 0 0
2 15 1456 207108693
3 19 0 0
2 16 1456 725136015
3 19 0 0
2 17 1456 3348218547
3 19 0 0
2 18 1456 216526545
3 19 0 0
2 19 1456 2816822061
3 20 0 0
0 3147888603 0 0
3 3147888603 0 0
0 3147888603 0 0
3 3147888603 0 0
0 3147888603 0 0
3 3147888603 0 0
0 3147888603 0 0
3 3147888603 0 0
0 3147888603 0 0
3 3147888603 0 0
0 3147888603 0 0
3 3147888603 0 0
2 0 1456 1220873243
3 20 0 0
2 1 1456 3593645080
3 20 0 0
2 2 1456 3348702194
3 20 0 0
2 3 1456 2432114392
3 20 0 0
2 4 1456 3949986709
3 20 0 0
2 5 1456 1868883058
3 20 0 0
2 6 1456 594125667
3 20 0 0
2 7 1456 954376679
3 20 0 0
2 8 1456 4028029400
3 20 0 0
2 9 1456 3491463893
3 20 0 0
2 20 1396 617158359
3 21 0 0
1 3147888603 0 0
1 3147888603 0 0
1 3147888603 0 0
1 3147888603 0 0
1 3147888603 0 0
1 3147888603 0 0
1 3147888603 0 0
1 3147888603 0 0
1 3147888603 0 0
1 3147888603 0 0
0 642452673 0 0
3 642452673 0 0
0 642452673 0 0
3 642452673 0 0
0 642452673 0 0
3 642452673 0 0
0 642452673 0 0
3 642452673 0 0
0 642452673 0 0
3 642452673 0 0
0 642452673 0 0
3 642452673 0 0
0 642452673 0 0
3 642452673 0 0
2 0 1456 1220873243
3 21 0 0
2 1 1456 3593645080
3 21 0 0
2 2 1456 3348702194
3 21 0 0
2 3 1456 2432114392
3 21 0 0
2 4 1456 3949986709
3 21 0 0
2 5 1456 1868883058
3 21 0 0
2 6 1456 594125667
3 21 0 0
2 7 1456 954376679
3 21 0 0
2 8 1456 4028029400
3 21 0 0
2 9 1456 3491463893
3 21 0 0
1 642452673 0 0
1 642452673 0 0
1 642452673 0 0
1 642452673 0 0
1 642452673 0 0
1 642452673 0 0
1 642452673 0 0
1 642452673 0 0
1 642452673 0 0
1 642452673 0 0
0 3444464831 0 0
3 3444464831 0 0
0 3444464831 0 0
3 3444464831 0 0
0 3444464831 0 0
3 3444464831 0 0
0 3444464831 0 0
3 3444464831 0 0
0 3444464831 0 0
3 3444464831 0 0
0 3444464831 0 0
3 3444464831 0 0
0 3444464831 0 0
3 3444464831 0 0
0 3444464831 0 0
3 3444464831 0 0
2 0 1456 1220873243
3 21 0 0
2 1 1456 3593645080
3 21 0 0
2 2 1456 3348702194
3 21 0 0
2 3 1456 2432114392
3 21 0 0
2 4 1456 3949986709
3 21 0 0
2 5 1456 1868883058
3 21 0 0
2 6 1456 594125667
3 21 0 0
2 7 1456 954376679
3 21 0 0
2 8 1456 4028029400
3 21 0 0
2 9 1456 3491463893
3 21 0 0
1 3444464831 0 0
1 3444464831 0 0
1 3444464831 0 0
1 3444464831 0 0
1 3444464831 0 0
1 3444464831 0 0
1 3444464831 0 0
1 3444464831 0 0
1 3444464831 0 0
1 3444464831 0 0
0 2057120065 0 0
3 2057120065 0 0
0 2057120065 0 0
3 2057120065 0 0
0 2057120065 0 0
3 2057120065 0 0
0 2057120065 0 0
3 2057120065 0 0
0 2057120065 0 0
3 2057120065 0 0
0 2057120065 0 0
3 2057120065 0 0
0 2057120065 0 0
3 2057120065 0 0
2 0 1456 1220873243
3 21 0 0
2 1 1456 3593645080
3 21 0 0
2 2 1456 3348702194
3 21 0 0
2 3 1456 2432114392
3 21 0 0
2 4 1456 3949986709
3 21 0 0
2 5 1456 1868883058
3 21 0 0
2 6 1456 594125667
3 21 0 0
2 7 1456 954376679
3 21 0 0
2 8 1456 4028029400
3 21 0 0
2 9 1456 3491463893
3 21 0 0
0 33223466 0 0
3 33223466 0 0
0 33223466 0 0
3 33223466 0 0
0 33223466 0 0
3 33223466 0 0
0 33223466 0 0
3 33223466 0 0
0 33223466 0 0
3 33223466 0 0
0 33223466 0 0
3 33223466 0 0
2 0 1456 1220873243
3 21 0 0
2 1 1456 3593645080
3 21 0 0
2 2 1456 3348702194
3 21 0 0
2 3 1456 2432114392
3 21 0 0
2 4 1456 3949986709
3 21 0 0
2 5 1456 1868883058
3 21 0 0
2 6 1456 594125667
3 21 0 0
2 7 1456 954376679
3 21 0 0
2 8 1456 4028029400
3 21 0 0
2 9 1456 3491463893
3 21 0 0
1 33223466 0 0
1 33223466 0 0
1 33223466 0 0
1 33223466 0 0
1 33223466 0 0
1 33223466 0 0
1 33223466 0 0
1 33223466 0 0
1 33223466 0 0
1 33223466 0 0
0 2402211740 0 0
3 2402211740 0 0
0 2402211740 0 0
3 2402211740 0 0
0 2402211740 0 0
3 2402211740 0 0
0 2402211740 0 0
3 2402211740 0 0
0 2402211740 0 0
3 2402211740 0 0
0 2402211740 0 0
3 2402211740 0 0
2 0 1456 1220873243
3 21 0 0
2 1 1456 3593645080
3 21 0 0
2 2 1456 3348702194
3 21 0 0
2 3 1456 2432114392
3 21 0 0
2 4 1456 3949986709
3 21 0 0
2 5 1456 1868883058
3 21 0 0
2 6 1456 594125667
3 21 0 0
2 7 1456 954376679
3 21 0 0
2 8 1456 4028029400
3 21 0 0
2 9 1456 3491463893
3 21 0 0
1 2402211740 0 0
1 2402211740 0 0
1 2402211740 0 0
1 2402211740 0 0
1 2402211740 0 0
1 2402211740 0 0
1 2402211740 0 0
1 2402211740 0 0
1 2402211740 0 0
1 2402211740 0 0
0 1694154368 0 0
3 1694154368 0 0
0 1694154368 0 0
3 1694154368 0 0
0 1694154368 0 0
3 1694154368 0 0
0 1694154368 0 0
3 1694154368 0 0
0 1694154368 0 0
3 1694154368 0 0
0 1694154368 0 0
3 1694154368 0 0
0 1694154368 0 0
3 1694154368 0 0
2 0 1456 1220873243
3 21 0 0
2 1 1456 3593645080
3 21 0 0
2 2 1456 3348702194
3 21 0 0
2 3 1456 2432114392
3 21 0 0
2 4 1456 3949986709
3 21 0 0
2 5 1456 1868883058
3 21 0 0
2 6 1456 594125667
3 21 0 0
2 7 1456 954376679
3 21 0 0
2 8 1456 4028029400
3 21 0 0
2 9 1456 3491463893
3 21 0 0
1 1694154368 0 0
1 1694154368 0 0
1 1694154368 0 0
1 1694154368 0 0
1 1694154368 0 0
1 1694154368 0 0
1 1694154368 0 0
1 1694154368 0 0
1 1694154368 0 0
1 1694154368 0 0
0 2290947391 0 0
3 2290947391 0 0
0 2290947391 0 0
3 2290947391 0 0
0 2290947391 0 0
3 2290947391 0 0
0 2290947391 0 0
3 2290947391 0 0
0 2290947391 0 0
3 2290947391 0 0
0 2290947391 0 0
3 2290947391 0 0
0 2290947391 0 0
3 2290947391 0 0
0 2290947391 0 0
3 2290947391 0 0
0 2290947391 0 0
3 2290947391 0 0
0 2290947391 0 0
3 2290947391 0 0
0 1035402928 0 0
3 1035402928 0 0
2 0 1456 1220873243
3 21 0 0
2 1 1456 3593645080
3 21 0 0
2 2 1456 3348702194
3 21 0 0
2 3 1456 2432114392
3 21 0 0
2 4 1456 3949986709
3 21 0 0
2 5 1456 1868883058
3 21 0 0
2 6 1456 594125667
3 21 0 0
2 7 1456 954376679
3 21 0 0
2 8 1456 4028029400
3 21 0 0
2 9 1456 3491463893
3 21 0 0
1 1035402928 0 0
1 1035402928 0 0
1 1035402928 0 0
1 1035402928 0 0
1 1035402928 0 0
1 1035402928 0 0
1 1035402928 0 0
1 1035402928 0 0
1 1035402928 0 0
1 1035402928 0 0
0 4239193276 0 0
3 4239193276 0 0
0 4239193276 0 0
3 4239193276 0 0
0 4239193276 0 0
3 4239193276 0 0
0 4239193276 0 0
3 4239193276 0 0
2 0 1456 1220873243
3 21 0 0
2 1 1456 3593645080
3 21 0 0
2 2 1456 3348702194
3 21 0 0
2 3 1456 2432114392
3 21 0 0
2 4 1456 3949986709
3 21 0 0
2 5 1456 1868883058
3 21 0 0
2 6 1456 594125667
3 21 0 0
2 7 1456 954376679
3 21 0 0
2 8 1456 4028029400
3 21 0 0
2 9 1456 3491463893
3 21 0 0
1 4239193276 0 0
1 4239193276 0 0
1 4239193276 0 0
1 4239193276 0 0
1 4239193276 0 0
1 4239193276 0 0
1 4239193276 0 0
1 4239193276 0 0
1 4239193276 0 0
1 4239193276 0 0
0 1317013948 0 0
3 1317013948 0 0
0 1317013948 0 0
3 1317013948 0 0
0 1317013948 0 0
3 1317013948 0 0
0 1317013948 0 0
3 1317013948 0 0
0 1317013948 0 0
3 1317013948 0 0
0 1317013948 0 0
3 1317013948 0 0
0 1317013948 0 0
3 1317013948 0 0
0 1317013948 0 0
3 1317013948 0 0
2 0 1456 1220873243
3 21 0 0
2 1 1456 3593645080
3 21 0 0
2 2 1456 3348702194
3 21 0 0
2 3 1456 2432114392
3 21 0 0
2 4 1456 3949986709
3 21 0 0
2 5 1456 1868883058
3 21 0 0
2 6 1456 594125667
3 21 0 0
2 7 1456 954376679
3 21 0 0
2 8 1456 4028029400
3 21 0 0
2 9 1456 3491463893
3 21 0 0
1 1317013948 0 0
1 1317013948 0 0
1 1317013948 0 0
1 1317013948 0 0
1 1317013948 0 0
1 1317013948 0 0
1 1317013948 0 0
1 1317013948 0 0
1 1317013948 0 0
1 1317013948 0 0
0 1100432195 0 0
3 1100432195 0 0
0 1100432195 0 0
3 1100432195 0 0
0 1100432195 0 0
3 1100432195 0 0
0 1100432195 0 0
3 1100432195 0 0
2 0 1456 1220873243
3 21 0 0
2 1 1456 3593645080
3 21 0 0
2 2 1456 3348702194
3 21 0 0
2 3 1456 2432114392
3 21 0 0
2 4 1456 3949986709
3 21 0 0
2 5 1456 1868883058
3 21 0 0
2 6 1456 594125667
3 21 0 0
2 7 1456 954376679
3 21 0 0
2 8 1456 4028029400
3 21 0 0
2 9 1456 3491463893
3 21 0 0
1 1100432195 0 0
1 1100432195 0 0
1 1100432195 0 0
1 1100432195 0 0
1 1100432195 0 0
1 1100432195 0 0
1 1100432195 0 0
1 1100432195 0 0
1 1100432195 0 0
1 1100432195 0 0
0 1218440249 0 0
3 1218440249 0 0
0 1218440249 0 0
3 1218440249 0 0
0 1218440249 0 0
3 1218440249 0 0
0 1218440249 0 0
3 1218440249 0 0
0 1218440249 0 0
3 1218440249 0 0
0 1218440249 0 0
3 1218440249 0 0
0 1218440249 0 0
3 1218440249 0 0
2 0 1456 1220873243
3 21 0 0
2 1 1456 3593645080
3 21 0 0
2 2 1456 3348702194
3 21 0 0
2 3 1456 2432114392
3 21 0 0
2 4 1456 3949986709
3 21 0 0
2 5 1456 1868883058
3 21 0 0
2 6 1456 594125667
3 21 0 0
2 7 1456 954376679
3 21 0 0
2 8 1456 4028029400
3 21 0 0
2 9 1456 3491463893
3 21 0 0
1 1218440249 0 0
1 1218440249 0 0
1 1218440249 0 0
1 1218440249 0 0
1 1218440249 0 0
1 1218440249 0 0
1 1218440249 0 0
1 1218440249 0 0
1 1218440249 0 0
1 1218440249 0 0
0 3905657117 0 0
3 3905657117 0 0
0 3905657117 0 0
3 3905657117 0 0
0 3905657117 0 0
3 3905657117 0 0
0 3905657117 0 0
3 3905657117 0 0
0 3905657117 0 0
3 3905657117 0 0
0 3905657117 0 0
3 3905657117 0 0
2 0 1456 1220873243
3 21 0 0
2 1 1456 3593645080
3 21 0 0
2 2 1456 3348702194
3 21 0 0
2 3 1456 2432114392
3 21 0 0
2 4 1456 3949986709
3 21 0 0
2 5 1456 1868883058
3 21 0 0
2 6 1456 594125667
3 21 0 0
2 7 1456 954376679
3 21 0 0
2 8 1456 4028029400
3 21 0 0
2 9 1456 3491463893
3 21 0 0
1 3905657117 0 0
1 3905657117 0 0
1 3905657117 0 0
1 3905657117 0 0
1 3905657117 0 0
1 3905657117 0 0
1 3905657117 0 0
1 3905657117 0 0
1 3905657117 0 0
1 3905657117 0 0
0 3922862088 0 0
3 3922862088 0 0
0 3922862088 0 0
3 3922862088 0 0
0 3922862088 0 0
3 3922862088 0 0
0 3922862088 0 0
3 3922862088 0 0
0 3922862088 0 0
3 3922862088 0 0
2 0 1456 1220873243
3 21 0 0
2 1 1456 3593645080
3 21 0 0
2 2 1456 3348702194
3 21 0 0
2 3 1456 2432114392
3 21 0 0
2 4 1456 3949986709
3 21 0 0
2 5 1456 1868883058
3 21 0 0
2 6 1456 594125667
3 21 0 0
2 7 1456 954376679
3 21 0 0
2 8 1456 4028029400
3 21 0 0
2 9 1456 3491463893
3 21 0 0
1 3922862088 0 0
1 3922862088 0 0
1 3922862088 0 0
1 3922862088 0 0
1 3922862088 0 0
1 3922862088 0 0
1 3922862088 0 0
1 3922862088 0 0
1 3922862088 0 0
1 3922862088 0 0
