0 2053221105 0 0
3 2053221105 0 0
2 0 1456 3591736688
3 1 0 0
2 1 1456 3591736688
3 2 0 0
2 2 1456 3591736688
3 3 0 0
2 3 1456 3591736688
3 4 0 0
2 4 1456 3591736688
3 5 0 0
2 1 1456 3591736688
3 5 0 0
2 2 1456 3591736688
3 5 0 0
2 3 1456 3591736688
3 5 0 0
2 4 1456 3591736688
3 5 0 0
2 5 1456 3591736688
3 6 0 0
2 2 1456 3591736688
3 6 0 0
2 3 1456 3591736688
3 6 0 0
2 4 1456 3591736688
3 6 0 0
2 5 1456 3591736688
3 6 0 0
2 6 1456 3591736688
3 7 0 0
2 3 1456 3591736688
3 7 0 0
2 4 1456 3591736688
3 7 0 0
2 5 1456 3591736688
3 7 0 0
2 6 1456 3591736688
3 7 0 0
2 7 1456 3591736688
3 8 0 0
2 4 1456 3591736688
3 8 0 0
2 5 1456 3591736688
3 8 0 0
2 6 1456 3591736688
3 8 0 0
2 7 1456 3591736688
3 8 0 0
2 8 1456 3591736688
3 9 0 0
2 5 1456 3591736688
3 9 0 0
2 6 1456 3591736688
3 9 0 0
2 7 1456 3591736688
3 9 0 0
2 8 1456 3591736688
3 9 0 0
2 9 1456 3591736688
3 10 0 0
2 6 1456 3591736688
3 10 0 0
2 7 1456 3591736688
3 10 0 0
2 8 1456 3591736688
3 10 0 0
2 9 1456 3591736688
3 10 0 0
2 10 1456 3591736688
3 11 0 0
2 7 1456 3591736688
3 11 0 0
2 8 1456 3591736688
3 11 0 0
2 9 1456 3591736688
3 11 0 0
2 10 1456 3591736688
3 11 0 0
2 11 1456 3591736688
3 12 0 0
2 8 1456 3591736688
3 12 0 0
2 9 1456 3591736688
3 12 0 0
2 10 1456 3591736688
3 12 0 0
2 11 1456 3591736688
3 12 0 0
2 12 1456 3591736688
3 13 0 0
2 9 1456 3591736688
3 13 0 0
2 10 1456 3591736688
3 13 0 0
2 11 1456 3591736688
3 13 0 0
2 12 1456 3591736688
3 13 0 0
2 13 1456 3591736688
3 14 0 0
2 10 1456 3591736688
3 14 0 0
2 11 1456 3591736688
3 14 0 0
2 12 1456 3591736688
3 14 0 0
2 13 1456 3591736688
3 14 0 0
2 14 1456 3591736688
3 15 0 0
2 11 1456 3591736688
3 15 0 0
2 12 1456 3591736688
3 15 0 0
2 13 1456 3591736688
3 15 0 0
2 14 1456 3591736688
3 15 0 0
2 15 1456 3591736688
3 16 0 0
2 12 1456 3591736688
3 16 0 0
2 13 1456 3591736688
3 16 0 0
2 14 1456 3591736688
3 16 0 0
2 15 1456 3591736688
3 16 0 0
2 16 1456 3591736688
3 17 0 0
2 13 1456 3591736688
3 17 0 0
2 14 1456 3591736688
3 17 0 0
2 15 1456 3591736688
3 17 0 0
2 16 1456 3591736688
3 17 0 0
2 17 1456 3591736688
3 18 0 0
2 14 1456 3591736688
3 18 0 0
2 15 1456 3591736688
3 18 0 0
2 16 1456 3591736688
3 18 0 0
2 17 1456 3591736688
3 18 0 0
2 18 1456 3591736688
3 19 0 0
2 15 1456 3591736688
3 19 0 0
2 16 1456 3591736688
3 19 0 0
2 17 1456 3591736688
3 19 0 0
2 18 1456 3591736688
3 19 0 0
2 19 1456 3591736688
3 20 0 0
2 16 1456 3591736688
3 20 0 0
2 17 1456 3591736688
3 20 0 0
2 18 1456 3591736688
3 20 0 0
2 19 1456 3591736688
3 20 0 0
2 20 1456 3591736688
3 21 0 0
2 17 1456 3591736688
3 21 0 0
2 18 1456 3591736688
3 21 0 0
2 19 1456 3591736688
3 21 0 0
2 20 1456 3591736688
3 21 0 0
2 21 1456 3591736688
3 22 0 0
2 18 1456 3591736688
3 22 0 0
2 19 1456 3591736688
3 22 0 0
2 20 1456 3591736688
3 22 0 0
2 21 1456 3591736688
3 22 0 0
2 22 1456 3591736688
3 23 0 0
2 19 1456 3591736688
3 23 0 0
2 20 1456 3591736688
3 23 0 0
2 21 1456 3591736688
3 23 0 0
2 22 1456 3591736688
3 23 0 0
2 23 1456 3591736688
3 24 0 0
2 20 1456 3591736688
3 24 0 0
2 21 1456 3591736688
3 24 0 0
2 22 1456 3591736688
3 24 0 0
2 23 1456 3591736688
3 24 0 0
2 24 1456 3591736688
3 25 0 0
2 21 1456 3591736688
3 25 0 0
2 22 1456 3591736688
3 25 0 0
2 23 1456 3591736688
3 25 0 0
2 24 1456 3591736688
3 25 0 0
2 25 1456 3591736688
3 26 0 0
2 22 1456 3591736688
3 26 0 0
2 23 1456 3591736688
3 26 0 0
2 24 1456 3591736688
3 26 0 0
2 25 1456 3591736688
3 26 0 0
2 26 1456 3591736688
3 27 0 0
2 23 1456 3591736688
3 27 0 0
2 24 1456 3591736688
3 27 0 0
2 25 1456 3591736688
3 27 0 0
2 26 1456 3591736688
3 27 0 0
2 27 1456 3591736688
3 28 0 0
2 24 1456 3591736688
3 28 0 0
2 25 1456 3591736688
3 28 0 0
2 26 1456 3591736688
3 28 0 0
2 27 1456 3591736688
3 28 0 0
2 28 1456 3591736688
3 29 0 0
2 25 1456 3591736688
3 29 0 0
2 26 1456 3591736688
3 29 0 0
2 27 1456 3591736688
3 29 0 0
2 28 1456 3591736688
3 29 0 0
2 29 1456 3591736688
3 30 0 0
2 26 1456 3591736688
3 30 0 0
2 27 1456 3591736688
3 30 0 0
2 28 1456 3591736688
3 30 0 0
2 29 1456 3591736688
3 30 0 0
2 30 1456 3591736688
3 31 0 0
2 27 1456 3591736688
3 31 0 0
2 28 1456 3591736688
3 31 0 0
2 29 1456 3591736688
3 31 0 0
2 30 1456 3591736688
3 31 0 0
2 31 1456 3591736688
3 32 0 0
2 28 1456 3591736688
3 32 0 0
2 29 1456 3591736688
3 32 0 0
2 30 1456 3591736688
3 32 0 0
2 31 1456 3591736688
3 32 0 0
2 32 1456 3591736688
3 33 0 0
2 29 1456 3591736688
3 33 0 0
2 30 1456 3591736688
3 33 0 0
2 31 1456 3591736688
3 33 0 0
2 32 1456 3591736688
3 33 0 0
2 33 1456 3591736688
3 34 0 0
2 30 1456 3591736688
3 34 0 0
2 31 1456 3591736688
3 34 0 0
2 32 1456 3591736688
3 34 0 0
2 33 1456 3591736688
3 34 0 0
2 34 1456 3591736688
3 35 0 0
2 31 1456 3591736688
3 35 0 0
2 32 1456 3591736688
3 35 0 0
2 33 1456 3591736688
3 35 0 0
2 34 1456 3591736688
3 35 0 0
2 35 1456 3591736688
3 36 0 0
2 32 1456 3591736688
3 36 0 0
2 33 1456 3591736688
3 36 0 0
2 34 1456 3591736688
3 36 0 0
2 35 1456 3591736688
3 36 0 0
2 36 1456 3591736688
3 37 0 0
2 33 1456 3591736688
3 37 0 0
2 34 1456 3591736688
3 37 0 0
2 35 1456 3591736688
3 37 0 0
2 36 1456 3591736688
3 37 0 0
2 37 1456 3591736688
3 38 0 0
2 34 1456 3591736688
3 38 0 0
2 35 1456 3591736688
3 38 0 0
2 36 1456 3591736688
3 38 0 0
2 37 1456 3591736688
3 38 0 0
2 38 1456 3591736688
3 39 0 0
2 35 1456 3591736688
3 39 0 0
2 36 1456 3591736688
3 39 0 0
2 37 1456 3591736688
3 39 0 0
2 38 1456 3591736688
3 39 0 0
2 39 1456 3591736688
3 40 0 0
2 36 1456 3591736688
3 40 0 0
2 37 1456 3591736688
3 40 0 0
2 38 1456 3591736688
3 40 0 0
2 39 1456 3591736688
3 40 0 0
2 40 1456 3591736688
3 41 0 0
2 37 1456 3591736688
3 41 0 0
2 38 1456 3591736688
3 41 0 0
2 39 1456 3591736688
3 41 0 0
2 40 1456 3591736688
3 41 0 0
2 41 1456 3591736688
3 42 0 0
2 38 1456 3591736688
3 42 0 0
2 39 1456 3591736688
3 42 0 0
2 40 1456 3591736688
3 42 0 0
2 41 1456 3591736688
3 42 0 0
2 42 1456 3591736688
3 43 0 0
2 39 1456 3591736688
3 43 0 0
2 40 1456 3591736688
3 43 0 0
2 41 1456 3591736688
3 43 0 0
2 42 1456 3591736688
3 43 0 0
2 43 1456 3591736688
3 44 0 0
2 40 1456 3591736688
3 44 0 0
2 41 1456 3591736688
3 44 0 0
2 42 1456 3591736688
3 44 0 0
2 43 1456 3591736688
3 44 0 0
2 44 1456 3591736688
3 45 0 0
2 41 1456 3591736688
3 45 0 0
2 42 1456 3591736688
3 45 0 0
2 43 1456 3591736688
3 45 0 0
2 44 1456 3591736688
3 45 0 0
2 45 1456 3591736688
3 46 0 0
2 42 1456 3591736688
3 46 0 0
2 43 1456 3591736688
3 46 0 0
2 44 1456 3591736688
3 46 0 0
2 45 1456 3591736688
3 46 0 0
2 46 1456 3591736688
3 47 0 0
2 43 1456 3591736688
3 47 0 0
2 44 1456 3591736688
3 47 0 0
2 45 1456 3591736688
3 47 0 0
2 46 1456 3591736688
3 47 0 0
2 47 1456 3591736688
3 48 0 0
2 44 1456 3591736688
3 48 0 0
2 45 1456 3591736688
3 48 0 0
2 46 1456 3591736688
3 48 0 0
2 47 1456 3591736688
3 48 0 0
2 48 1456 3591736688
3 49 0 0
2 45 1456 3591736688
3 49 0 0
2 46 1456 3591736688
3 49 0 0
2 47 1456 3591736688
3 49 0 0
2 48 1456 3591736688
3 49 0 0
2 49 1456 3591736688
3 50 0 0
2 46 1456 3591736688
3 50 0 0
2 47 1456 3591736688
3 50 0 0
2 48 1456 3591736688
3 50 0 0
2 49 1456 3591736688
3 50 0 0
2 50 1456 3591736688
3 51 0 0
2 47 1456 3591736688
3 51 0 0
2 48 1456 3591736688
3 51 0 0
2 49 1456 3591736688
3 51 0 0
2 50 1456 3591736688
3 51 0 0
2 51 1456 3591736688
3 52 0 0
2 48 1456 3591736688
3 52 0 0
2 49 1456 3591736688
3 52 0 0
2 50 1456 3591736688
3 52 0 0
2 51 1456 3591736688
3 52 0 0
2 52 1456 3591736688
3 53 0 0
2 49 1456 3591736688
3 53 0 0
2 50 1456 3591736688
3 53 0 0
2 51 1456 3591736688
3 53 0 0
2 52 1456 3591736688
3 53 0 0
2 53 1456 3591736688
3 54 0 0
2 50 1456 3591736688
3 54 0 0
2 51 1456 3591736688
3 54 0 0
2 52 1456 3591736688
3 54 0 0
2 53 1456 3591736688
3 54 0 0
2 54 1456 3591736688
3 55 0 0
2 51 1456 3591736688
3 55 0 0
2 52 1456 3591736688
3 55 0 0
2 53 1456 3591736688
3 55 0 0
2 54 1456 3591736688
3 55 0 0
2 55 1456 3591736688
3 56 0 0
2 52 1456 3591736688
3 56 0 0
2 53 1456 3591736688
3 56 0 0
2 54 1456 3591736688
3 56 0 0
2 55 1456 3591736688
3 56 0 0
2 56 1456 3591736688
3 57 0 0
2 53 1456 3591736688
3 57 0 0
2 54 1456 3591736688
3 57 0 0
2 55 1456 3591736688
3 57 0 0
2 56 1456 3591736688
3 57 0 0
2 57 1456 3591736688
3 58 0 0
2 54 1456 3591736688
3 58 0 0
2 55 1456 3591736688
3 58 0 0
2 56 1456 3591736688
3 58 0 0
2 57 1456 3591736688
3 58 0 0
2 58 1456 3591736688
3 59 0 0
2 55 1456 3591736688
3 59 0 0
2 56 1456 3591736688
3 59 0 0
2 57 1456 3591736688
3 59 0 0
2 58 1456 3591736688
3 59 0 0
2 59 1456 3591736688
3 60 0 0
2 56 1456 3591736688
3 60 0 0
2 57 1456 3591736688
3 60 0 0
2 58 1456 3591736688
3 60 0 0
2 59 1456 3591736688
3 60 0 0
2 60 1456 3591736688
3 61 0 0
2 57 1456 3591736688
3 61 0 0
2 58 1456 3591736688
3 61 0 0
2 59 1456 3591736688
3 61 0 0
2 60 1456 3591736688
3 61 0 0
2 61 1456 3591736688
3 62 0 0
2 58 1456 3591736688
3 62 0 0
2 59 1456 3591736688
3 62 0 0
2 60 1456 3591736688
3 62 0 0
2 61 1456 3591736688
3 62 0 0
2 62 1456 3591736688
3 63 0 0
2 59 1456 3591736688
3 63 0 0
2 60 1456 3591736688
3 63 0 0
2 61 1456 3591736688
3 63 0 0
2 62 1456 3591736688
3 63 0 0
2 63 1456 3591736688
3 64 0 0
2 60 1456 3591736688
3 64 0 0
2 61 1456 3591736688
3 64 0 0
2 62 1456 3591736688
3 64 0 0
2 63 1456 3591736688
3 64 0 0
2 64 1456 3591736688
3 65 0 0
2 61 1456 3591736688
3 65 0 0
2 62 1456 3591736688
3 65 0 0
2 63 1456 3591736688
3 65 0 0
2 64 1456 3591736688
3 65 0 0
2 65 1456 3591736688
3 66 0 0
2 62 1456 3591736688
3 66 0 0
2 63 1456 3591736688
3 66 0 0
2 64 1456 3591736688
3 66 0 0
2 65 1456 3591736688
3 66 0 0
2 66 1456 3591736688
3 67 0 0
2 63 1456 3591736688
3 67 0 0
2 64 1456 3591736688
3 67 0 0
2 65 1456 3591736688
3 67 0 0
2 66 1456 3591736688
3 67 0 0
2 67 1456 3591736688
3 68 0 0
2 64 1456 3591736688
3 68 0 0
2 65 1456 3591736688
3 68 0 0
2 66 1456 3591736688
3 68 0 0
2 67 1456 3591736688
3 68 0 0
2 68 1456 3591736688
3 69 0 0
2 65 1456 3591736688
3 69 0 0
2 66 1456 3591736688
3 69 0 0
2 67 1456 3591736688
3 69 0 0
2 68 1456 3591736688
3 69 0 0
2 69 1456 3591736688
3 70 0 0
2 66 1456 3591736688
3 70 0 0
2 67 1456 3591736688
3 70 0 0
2 68 1456 3591736688
3 70 0 0
2 69 1456 3591736688
3 70 0 0
2 70 1456 3591736688
3 71 0 0
2 67 1456 3591736688
3 71 0 0
2 68 1456 3591736688
3 71 0 0
2 69 1456 3591736688
3 71 0 0
2 70 1456 3591736688
3 71 0 0
2 71 1456 3591736688
3 72 0 0
2 68 1456 3591736688
3 72 0 0
2 69 1456 3591736688
3 72 0 0
2 70 1456 3591736688
3 72 0 0
2 71 1456 3591736688
3 72 0 0
2 72 1456 3591736688
3 73 0 0
2 69 1456 3591736688
3 73 0 0
2 70 1456 3591736688
3 73 0 0
2 71 1456 3591736688
3 73 0 0
2 72 1456 3591736688
3 73 0 0
2 73 1456 3591736688
3 74 0 0
2 70 1456 3591736688
3 74 0 0
2 71 1456 3591736688
3 74 0 0
2 72 1456 3591736688
3 74 0 0
2 73 1456 3591736688
3 74 0 0
2 74 1456 3591736688
3 75 0 0
2 71 1456 3591736688
3 75 0 0
2 72 1456 3591736688
3 75 0 0
2 73 1456 3591736688
3 75 0 0
2 74 1456 3591736688
3 75 0 0
2 75 1456 3591736688
3 76 0 0
2 72 1456 3591736688
3 76 0 0
2 73 1456 3591736688
3 76 0 0
2 74 1456 3591736688
3 76 0 0
2 75 1456 3591736688
3 76 0 0
2 76 1456 3591736688
3 77 0 0
2 73 1456 3591736688
3 77 0 0
2 74 1456 3591736688
3 77 0 0
2 75 1456 3591736688
3 77 0 0
2 76 1456 3591736688
3 77 0 0
2 77 1456 3591736688
3 78 0 0
2 74 1456 3591736688
3 78 0 0
2 75 1456 3591736688
3 78 0 0
2 76 1456 3591736688
3 78 0 0
2 77 1456 3591736688
3 78 0 0
2 78 1456 3591736688
3 79 0 0
2 75 1456 3591736688
3 79 0 0
2 76 1456 3591736688
3 79 0 0
2 77 1456 3591736688
3 79 0 0
2 78 1456 3591736688
3 79 0 0
2 79 1456 3591736688
3 80 0 0
2 76 1456 3591736688
3 80 0 0
2 77 1456 3591736688
3 80 0 0
2 78 1456 3591736688
3 80 0 0
2 79 1456 3591736688
3 80 0 0
2 80 1456 3591736688
3 81 0 0
2 77 1456 3591736688
3 81 0 0
2 78 1456 3591736688
3 81 0 0
2 79 1456 3591736688
3 81 0 0
2 80 1456 3591736688
3 81 0 0
2 81 1456 3591736688
3 82 0 0
2 78 1456 3591736688
3 82 0 0
2 79 1456 3591736688
3 82 0 0
2 80 1456 3591736688
3 82 0 0
2 81 1456 3591736688
3 82 0 0
2 82 1456 3591736688
3 83 0 0
2 79 1456 3591736688
3 83 0 0
2 80 1456 3591736688
3 83 0 0
2 81 1456 3591736688
3 83 0 0
2 82 1456 3591736688
3 83 0 0
2 83 1456 3591736688
3 84 0 0
2 80 1456 3591736688
3 84 0 0
2 81 1456 3591736688
3 84 0 0
2 82 1456 3591736688
3 84 0 0
2 83 1456 3591736688
3 84 0 0
2 84 1456 3591736688
3 85 0 0
2 81 1456 3591736688
3 85 0 0
2 82 1456 3591736688
3 85 0 0
2 83 1456 3591736688
3 85 0 0
2 84 1456 3591736688
3 85 0 0
2 85 1456 3591736688
3 86 0 0
2 82 1456 3591736688
3 86 0 0
2 83 1456 3591736688
3 86 0 0
2 84 1456 3591736688
3 86 0 0
2 85 1456 3591736688
3 86 0 0
2 86 1456 3591736688
3 87 0 0
2 83 1456 3591736688
3 87 0 0
2 84 1456 3591736688
3 87 0 0
2 85 1456 3591736688
3 87 0 0
2 86 1456 3591736688
3 87 0 0
2 87 1456 3591736688
3 88 0 0
2 84 1456 3591736688
3 88 0 0
2 85 1456 3591736688
3 88 0 0
2 86 1456 3591736688
3 88 0 0
2 87 1456 3591736688
3 88 0 0
2 88 1456 3591736688
3 89 0 0
2 85 1456 3591736688
3 89 0 0
2 86 1456 3591736688
3 89 0 0
2 87 1456 3591736688
3 89 0 0
2 88 1456 3591736688
3 89 0 0
2 89 1456 3591736688
3 90 0 0
2 86 1456 3591736688
3 90 0 0
2 87 1456 3591736688
3 90 0 0
2 88 1456 3591736688
3 90 0 0
2 89 1456 3591736688
3 90 0 0
2 90 1456 3591736688
3 91 0 0
2 87 1456 3591736688
3 91 0 0
2 88 1456 3591736688
3 91 0 0
2 89 1456 3591736688
3 91 0 0
2 90 1456 3591736688
3 91 0 0
2 91 1456 3591736688
3 92 0 0
2 88 1456 3591736688
3 92 0 0
2 89 1456 3591736688
3 92 0 0
2 90 1456 3591736688
3 92 0 0
2 91 1456 3591736688
3 92 0 0
2 92 1456 3591736688
3 93 0 0
2 89 1456 3591736688
3 93 0 0
2 90 1456 3591736688
3 93 0 0
2 91 1456 3591736688
3 93 0 0
2 92 1456 3591736688
3 93 0 0
2 93 1456 3591736688
3 94 0 0
2 90 1456 3591736688
3 94 0 0
2 91 1456 3591736688
3 94 0 0
2 92 1456 3591736688
3 94 0 0
2 93 1456 3591736688
3 94 0 0
2 94 1456 3591736688
3 95 0 0
2 91 1456 3591736688
3 95 0 0
2 92 1456 3591736688
3 95 0 0
2 93 1456 3591736688
3 95 0 0
2 94 1456 3591736688
3 95 0 0
2 95 1456 3591736688
3 96 0 0
2 92 1456 3591736688
3 96 0 0
2 93 1456 3591736688
3 96 0 0
2 94 1456 3591736688
3 96 0 0
2 95 1456 3591736688
3 96 0 0
2 96 1456 3591736688
3 97 0 0
2 93 1456 3591736688
3 97 0 0
2 94 1456 3591736688
3 97 0 0
2 95 1456 3591736688
3 97 0 0
2 96 1456 3591736688
3 97 0 0
2 97 1456 3591736688
3 98 0 0
2 94 1456 3591736688
3 98 0 0
2 95 1456 3591736688
3 98 0 0
2 96 1456 3591736688
3 98 0 0
2 97 1456 3591736688
3 98 0 0
2 98 1456 3591736688
3 99 0 0
2 95 1456 3591736688
3 99 0 0
2 96 1456 3591736688
3 99 0 0
2 97 1456 3591736688
3 99 0 0
2 98 1456 3591736688
3 99 0 0
2 99 1456 3591736688
3 100 0 0
2 96 1456 3591736688
3 100 0 0
2 97 1456 3591736688
3 100 0 0
2 98 1456 3591736688
3 100 0 0
2 99 1456 3591736688
3 100 0 0
2 100 1456 3591736688
3 101 0 0
2 97 1456 3591736688
3 101 0 0
2 98 1456 3591736688
3 101 0 0
2 99 1456 3591736688
3 101 0 0
2 100 1456 3591736688
3 101 0 0
2 101 1456 3591736688
3 102 0 0
2 98 1456 3591736688
3 102 0 0
2 99 1456 3591736688
3 102 0 0
2 100 1456 3591736688
3 102 0 0
2 101 1456 3591736688
3 102 0 0
2 102 1456 3591736688
3 103 0 0
2 99 1456 3591736688
3 103 0 0
2 100 1456 3591736688
3 103 0 0
2 101 1456 3591736688
3 103 0 0
2 102 1456 3591736688
3 103 0 0
2 103 1456 3591736688
3 104 0 0
2 100 1456 3591736688
3 104 0 0
2 101 1456 3591736688
3 104 0 0
2 102 1456 3591736688
3 104 0 0
2 103 1456 3591736688
3 104 0 0
2 104 1456 3591736688
3 105 0 0
2 101 1456 3591736688
3 105 0 0
2 102 1456 3591736688
3 105 0 0
2 103 1456 3591736688
3 105 0 0
2 104 1456 3591736688
3 105 0 0
2 105 1456 3591736688
3 106 0 0
2 102 1456 3591736688
3 106 0 0
2 103 1456 3591736688
3 106 0 0
2 104 1456 3591736688
3 106 0 0
2 105 1456 3591736688
3 106 0 0
2 106 1456 3591736688
3 107 0 0
2 103 1456 3591736688
3 107 0 0
2 104 1456 3591736688
3 107 0 0
2 105 1456 3591736688
3 107 0 0
2 106 1456 3591736688
3 107 0 0
2 107 1456 3591736688
3 108 0 0
2 104 1456 3591736688
3 108 0 0
2 105 1456 3591736688
3 108 0 0
2 106 1456 3591736688
3 108 0 0
2 107 1456 3591736688
3 108 0 0
2 108 1456 3591736688
3 109 0 0
2 105 1456 3591736688
3 109 0 0
2 106 1456 3591736688
3 109 0 0
2 107 1456 3591736688
3 109 0 0
2 108 1456 3591736688
3 109 0 0
2 109 1456 3591736688
3 110 0 0
2 106 1456 3591736688
3 110 0 0
2 107 1456 3591736688
3 110 0 0
2 108 1456 3591736688
3 110 0 0
2 109 1456 3591736688
3 110 0 0
2 110 1456 3591736688
3 111 0 0
2 107 1456 3591736688
3 111 0 0
2 108 1456 3591736688
3 111 0 0
2 109 1456 3591736688
3 111 0 0
2 110 1456 3591736688
3 111 0 0
2 111 1456 3591736688
3 112 0 0
2 108 1456 3591736688
3 112 0 0
2 109 1456 3591736688
3 112 0 0
2 110 1456 3591736688
3 112 0 0
2 111 1456 3591736688
3 112 0 0
2 112 1456 3591736688
3 113 0 0
2 109 1456 3591736688
3 113 0 0
2 110 1456 3591736688
3 113 0 0
2 111 1456 3591736688
3 113 0 0
2 112 1456 3591736688
3 113 0 0
2 113 1456 3591736688
3 114 0 0
2 110 1456 3591736688
3 114 0 0
2 111 1456 3591736688
3 114 0 0
2 112 1456 3591736688
3 114 0 0
2 113 1456 3591736688
3 114 0 0
2 114 1456 3591736688
3 115 0 0
2 111 1456 3591736688
3 115 0 0
2 112 1456 3591736688
3 115 0 0
2 113 1456 3591736688
3 115 0 0
2 114 1456 3591736688
3 115 0 0
2 115 1456 3591736688
3 116 0 0
2 112 1456 3591736688
3 116 0 0
2 113 1456 3591736688
3 116 0 0
2 114 1456 3591736688
3 116 0 0
2 115 1456 3591736688
3 116 0 0
2 116 1456 3591736688
3 117 0 0
2 113 1456 3591736688
3 117 0 0
2 114 1456 3591736688
3 117 0 0
2 115 1456 3591736688
3 117 0 0
2 116 1456 3591736688
3 117 0 0
2 117 1456 3591736688
3 118 0 0
2 114 1456 3591736688
3 118 0 0
2 115 1456 3591736688
3 118 0 0
2 116 1456 3591736688
3 118 0 0
2 117 1456 3591736688
3 118 0 0
2 118 1456 3591736688
3 119 0 0
2 115 1456 3591736688
3 119 0 0
2 116 1456 3591736688
3 119 0 0
2 117 1456 3591736688
3 119 0 0
2 118 1456 3591736688
3 119 0 0
2 119 1456 3591736688
3 120 0 0
2 116 1456 3591736688
3 120 0 0
2 117 1456 3591736688
3 120 0 0
2 118 1456 3591736688
3 120 0 0
2 119 1456 3591736688
3 120 0 0
2 120 1456 3591736688
3 121 0 0
2 117 1456 3591736688
3 121 0 0
2 118 1456 3591736688
3 121 0 0
2 119 1456 3591736688
3 121 0 0
2 120 1456 3591736688
3 121 0 0
2 121 1456 3591736688
3 122 0 0
2 118 1456 3591736688
3 122 0 0
2 119 1456 3591736688
3 122 0 0
2 120 1456 3591736688
3 122 0 0
2 121 1456 3591736688
3 122 0 0
2 122 1456 3591736688
3 123 0 0
2 119 1456 3591736688
3 123 0 0
2 120 1456 3591736688
3 123 0 0
2 121 1456 3591736688
3 123 0 0
2 122 1456 3591736688
3 123 0 0
2 123 1456 3591736688
3 124 0 0
2 120 1456 3591736688
3 124 0 0
2 121 1456 3591736688
3 124 0 0
2 122 1456 3591736688
3 124 0 0
2 123 1456 3591736688
3 124 0 0
2 124 1456 3591736688
3 125 0 0
2 121 1456 3591736688
3 125 0 0
2 122 1456 3591736688
3 125 0 0
2 123 1456 3591736688
3 125 0 0
2 124 1456 3591736688
3 125 0 0
2 125 1456 3591736688
3 126 0 0
2 122 1456 3591736688
3 126 0 0
2 123 1456 3591736688
3 126 0 0
2 124 1456 3591736688
3 126 0 0
2 125 1456 3591736688
3 126 0 0
2 126 1456 3591736688
3 127 0 0
2 123 1456 3591736688
3 127 0 0
2 124 1456 3591736688
3 127 0 0
2 125 1456 3591736688
3 127 0 0
2 126 1456 3591736688
3 127 0 0
2 127 1456 3591736688
3 128 0 0
2 124 1456 3591736688
3 128 0 0
2 125 1456 3591736688
3 128 0 0
2 126 1456 3591736688
3 128 0 0
2 127 1456 3591736688
3 128 0 0
2 128 1456 3591736688
3 129 0 0
2 125 1456 3591736688
3 129 0 0
2 126 1456 3591736688
3 129 0 0
2 127 1456 3591736688
3 129 0 0
2 128 1456 3591736688
3 129 0 0
2 129 1456 3591736688
3 130 0 0
2 126 1456 3591736688
3 130 0 0
2 127 1456 3591736688
3 130 0 0
2 128 1456 3591736688
3 130 0 0
2 129 1456 3591736688
3 130 0 0
2 130 1456 3591736688
3 131 0 0
2 127 1456 3591736688
3 131 0 0
2 128 1456 3591736688
3 131 0 0
2 129 1456 3591736688
3 131 0 0
2 130 1456 3591736688
3 131 0 0
2 131 1456 3591736688
3 132 0 0
2 128 1456 3591736688
3 132 0 0
2 129 1456 3591736688
3 132 0 0
2 130 1456 3591736688
3 132 0 0
2 131 1456 3591736688
3 132 0 0
2 132 1456 3591736688
3 133 0 0
2 129 1456 3591736688
3 133 0 0
2 130 1456 3591736688
3 133 0 0
2 131 1456 3591736688
3 133 0 0
2 132 1456 3591736688
3 133 0 0
2 133 1456 3591736688
3 134 0 0
2 130 1456 3591736688
3 134 0 0
2 131 1456 3591736688
3 134 0 0
2 132 1456 3591736688
3 134 0 0
2 133 1456 3591736688
3 134 0 0
2 134 1456 3591736688
3 135 0 0
2 131 1456 3591736688
3 135 0 0
2 132 1456 3591736688
3 135 0 0
2 133 1456 3591736688
3 135 0 0
2 134 1456 3591736688
3 135 0 0
2 135 1456 3591736688
3 136 0 0
2 132 1456 3591736688
3 136 0 0
2 133 1456 3591736688
3 136 0 0
2 134 1456 3591736688
3 136 0 0
2 135 1456 3591736688
3 136 0 0
2 136 1456 3591736688
3 137 0 0
2 133 1456 3591736688
3 137 0 0
2 134 1456 3591736688
3 137 0 0
2 135 1456 3591736688
3 137 0 0
2 136 1456 3591736688
3 137 0 0
2 137 530 3052242907
3 138 0 0
2 134 1456 3591736688
3 138 0 0
2 135 1456 3591736688
3 138 0 0
2 136 1456 3591736688
3 138 0 0
2 137 530 3052242907
3 138 0 0
2 135 1456 3591736688
3 138 0 0
2 136 1456 3591736688
3 138 0 0
2 137 530 3052242907
3 138 0 0
2 136 1456 3591736688
3 138 0 0
2 137 530 3052242907
3 138 0 0
2 137 530 3052242907
3 138 0 0
1 2053221105 0 0
3 2053221105 0 0
