0 2573412620 0 0
3 2573412620 0 0
2 0 1456 1893512335
3 1 0 0
2 1 1456 1893512335
3 2 0 0
2 2 1456 1893512335
3 3 0 0
2 3 1456 1893512335
3 4 0 0
2 4 1456 1893512335
3 5 0 0
2 1 1456 1893512335
3 5 0 0
2 2 1456 1893512335
3 5 0 0
2 3 1456 1893512335
3 5 0 0
2 4 1456 1893512335
3 5 0 0
2 5 1456 1893512335
3 6 0 0
2 2 1456 1893512335
3 6 0 0
2 3 1456 1893512335
3 6 0 0
2 4 1456 1893512335
3 6 0 0
2 5 1456 1893512335
3 6 0 0
2 6 1456 1893512335
3 7 0 0
2 3 1456 1893512335
3 7 0 0
2 4 1456 1893512335
3 7 0 0
2 5 1456 1893512335
3 7 0 0
2 6 1456 1893512335
3 7 0 0
2 7 1456 1893512335
3 8 0 0
2 4 1456 1893512335
3 8 0 0
2 5 1456 1893512335
3 8 0 0
2 6 1456 1893512335
3 8 0 0
2 7 1456 1893512335
3 8 0 0
2 8 1456 1893512335
3 9 0 0
2 5 1456 1893512335
3 9 0 0
2 6 1456 1893512335
3 9 0 0
2 7 1456 1893512335
3 9 0 0
2 8 1456 1893512335
3 9 0 0
2 9 1456 1893512335
3 10 0 0
0 2894748019 0 0
3 2894748019 0 0
2 0 1456 1893512335
3 10 0 0
2 1 1456 1893512335
3 10 0 0
2 2 1456 1893512335
3 10 0 0
2 3 1456 1893512335
3 10 0 0
2 4 1456 1893512335
3 10 0 0
2 10 1456 1893512335
3 11 0 0
2 11 1456 1893512335
3 12 0 0
2 12 1456 1893512335
3 13 0 0
2 13 1456 1893512335
3 14 0 0
2 14 1456 1893512335
3 15 0 0
2 11 1456 1893512335
3 15 0 0
2 12 1456 1893512335
3 15 0 0
2 13 1456 1893512335
3 15 0 0
2 14 1456 1893512335
3 15 0 0
2 15 1456 1893512335
3 16 0 0
2 12 1456 1893512335
3 16 0 0
2 13 1456 1893512335
3 16 0 0
2 14 1456 1893512335
3 16 0 0
2 15 1456 1893512335
3 16 0 0
2 16 1456 1893512335
3 17 0 0
2 13 1456 1893512335
3 17 0 0
2 14 1456 1893512335
3 17 0 0
2 15 1456 1893512335
3 17 0 0
2 16 1456 1893512335
3 17 0 0
2 17 1456 1893512335
3 18 0 0
2 14 1456 1893512335
3 18 0 0
2 15 1456 1893512335
3 18 0 0
2 16 1456 1893512335
3 18 0 0
2 17 1456 1893512335
3 18 0 0
2 18 1456 1893512335
3 19 0 0
2 15 1456 1893512335
3 19 0 0
2 16 1456 1893512335
3 19 0 0
2 17 1456 1893512335
3 19 0 0
2 18 1456 1893512335
3 19 0 0
2 19 1456 1893512335
3 20 0 0
2 16 1456 1893512335
3 20 0 0
2 17 1456 1893512335
3 20 0 0
2 18 1456 1893512335
3 20 0 0
2 19 1456 1893512335
3 20 0 0
2 20 1456 1893512335
3 21 0 0
2 17 1456 1893512335
3 21 0 0
2 18 1456 1893512335
3 21 0 0
2 19 1456 1893512335
3 21 0 0
2 20 1456 1893512335
3 21 0 0
2 21 1456 1893512335
3 22 0 0
2 18 1456 1893512335
3 22 0 0
2 19 1456 1893512335
3 22 0 0
2 20 1456 1893512335
3 22 0 0
2 21 1456 1893512335
3 22 0 0
2 22 1456 1893512335
3 23 0 0
2 19 1456 1893512335
3 23 0 0
2 20 1456 1893512335
3 23 0 0
2 21 1456 1893512335
3 23 0 0
2 22 1456 1893512335
3 23 0 0
2 23 1456 1893512335
3 24 0 0
2 20 1456 1893512335
3 24 0 0
2 21 1456 1893512335
3 24 0 0
2 22 1456 1893512335
3 24 0 0
2 23 1456 1893512335
3 24 0 0
2 24 1456 1893512335
3 25 0 0
2 21 1456 1893512335
3 25 0 0
2 22 1456 1893512335
3 25 0 0
2 23 1456 1893512335
3 25 0 0
2 24 1456 1893512335
3 25 0 0
2 25 1456 1893512335
3 26 0 0
2 22 1456 1893512335
3 26 0 0
2 23 1456 1893512335
3 26 0 0
2 24 1456 1893512335
3 26 0 0
2 25 1456 1893512335
3 26 0 0
2 26 1456 1893512335
3 27 0 0
2 23 1456 1893512335
3 27 0 0
2 24 1456 1893512335
3 27 0 0
2 25 1456 1893512335
3 27 0 0
2 26 1456 1893512335
3 27 0 0
2 27 1456 1893512335
3 28 0 0
2 24 1456 1893512335
3 28 0 0
2 25 1456 1893512335
3 28 0 0
2 26 1456 1893512335
3 28 0 0
2 27 1456 1893512335
3 28 0 0
2 28 1456 1893512335
3 29 0 0
2 25 1456 1893512335
3 29 0 0
2 26 1456 1893512335
3 29 0 0
2 27 1456 1893512335
3 29 0 0
2 28 1456 1893512335
3 29 0 0
2 29 1456 1893512335
3 30 0 0
2 26 1456 1893512335
3 30 0 0
2 27 1456 1893512335
3 30 0 0
2 28 1456 1893512335
3 30 0 0
2 29 1456 1893512335
3 30 0 0
2 30 1456 1893512335
3 31 0 0
2 27 1456 1893512335
3 31 0 0
2 28 1456 1893512335
3 31 0 0
2 29 1456 1893512335
3 31 0 0
2 30 1456 1893512335
3 31 0 0
2 31 1456 1893512335
3 32 0 0
2 28 1456 1893512335
3 32 0 0
2 29 1456 1893512335
3 32 0 0
2 30 1456 1893512335
3 32 0 0
2 31 1456 1893512335
3 32 0 0
2 32 1456 1893512335
3 33 0 0
2 29 1456 1893512335
3 33 0 0
2 30 1456 1893512335
3 33 0 0
2 31 1456 1893512335
3 33 0 0
2 32 1456 1893512335
3 33 0 0
2 33 1456 1893512335
3 34 0 0
2 30 1456 1893512335
3 34 0 0
2 31 1456 1893512335
3 34 0 0
2 32 1456 1893512335
3 34 0 0
2 33 1456 1893512335
3 34 0 0
2 34 498 2128858793
3 35 0 0
2 31 1456 1893512335
3 35 0 0
2 32 1456 1893512335
3 35 0 0
2 33 1456 1893512335
3 35 0 0
2 34 498 2128858793
3 35 0 0
2 32 1456 1893512335
3 35 0 0
2 33 1456 1893512335
3 35 0 0
2 34 498 2128858793
3 35 0 0
2 33 1456 1893512335
3 35 0 0
2 34 498 2128858793
3 35 0 0
2 34 498 2128858793
3 35 0 0
1 2894748019 0 0
1 2894748019 0 0
1 2894748019 0 0
1 2894748019 0 0
1 2894748019 0 0
1 2894748019 0 0
1 2894748019 0 0
1 2894748019 0 0
1 2894748019 0 0
1 2894748019 0 0
0 2330992615 0 0
3 2330992615 0 0
2 0 1456 1893512335
3 35 0 0
2 1 1456 1893512335
3 35 0 0
2 2 1456 1893512335
3 35 0 0
2 3 1456 1893512335
3 35 0 0
2 4 1456 1893512335
3 35 0 0
1 2330992615 0 0
1 2330992615 0 0
1 2330992615 0 0
1 2330992615 0 0
1 2330992615 0 0
1 2330992615 0 0
1 2330992615 0 0
1 2330992615 0 0
1 2330992615 0 0
1 2330992615 0 0
0 316710720 0 0
3 316710720 0 0
2 0 1456 1893512335
3 35 0 0
2 1 1456 1893512335
3 35 0 0
2 2 1456 1893512335
3 35 0 0
2 3 1456 1893512335
3 35 0 0
2 4 1456 1893512335
3 35 0 0
1 316710720 0 0
1 316710720 0 0
1 316710720 0 0
1 316710720 0 0
1 316710720 0 0
1 316710720 0 0
1 316710720 0 0
1 316710720 0 0
1 316710720 0 0
1 316710720 0 0
0 853077321 0 0
3 853077321 0 0
2 0 1456 1893512335
3 35 0 0
2 1 1456 1893512335
3 35 0 0
2 2 1456 1893512335
3 35 0 0
2 3 1456 1893512335
3 35 0 0
2 4 1456 1893512335
3 35 0 0
0 1258194940 0 0
3 1258194940 0 0
2 0 1456 1893512335
3 35 0 0
2 1 1456 1893512335
3 35 0 0
2 2 1456 1893512335
3 35 0 0
2 3 1456 1893512335
3 35 0 0
2 4 1456 1893512335
3 35 0 0
1 1258194940 0 0
1 1258194940 0 0
1 1258194940 0 0
1 1258194940 0 0
1 1258194940 0 0
1 1258194940 0 0
1 1258194940 0 0
1 1258194940 0 0
1 1258194940 0 0
1 1258194940 0 0
0 3332077163 0 0
3 3332077163 0 0
2 0 1456 1893512335
3 35 0 0
2 1 1456 1893512335
3 35 0 0
2 2 1456 1893512335
3 35 0 0
2 3 1456 1893512335
3 35 0 0
2 4 1456 1893512335
3 35 0 0
1 3332077163 0 0
1 3332077163 0 0
1 3332077163 0 0
1 3332077163 0 0
1 3332077163 0 0
1 3332077163 0 0
1 3332077163 0 0
1 3332077163 0 0
1 3332077163 0 0
1 3332077163 0 0
0 2754716434 0 0
3 2754716434 0 0
2 0 1456 1893512335
3 35 0 0
2 1 1456 1893512335
3 35 0 0
2 2 1456 1893512335
3 35 0 0
2 3 1456 1893512335
3 35 0 0
2 4 1456 1893512335
3 35 0 0
1 2754716434 0 0
1 2754716434 0 0
1 2754716434 0 0
1 2754716434 0 0
1 2754716434 0 0
1 2754716434 0 0
1 2754716434 0 0
1 2754716434 0 0
1 2754716434 0 0
1 2754716434 0 0
0 1841044190 0 0
3 1841044190 0 0
0 1841044190 0 0
3 1841044190 0 0
0 1841044190 0 0
3 1841044190 0 0
2 0 1456 1893512335
3 35 0 0
2 1 1456 1893512335
3 35 0 0
2 2 1456 1893512335
3 35 0 0
2 3 1456 1893512335
3 35 0 0
2 4 1456 1893512335
3 35 0 0
1 1841044190 0 0
1 1841044190 0 0
1 1841044190 0 0
1 1841044190 0 0
1 1841044190 0 0
1 1841044190 0 0
1 1841044190 0 0
1 1841044190 0 0
1 1841044190 0 0
1 1841044190 0 0
0 1987583717 0 0
3 1987583717 0 0
2 0 1456 1893512335
3 35 0 0
2 1 1456 1893512335
3 35 0 0
2 2 1456 1893512335
3 35 0 0
2 3 1456 1893512335
3 35 0 0
2 4 1456 1893512335
3 35 0 0
1 1987583717 0 0
1 1987583717 0 0
1 1987583717 0 0
1 1987583717 0 0
1 1987583717 0 0
1 1987583717 0 0
1 1987583717 0 0
1 1987583717 0 0
1 1987583717 0 0
1 1987583717 0 0
0 86029893 0 0
3 86029893 0 0
2 0 1456 1893512335
3 35 0 0
2 1 1456 1893512335
3 35 0 0
2 2 1456 1893512335
3 35 0 0
2 3 1456 1893512335
3 35 0 0
2 4 1456 1893512335
3 35 0 0
1 86029893 0 0
1 86029893 0 0
1 86029893 0 0
1 86029893 0 0
1 86029893 0 0
1 86029893 0 0
1 86029893 0 0
1 86029893 0 0
1 86029893 0 0
1 86029893 0 0
0 308304719 0 0
3 308304719 0 0
2 0 1456 1893512335
3 35 0 0
2 1 1456 1893512335
3 35 0 0
2 2 1456 1893512335
3 35 0 0
2 3 1456 1893512335
3 35 0 0
2 4 1456 1893512335
3 35 0 0
1 308304719 0 0
1 308304719 0 0
1 308304719 0 0
1 308304719 0 0
1 308304719 0 0
1 308304719 0 0
1 308304719 0 0
1 308304719 0 0
1 308304719 0 0
1 308304719 0 0
0 1131544490 0 0
3 1131544490 0 0
2 0 1456 1893512335
3 35 0 0
2 1 1456 1893512335
3 35 0 0
2 2 1456 1893512335
3 35 0 0
2 3 1456 1893512335
3 35 0 0
2 4 1456 1893512335
3 35 0 0
1 1131544490 0 0
1 1131544490 0 0
1 1131544490 0 0
1 1131544490 0 0
1 1131544490 0 0
1 1131544490 0 0
1 1131544490 0 0
1 1131544490 0 0
1 1131544490 0 0
1 1131544490 0 0
0 4050020205 0 0
3 4050020205 0 0
2 0 1456 1893512335
3 35 0 0
2 1 1456 1893512335
3 35 0 0
2 2 1456 1893512335
3 35 0 0
2 3 1456 1893512335
3 35 0 0
2 4 1456 1893512335
3 35 0 0
1 4050020205 0 0
1 4050020205 0 0
1 4050020205 0 0
1 4050020205 0 0
1 4050020205 0 0
1 4050020205 0 0
1 4050020205 0 0
1 4050020205 0 0
1 4050020205 0 0
1 4050020205 0 0
0 183846804 0 0
3 183846804 0 0
2 0 1456 1893512335
3 35 0 0
2 1 1456 1893512335
3 35 0 0
2 2 1456 1893512335
3 35 0 0
2 3 1456 1893512335
3 35 0 0
2 4 1456 1893512335
3 35 0 0
1 183846804 0 0
1 183846804 0 0
1 183846804 0 0
1 183846804 0 0
1 183846804 0 0
1 183846804 0 0
1 183846804 0 0
1 183846804 0 0
1 183846804 0 0
1 183846804 0 0
0 1593630252 0 0
3 1593630252 0 0
2 0 1456 1893512335
3 35 0 0
2 1 1456 1893512335
3 35 0 0
2 2 1456 1893512335
3 35 0 0
2 3 1456 1893512335
3 35 0 0
2 4 1456 1893512335
3 35 0 0
1 1593630252 0 0
1 1593630252 0 0
1 1593630252 0 0
1 1593630252 0 0
1 1593630252 0 0
1 1593630252 0 0
1 1593630252 0 0
1 1593630252 0 0
1 1593630252 0 0
1 1593630252 0 0
