0 1055800626 0 0
3 1055800626 0 0
2 0 35 1764527754
3 1 0 0
0 3774424044 0 0
3 3774424044 0 0
2 0 35 1764527754
3 1 0 0
1 3774424044 0 0
1 3774424044 0 0
1 3774424044 0 0
1 3774424044 0 0
1 3774424044 0 0
1 3774424044 0 0
1 3774424044 0 0
1 3774424044 0 0
1 3774424044 0 0
1 3774424044 0 0
0 891716979 0 0
3 891716979 0 0
2 0 35 1764527754
3 1 0 0
1 891716979 0 0
1 891716979 0 0
1 891716979 0 0
1 891716979 0 0
1 891716979 0 0
1 891716979 0 0
1 891716979 0 0
1 891716979 0 0
1 891716979 0 0
1 891716979 0 0
0 1536148176 0 0
3 1536148176 0 0
2 0 35 1764527754
3 1 0 0
1 1536148176 0 0
1 1536148176 0 0
1 1536148176 0 0
1 1536148176 0 0
1 1536148176 0 0
1 1536148176 0 0
1 1536148176 0 0
1 1536148176 0 0
1 1536148176 0 0
1 1536148176 0 0
0 3455483328 0 0
3 3455483328 0 0
2 0 35 1764527754
3 1 0 0
1 3455483328 0 0
1 3455483328 0 0
1 3455483328 0 0
1 3455483328 0 0
1 3455483328 0 0
1 3455483328 0 0
1 3455483328 0 0
1 3455483328 0 0
1 3455483328 0 0
1 3455483328 0 0
0 663395750 0 0
3 663395750 0 0
2 0 35 1764527754
3 1 0 0
1 663395750 0 0
1 663395750 0 0
1 663395750 0 0
1 663395750 0 0
1 663395750 0 0
1 663395750 0 0
1 663395750 0 0
1 663395750 0 0
1 663395750 0 0
1 663395750 0 0
0 4285510385 0 0
3 4285510385 0 0
2 0 35 1764527754
3 1 0 0
1 4285510385 0 0
1 4285510385 0 0
1 4285510385 0 0
1 4285510385 0 0
1 4285510385 0 0
1 4285510385 0 0
1 4285510385 0 0
1 4285510385 0 0
1 4285510385 0 0
1 4285510385 0 0
0 992612596 0 0
3 992612596 0 0
2 0 35 1764527754
3 1 0 0
1 992612596 0 0
1 992612596 0 0
1 992612596 0 0
1 992612596 0 0
1 992612596 0 0
1 992612596 0 0
1 992612596 0 0
1 992612596 0 0
1 992612596 0 0
1 992612596 0 0
0 161676476 0 0
3 161676476 0 0
2 0 35 1764527754
3 1 0 0
1 161676476 0 0
1 161676476 0 0
1 161676476 0 0
1 161676476 0 0
1 161676476 0 0
1 161676476 0 0
1 161676476 0 0
1 161676476 0 0
1 161676476 0 0
1 161676476 0 0
0 1058291008 0 0
3 1058291008 0 0
2 0 35 1764527754
3 1 0 0
1 1058291008 0 0
1 1058291008 0 0
1 1058291008 0 0
1 1058291008 0 0
1 1058291008 0 0
1 1058291008 0 0
1 1058291008 0 0
1 1058291008 0 0
1 1058291008 0 0
1 1058291008 0 0
0 2638118762 0 0
3 2638118762 0 0
2 0 35 1764527754
3 1 0 0
1 2638118762 0 0
1 2638118762 0 0
1 2638118762 0 0
1 2638118762 0 0
1 2638118762 0 0
1 2638118762 0 0
1 2638118762 0 0
1 2638118762 0 0
1 2638118762 0 0
1 2638118762 0 0
0 3333924335 0 0
3 3333924335 0 0
0 3333924335 0 0
3 3333924335 0 0
2 0 35 1764527754
3 1 0 0
1 3333924335 0 0
1 3333924335 0 0
1 3333924335 0 0
1 3333924335 0 0
1 3333924335 0 0
1 3333924335 0 0
1 3333924335 0 0
1 3333924335 0 0
1 3333924335 0 0
1 3333924335 0 0
0 647393253 0 0
3 647393253 0 0
2 0 35 1764527754
3 1 0 0
1 647393253 0 0
1 647393253 0 0
1 647393253 0 0
1 647393253 0 0
1 647393253 0 0
1 647393253 0 0
1 647393253 0 0
1 647393253 0 0
1 647393253 0 0
1 647393253 0 0
0 954199372 0 0
3 954199372 0 0
2 0 35 1764527754
3 1 0 0
1 954199372 0 0
1 954199372 0 0
1 954199372 0 0
1 954199372 0 0
1 954199372 0 0
1 954199372 0 0
1 954199372 0 0
1 954199372 0 0
1 954199372 0 0
1 954199372 0 0
0 3699256754 0 0
3 3699256754 0 0
2 0 35 1764527754
3 1 0 0
1 3699256754 0 0
1 3699256754 0 0
1 3699256754 0 0
1 3699256754 0 0
1 3699256754 0 0
1 3699256754 0 0
1 3699256754 0 0
1 3699256754 0 0
1 3699256754 0 0
1 3699256754 0 0
0 1708922494 0 0
3 1708922494 0 0
2 0 35 1764527754
3 1 0 0
1 1708922494 0 0
1 1708922494 0 0
1 1708922494 0 0
1 1708922494 0 0
1 1708922494 0 0
1 1708922494 0 0
1 1708922494 0 0
1 1708922494 0 0
1 1708922494 0 0
1 1708922494 0 0
0 2431903818 0 0
3 2431903818 0 0
2 0 35 1764527754
3 1 0 0
1 2431903818 0 0
1 2431903818 0 0
0 2982756011 0 0
3 2982756011 0 0
2 0 35 1764527754
3 1 0 0
1 2982756011 0 0
1 2982756011 0 0
0 249845789 0 0
3 249845789 0 0
2 0 35 1764527754
3 1 0 0
1 249845789 0 0
1 249845789 0 0
1 249845789 0 0
1 249845789 0 0
1 249845789 0 0
1 249845789 0 0
1 249845789 0 0
1 249845789 0 0
1 249845789 0 0
1 249845789 0 0
0 3649872074 0 0
3 3649872074 0 0
2 0 35 1764527754
3 1 0 0
1 3649872074 0 0
1 3649872074 0 0
1 3649872074 0 0
1 3649872074 0 0
1 3649872074 0 0
1 3649872074 0 0
1 3649872074 0 0
1 3649872074 0 0
1 3649872074 0 0
1 3649872074 0 0
0 3579772644 0 0
3 3579772644 0 0
2 0 35 1764527754
3 1 0 0
1 3579772644 0 0
1 3579772644 0 0
1 3579772644 0 0
1 3579772644 0 0
1 3579772644 0 0
1 3579772644 0 0
1 3579772644 0 0
1 3579772644 0 0
1 3579772644 0 0
1 3579772644 0 0
0 2498331528 0 0
3 2498331528 0 0
0 2498331528 0 0
3 2498331528 0 0
2 0 35 1764527754
3 1 0 0
1 2498331528 0 0
1 2498331528 0 0
1 2498331528 0 0
1 2498331528 0 0
1 2498331528 0 0
1 2498331528 0 0
1 2498331528 0 0
1 2498331528 0 0
1 2498331528 0 0
1 2498331528 0 0
0 992455078 0 0
3 992455078 0 0
2 0 35 1764527754
3 1 0 0
1 992455078 0 0
1 992455078 0 0
1 992455078 0 0
1 992455078 0 0
1 992455078 0 0
1 992455078 0 0
1 992455078 0 0
1 992455078 0 0
1 992455078 0 0
1 992455078 0 0
0 378541924 0 0
3 378541924 0 0
2 0 35 1764527754
3 1 0 0
1 378541924 0 0
1 378541924 0 0
1 378541924 0 0
1 378541924 0 0
1 378541924 0 0
1 378541924 0 0
1 378541924 0 0
1 378541924 0 0
1 378541924 0 0
1 378541924 0 0
0 2599333447 0 0
3 2599333447 0 0
2 0 35 1764527754
3 1 0 0
1 2599333447 0 0
1 2599333447 0 0
1 2599333447 0 0
1 2599333447 0 0
1 2599333447 0 0
1 2599333447 0 0
1 2599333447 0 0
1 2599333447 0 0
1 2599333447 0 0
1 2599333447 0 0
0 364582532 0 0
3 364582532 0 0
0 364582532 0 0
3 364582532 0 0
2 0 35 1764527754
3 1 0 0
1 364582532 0 0
1 364582532 0 0
1 364582532 0 0
1 364582532 0 0
1 364582532 0 0
1 364582532 0 0
1 364582532 0 0
1 364582532 0 0
1 364582532 0 0
1 364582532 0 0
0 2305760378 0 0
3 2305760378 0 0
2 0 35 1764527754
3 1 0 0
1 2305760378 0 0
1 2305760378 0 0
1 2305760378 0 0
1 2305760378 0 0
1 2305760378 0 0
1 2305760378 0 0
1 2305760378 0 0
1 2305760378 0 0
1 2305760378 0 0
1 2305760378 0 0
0 3399308765 0 0
3 3399308765 0 0
2 0 35 1764527754
3 1 0 0
1 3399308765 0 0
1 3399308765 0 0
1 3399308765 0 0
1 3399308765 0 0
1 3399308765 0 0
1 3399308765 0 0
1 3399308765 0 0
1 3399308765 0 0
1 3399308765 0 0
1 3399308765 0 0
0 458145654 0 0
3 458145654 0 0
2 0 35 1764527754
3 1 0 0
1 458145654 0 0
1 458145654 0 0
1 458145654 0 0
1 458145654 0 0
1 458145654 0 0
1 458145654 0 0
1 458145654 0 0
1 458145654 0 0
1 458145654 0 0
1 458145654 0 0
0 170619049 0 0
3 170619049 0 0
2 0 35 1764527754
3 1 0 0
1 170619049 0 0
1 170619049 0 0
1 170619049 0 0
1 170619049 0 0
1 170619049 0 0
1 170619049 0 0
1 170619049 0 0
1 170619049 0 0
1 170619049 0 0
1 170619049 0 0
0 890787148 0 0
3 890787148 0 0
2 0 35 1764527754
3 1 0 0
1 890787148 0 0
1 890787148 0 0
1 890787148 0 0
1 890787148 0 0
1 890787148 0 0
1 890787148 0 0
1 890787148 0 0
1 890787148 0 0
1 890787148 0 0
1 890787148 0 0
0 3323686176 0 0
3 3323686176 0 0
2 0 35 1764527754
3 1 0 0
1 3323686176 0 0
1 3323686176 0 0
1 3323686176 0 0
1 3323686176 0 0
1 3323686176 0 0
1 3323686176 0 0
1 3323686176 0 0
1 3323686176 0 0
1 3323686176 0 0
1 3323686176 0 0
0 63057632 0 0
3 63057632 0 0
2 0 35 1764527754
3 1 0 0
1 63057632 0 0
1 63057632 0 0
1 63057632 0 0
1 63057632 0 0
1 63057632 0 0
1 63057632 0 0
1 63057632 0 0
1 63057632 0 0
1 63057632 0 0
1 63057632 0 0
0 1273670804 0 0
3 1273670804 0 0
2 0 35 1764527754
3 1 0 0
1 1273670804 0 0
1 1273670804 0 0
1 1273670804 0 0
1 1273670804 0 0
1 1273670804 0 0
1 1273670804 0 0
1 1273670804 0 0
1 1273670804 0 0
1 1273670804 0 0
1 1273670804 0 0
0 3583391144 0 0
3 3583391144 0 0
2 0 35 1764527754
3 1 0 0
1 3583391144 0 0
1 3583391144 0 0
1 3583391144 0 0
1 3583391144 0 0
1 3583391144 0 0
1 3583391144 0 0
1 3583391144 0 0
1 3583391144 0 0
1 3583391144 0 0
1 3583391144 0 0
0 2425808575 0 0
3 2425808575 0 0
2 0 35 1764527754
3 1 0 0
1 2425808575 0 0
1 2425808575 0 0
1 2425808575 0 0
1 2425808575 0 0
1 2425808575 0 0
1 2425808575 0 0
1 2425808575 0 0
1 2425808575 0 0
1 2425808575 0 0
1 2425808575 0 0
0 3332997742 0 0
3 3332997742 0 0
2 0 35 1764527754
3 1 0 0
1 3332997742 0 0
1 3332997742 0 0
1 3332997742 0 0
1 3332997742 0 0
1 3332997742 0 0
1 3332997742 0 0
1 3332997742 0 0
1 3332997742 0 0
1 3332997742 0 0
1 3332997742 0 0
0 3620788044 0 0
3 3620788044 0 0
2 0 35 1764527754
3 1 0 0
1 3620788044 0 0
1 3620788044 0 0
1 3620788044 0 0
1 3620788044 0 0
1 3620788044 0 0
1 3620788044 0 0
1 3620788044 0 0
1 3620788044 0 0
1 3620788044 0 0
1 3620788044 0 0
0 1592318120 0 0
3 1592318120 0 0
2 0 35 1764527754
3 1 0 0
1 1592318120 0 0
1 1592318120 0 0
1 1592318120 0 0
1 1592318120 0 0
1 1592318120 0 0
1 1592318120 0 0
1 1592318120 0 0
1 1592318120 0 0
1 1592318120 0 0
1 1592318120 0 0
0 242109027 0 0
3 242109027 0 0
2 0 35 1764527754
3 1 0 0
1 242109027 0 0
1 242109027 0 0
1 242109027 0 0
1 242109027 0 0
1 242109027 0 0
1 242109027 0 0
1 242109027 0 0
1 242109027 0 0
1 242109027 0 0
1 242109027 0 0
0 3202481205 0 0
3 3202481205 0 0
2 0 35 1764527754
3 1 0 0
1 3202481205 0 0
1 3202481205 0 0
1 3202481205 0 0
1 3202481205 0 0
1 3202481205 0 0
1 3202481205 0 0
1 3202481205 0 0
1 3202481205 0 0
1 3202481205 0 0
1 3202481205 0 0
0 3398353917 0 0
3 3398353917 0 0
2 0 35 1764527754
3 1 0 0
1 3398353917 0 0
1 3398353917 0 0
1 3398353917 0 0
1 3398353917 0 0
1 3398353917 0 0
1 3398353917 0 0
1 3398353917 0 0
1 3398353917 0 0
1 3398353917 0 0
1 3398353917 0 0
