0 2625423261 0 0
3 2625423261 0 0
2 0 1456 1893512335
3 1 0 0
2 1 1456 1893512335
2 2 1456 1893512335
3 1 0 0
2 3 1456 1893512335
2 4 1456 1893512335
3 1 0 0
2 1 1456 1893512335
2 2 1456 1893512335
3 1 0 0
2 3 1456 1893512335
2 4 1456 1893512335
3 1 0 0
2 5 1456 1893512335
0 734269319 0 0
3 734269319 0 0
2 0 1456 1893512335
3 1 0 0
2 1 1456 1893512335
2 2 1456 1893512335
3 1 0 0
2 3 1456 1893512335
2 4 1456 1893512335
3 1 0 0
2 1 1456 1893512335
2 2 1456 1893512335
3 1 0 0
2 3 1456 1893512335
2 4 1456 1893512335
3 1 0 0
2 5 1456 1893512335
2 1 1456 1893512335
3 3 0 0
2 2 1456 1893512335
2 3 1456 1893512335
3 5 0 0
2 4 1456 1893512335
2 5 1456 1893512335
3 6 0 0
2 3 1456 1893512335
2 4 1456 1893512335
3 6 0 0
2 5 1456 1893512335
2 6 1456 1893512335
3 7 0 0
2 7 1456 1893512335
2 5 1456 1893512335
3 7 0 0
2 6 1456 1893512335
2 7 1456 1893512335
3 8 0 0
2 8 1456 1893512335
2 9 1456 1893512335
3 8 0 0
2 6 1456 1893512335
2 7 1456 1893512335
3 8 0 0
2 8 1456 1893512335
2 9 1456 1893512335
3 8 0 0
2 10 1456 1893512335
2 7 1456 1893512335
3 8 0 0
2 8 1456 1893512335
2 9 1456 1893512335
3 8 0 0
2 10 1456 1893512335
2 11 1456 1893512335
3 8 0 0
2 8 1456 1893512335
2 9 1456 1893512335
3 8 0 0
2 10 1456 1893512335
2 11 1456 1893512335
3 8 0 0
2 12 1456 1893512335
2 8 1456 1893512335
3 10 0 0
2 9 1456 1893512335
2 10 1456 1893512335
3 12 0 0
2 11 1456 1893512335
2 12 1456 1893512335
3 13 0 0
2 10 1456 1893512335
2 11 1456 1893512335
3 13 0 0
2 12 1456 1893512335
2 13 1456 1893512335
3 14 0 0
2 14 1456 1893512335
2 12 1456 1893512335
3 14 0 0
2 13 1456 1893512335
2 14 1456 1893512335
3 15 0 0
2 15 1456 1893512335
2 16 1456 1893512335
3 15 0 0
2 13 1456 1893512335
2 14 1456 1893512335
3 15 0 0
2 15 1456 1893512335
2 16 1456 1893512335
3 15 0 0
2 17 1456 1893512335
2 14 1456 1893512335
3 15 0 0
2 15 1456 1893512335
2 16 1456 1893512335
3 15 0 0
2 17 1456 1893512335
2 18 1456 1893512335
3 15 0 0
2 15 1456 1893512335
2 16 1456 1893512335
3 15 0 0
2 17 1456 1893512335
2 18 1456 1893512335
3 15 0 0
2 19 1456 1893512335
2 15 1456 1893512335
3 17 0 0
2 16 1456 1893512335
2 17 1456 1893512335
3 19 0 0
2 18 1456 1893512335
2 19 1456 1893512335
3 20 0 0
2 17 1456 1893512335
2 18 1456 1893512335
3 20 0 0
2 19 1456 1893512335
2 20 1456 1893512335
3 21 0 0
2 21 1456 1893512335
2 19 1456 1893512335
3 21 0 0
2 20 1456 1893512335
2 21 1456 1893512335
3 22 0 0
2 22 1456 1893512335
2 23 1456 1893512335
3 22 0 0
2 20 1456 1893512335
2 21 1456 1893512335
3 22 0 0
2 22 1456 1893512335
2 23 1456 1893512335
3 22 0 0
2 24 1456 1893512335
2 21 1456 1893512335
3 22 0 0
2 22 1456 1893512335
2 23 1456 1893512335
3 22 0 0
2 24 1456 1893512335
2 25 1456 1893512335
3 22 0 0
2 22 1456 1893512335
2 23 1456 1893512335
3 22 0 0
2 24 1456 1893512335
2 25 1456 1893512335
3 22 0 0
2 26 1456 1893512335
2 22 1456 1893512335
3 24 0 0
2 23 1456 1893512335
2 24 1456 1893512335
3 26 0 0
2 25 1456 1893512335
2 26 1456 1893512335
3 27 0 0
2 24 1456 1893512335
2 25 1456 1893512335
3 27 0 0
2 26 1456 1893512335
2 27 1456 1893512335
3 28 0 0
2 28 1456 1893512335
2 26 1456 1893512335
3 28 0 0
2 27 1456 1893512335
2 28 1456 1893512335
3 29 0 0
2 29 1456 1893512335
2 30 1456 1893512335
3 29 0 0
2 27 1456 1893512335
2 28 1456 1893512335
3 29 0 0
2 29 1456 1893512335
2 30 1456 1893512335
3 29 0 0
2 31 1456 1893512335
2 28 1456 1893512335
3 29 0 0
2 29 1456 1893512335
2 30 1456 1893512335
3 29 0 0
2 31 1456 1893512335
2 32 1456 1893512335
3 29 0 0
2 29 1456 1893512335
2 30 1456 1893512335
3 29 0 0
2 31 1456 1893512335
2 32 1456 1893512335
3 29 0 0
2 33 1456 1893512335
2 29 1456 1893512335
3 31 0 0
2 30 1456 1893512335
2 31 1456 1893512335
3 33 0 0
2 32 1456 1893512335
2 33 1456 1893512335
3 34 0 0
2 31 1456 1893512335
2 32 1456 1893512335
3 34 0 0
2 33 1456 1893512335
2 34 498 2128858793
3 35 0 0
2 33 1456 1893512335
2 34 498 2128858793
3 35 0 0
2 34 498 2128858793
1 734269319 0 0
1 734269319 0 0
1 734269319 0 0
1 734269319 0 0
1 734269319 0 0
1 734269319 0 0
1 734269319 0 0
1 734269319 0 0
1 734269319 0 0
1 734269319 0 0
0 635661870 0 0
3 635661870 0 0
2 0 1456 1893512335
3 35 0 0
2 1 1456 1893512335
2 2 1456 1893512335
3 35 0 0
2 3 1456 1893512335
2 4 1456 1893512335
3 35 0 0
1 635661870 0 0
1 635661870 0 0
1 635661870 0 0
1 635661870 0 0
1 635661870 0 0
1 635661870 0 0
1 635661870 0 0
1 635661870 0 0
1 635661870 0 0
1 635661870 0 0
0 2932316762 0 0
3 2932316762 0 0
2 0 1456 1893512335
2 1 1456 1893512335
3 35 0 0
2 2 1456 1893512335
2 3 1456 1893512335
3 35 0 0
2 4 1456 1893512335
1 2932316762 0 0
1 2932316762 0 0
1 2932316762 0 0
1 2932316762 0 0
1 2932316762 0 0
1 2932316762 0 0
1 2932316762 0 0
1 2932316762 0 0
1 2932316762 0 0
1 2932316762 0 0
0 2089818094 0 0
3 2089818094 0 0
2 0 1456 1893512335
3 35 0 0
2 1 1456 1893512335
2 2 1456 1893512335
3 35 0 0
2 3 1456 1893512335
2 4 1456 1893512335
3 35 0 0
1 2089818094 0 0
1 2089818094 0 0
1 2089818094 0 0
1 2089818094 0 0
1 2089818094 0 0
1 2089818094 0 0
1 2089818094 0 0
1 2089818094 0 0
1 2089818094 0 0
1 2089818094 0 0
0 4162110738 0 0
3 4162110738 0 0
2 0 1456 1893512335
2 1 1456 1893512335
3 35 0 0
2 2 1456 1893512335
2 3 1456 1893512335
3 35 0 0
2 4 1456 1893512335
1 4162110738 0 0
1 4162110738 0 0
1 4162110738 0 0
1 4162110738 0 0
1 4162110738 0 0
1 4162110738 0 0
1 4162110738 0 0
1 4162110738 0 0
1 4162110738 0 0
1 4162110738 0 0
0 1275040178 0 0
3 1275040178 0 0
2 0 1456 1893512335
3 35 0 0
2 1 1456 1893512335
2 2 1456 1893512335
3 35 0 0
2 3 1456 1893512335
2 4 1456 1893512335
3 35 0 0
1 1275040178 0 0
1 1275040178 0 0
1 1275040178 0 0
1 1275040178 0 0
1 1275040178 0 0
1 1275040178 0 0
1 1275040178 0 0
1 1275040178 0 0
1 1275040178 0 0
1 1275040178 0 0
0 3714603739 0 0
3 3714603739 0 0
2 0 1456 1893512335
2 1 1456 1893512335
3 35 0 0
2 2 1456 1893512335
2 3 1456 1893512335
3 35 0 0
2 4 1456 1893512335
1 3714603739 0 0
1 3714603739 0 0
1 3714603739 0 0
1 3714603739 0 0
1 3714603739 0 0
1 3714603739 0 0
1 3714603739 0 0
1 3714603739 0 0
1 3714603739 0 0
1 3714603739 0 0
0 3248194171 0 0
3 3248194171 0 0
2 0 1456 1893512335
3 35 0 0
2 1 1456 1893512335
2 2 1456 1893512335
3 35 0 0
2 3 1456 1893512335
2 4 1456 1893512335
3 35 0 0
1 3248194171 0 0
1 3248194171 0 0
1 3248194171 0 0
1 3248194171 0 0
1 3248194171 0 0
1 3248194171 0 0
1 3248194171 0 0
1 3248194171 0 0
1 3248194171 0 0
1 3248194171 0 0
0 2043956038 0 0
3 2043956038 0 0
2 0 1456 1893512335
2 1 1456 1893512335
3 35 0 0
2 2 1456 1893512335
2 3 1456 1893512335
3 35 0 0
2 4 1456 1893512335
1 2043956038 0 0
1 2043956038 0 0
1 2043956038 0 0
1 2043956038 0 0
1 2043956038 0 0
1 2043956038 0 0
1 2043956038 0 0
1 2043956038 0 0
1 2043956038 0 0
1 2043956038 0 0
0 1516192973 0 0
3 1516192973 0 0
2 0 1456 1893512335
3 35 0 0
2 1 1456 1893512335
2 2 1456 1893512335
3 35 0 0
2 3 1456 1893512335
2 4 1456 1893512335
3 35 0 0
1 1516192973 0 0
1 1516192973 0 0
1 1516192973 0 0
1 1516192973 0 0
1 1516192973 0 0
1 1516192973 0 0
1 1516192973 0 0
1 1516192973 0 0
1 1516192973 0 0
1 1516192973 0 0
0 2296099895 0 0
3 2296099895 0 0
2 0 1456 1893512335
2 1 1456 1893512335
3 35 0 0
2 2 1456 1893512335
2 3 1456 1893512335
3 35 0 0
2 4 1456 1893512335
1 2296099895 0 0
1 2296099895 0 0
1 2296099895 0 0
1 2296099895 0 0
1 2296099895 0 0
1 2296099895 0 0
1 2296099895 0 0
1 2296099895 0 0
1 2296099895 0 0
1 2296099895 0 0
0 2583635383 0 0
3 2583635383 0 0
2 0 1456 1893512335
3 35 0 0
2 1 1456 1893512335
2 2 1456 1893512335
3 35 0 0
2 3 1456 1893512335
2 4 1456 1893512335
3 35 0 0
1 2583635383 0 0
1 2583635383 0 0
1 2583635383 0 0
1 2583635383 0 0
1 2583635383 0 0
1 2583635383 0 0
1 2583635383 0 0
1 2583635383 0 0
1 2583635383 0 0
1 2583635383 0 0
0 2178017379 0 0
3 2178017379 0 0
2 0 1456 1893512335
2 1 1456 1893512335
3 35 0 0
2 2 1456 1893512335
2 3 1456 1893512335
3 35 0 0
2 4 1456 1893512335
1 2178017379 0 0
1 2178017379 0 0
1 2178017379 0 0
1 2178017379 0 0
1 2178017379 0 0
1 2178017379 0 0
1 2178017379 0 0
1 2178017379 0 0
1 2178017379 0 0
1 2178017379 0 0
0 830094195 0 0
3 830094195 0 0
2 0 1456 1893512335
3 35 0 0
2 1 1456 1893512335
2 2 1456 1893512335
3 35 0 0
2 3 1456 1893512335
2 4 1456 1893512335
3 35 0 0
1 830094195 0 0
1 830094195 0 0
1 830094195 0 0
1 830094195 0 0
1 830094195 0 0
1 830094195 0 0
1 830094195 0 0
1 830094195 0 0
1 830094195 0 0
1 830094195 0 0
0 1291904835 0 0
3 1291904835 0 0
2 0 1456 1893512335
2 1 1456 1893512335
3 35 0 0
2 2 1456 1893512335
2 3 1456 1893512335
3 35 0 0
2 4 1456 1893512335
1 1291904835 0 0
1 1291904835 0 0
1 1291904835 0 0
1 1291904835 0 0
1 1291904835 0 0
1 1291904835 0 0
1 1291904835 0 0
1 1291904835 0 0
1 1291904835 0 0
1 1291904835 0 0
0 1072424674 0 0
3 1072424674 0 0
2 0 1456 1893512335
3 35 0 0
2 1 1456 1893512335
2 2 1456 1893512335
3 35 0 0
2 3 1456 1893512335
2 4 1456 1893512335
3 35 0 0
1 1072424674 0 0
1 1072424674 0 0
1 1072424674 0 0
1 1072424674 0 0
1 1072424674 0 0
1 1072424674 0 0
1 1072424674 0 0
1 1072424674 0 0
1 1072424674 0 0
1 1072424674 0 0
0 2689467711 0 0
3 2689467711 0 0
2 0 1456 1893512335
2 1 1456 1893512335
3 35 0 0
2 2 1456 1893512335
2 3 1456 1893512335
3 35 0 0
2 4 1456 1893512335
1 2689467711 0 0
1 2689467711 0 0
1 2689467711 0 0
1 2689467711 0 0
1 2689467711 0 0
1 2689467711 0 0
1 2689467711 0 0
1 2689467711 0 0
1 2689467711 0 0
1 2689467711 0 0
0 3622912907 0 0
3 3622912907 0 0
2 0 1456 1893512335
3 35 0 0
2 1 1456 1893512335
2 2 1456 1893512335
3 35 0 0
2 3 1456 1893512335
2 4 1456 1893512335
3 35 0 0
1 3622912907 0 0
1 3622912907 0 0
1 3622912907 0 0
1 3622912907 0 0
1 3622912907 0 0
1 3622912907 0 0
1 3622912907 0 0
1 3622912907 0 0
1 3622912907 0 0
1 3622912907 0 0
0 2937898538 0 0
3 2937898538 0 0
2 0 1456 1893512335
2 1 1456 1893512335
3 35 0 0
2 2 1456 1893512335
2 3 1456 1893512335
3 35 0 0
2 4 1456 1893512335
1 2937898538 0 0
1 2937898538 0 0
1 2937898538 0 0
1 2937898538 0 0
1 2937898538 0 0
1 2937898538 0 0
1 2937898538 0 0
1 2937898538 0 0
1 2937898538 0 0
1 2937898538 0 0
0 786283918 0 0
3 786283918 0 0
2 0 1456 1893512335
3 35 0 0
2 1 1456 1893512335
2 2 1456 1893512335
3 35 0 0
2 3 1456 1893512335
2 4 1456 1893512335
3 35 0 0
1 786283918 0 0
1 786283918 0 0
1 786283918 0 0
1 786283918 0 0
1 786283918 0 0
1 786283918 0 0
1 786283918 0 0
1 786283918 0 0
1 786283918 0 0
1 786283918 0 0
0 4236643886 0 0
3 4236643886 0 0
2 0 1456 1893512335
2 1 1456 1893512335
3 35 0 0
2 2 1456 1893512335
2 3 1456 1893512335
3 35 0 0
2 4 1456 1893512335
1 4236643886 0 0
1 4236643886 0 0
1 4236643886 0 0
1 4236643886 0 0
1 4236643886 0 0
1 4236643886 0 0
1 4236643886 0 0
1 4236643886 0 0
1 4236643886 0 0
1 4236643886 0 0
0 2013611092 0 0
3 2013611092 0 0
2 0 1456 1893512335
3 35 0 0
2 1 1456 1893512335
2 2 1456 1893512335
3 35 0 0
2 3 1456 1893512335
2 4 1456 1893512335
3 35 0 0
1 2013611092 0 0
1 2013611092 0 0
1 2013611092 0 0
1 2013611092 0 0
1 2013611092 0 0
1 2013611092 0 0
1 2013611092 0 0
1 2013611092 0 0
1 2013611092 0 0
1 2013611092 0 0
0 3127100874 0 0
3 3127100874 0 0
2 0 1456 1893512335
2 1 1456 1893512335
3 35 0 0
2 2 1456 1893512335
2 3 1456 1893512335
3 35 0 0
2 4 1456 1893512335
1 3127100874 0 0
1 3127100874 0 0
1 3127100874 0 0
1 3127100874 0 0
1 3127100874 0 0
1 3127100874 0 0
1 3127100874 0 0
1 3127100874 0 0
1 3127100874 0 0
1 3127100874 0 0
0 2734021546 0 0
3 2734021546 0 0
2 0 1456 1893512335
3 35 0 0
2 1 1456 1893512335
2 2 1456 1893512335
3 35 0 0
2 3 1456 1893512335
2 4 1456 1893512335
3 35 0 0
1 2734021546 0 0
1 2734021546 0 0
1 2734021546 0 0
1 2734021546 0 0
1 2734021546 0 0
1 2734021546 0 0
1 2734021546 0 0
1 2734021546 0 0
1 2734021546 0 0
1 2734021546 0 0
0 3297414209 0 0
3 3297414209 0 0
2 0 1456 1893512335
2 1 1456 1893512335
3 35 0 0
2 2 1456 1893512335
2 3 1456 1893512335
3 35 0 0
2 4 1456 1893512335
1 3297414209 0 0
1 3297414209 0 0
1 3297414209 0 0
1 3297414209 0 0
1 3297414209 0 0
1 3297414209 0 0
1 3297414209 0 0
1 3297414209 0 0
1 3297414209 0 0
1 3297414209 0 0
0 3765702708 0 0
3 3765702708 0 0
2 0 1456 1893512335
3 35 0 0
2 1 1456 1893512335
2 2 1456 1893512335
3 35 0 0
2 3 1456 1893512335
2 4 1456 1893512335
3 35 0 0
2 0 1456 1893512335
2 1 1456 1893512335
3 35 0 0
2 2 1456 1893512335
2 3 1456 1893512335
3 35 0 0
2 4 1456 1893512335
2 0 1456 1893512335
3 35 0 0
2 1 1456 1893512335
2 2 1456 1893512335
3 35 0 0
2 3 1456 1893512335
2 4 1456 1893512335
3 35 0 0
2 0 1456 1893512335
2 1 1456 1893512335
3 35 0 0
2 2 1456 1893512335
2 3 1456 1893512335
3 35 0 0
2 4 1456 1893512335
2 0 1456 1893512335
3 35 0 0
2 1 1456 1893512335
2 2 1456 1893512335
3 35 0 0
2 3 1456 1893512335
2 4 1456 1893512335
3 35 0 0
2 0 1456 1893512335
2 1 1456 1893512335
3 35 0 0
2 2 1456 1893512335
2 3 1456 1893512335
3 35 0 0
2 4 1456 1893512335
2 0 1456 1893512335
3 35 0 0
2 1 1456 1893512335
2 2 1456 1893512335
3 35 0 0
2 3 1456 1893512335
2 4 1456 1893512335
3 35 0 0
2 0 1456 1893512335
2 1 1456 1893512335
3 35 0 0
2 2 1456 1893512335
2 3 1456 1893512335
3 35 0 0
2 4 1456 1893512335
2 0 1456 1893512335
3 35 0 0
2 1 1456 1893512335
2 2 1456 1893512335
3 35 0 0
2 3 1456 1893512335
2 4 1456 1893512335
3 35 0 0
2 0 1456 1893512335
2 1 1456 1893512335
3 35 0 0
2 2 1456 1893512335
2 3 1456 1893512335
3 35 0 0
2 4 1456 1893512335
2 0 1456 1893512335
3 35 0 0
2 1 1456 1893512335
2 2 1456 1893512335
3 35 0 0
2 3 1456 1893512335
2 4 1456 1893512335
3 35 0 0
2 0 1456 1893512335
2 1 1456 1893512335
3 35 0 0
2 2 1456 1893512335
2 3 1456 1893512335
3 35 0 0
2 4 1456 1893512335
2 0 1456 1893512335
3 35 0 0
2 1 1456 1893512335
2 2 1456 1893512335
3 35 0 0
2 3 1456 1893512335
2 4 1456 1893512335
3 35 0 0
2 0 1456 1893512335
2 1 1456 1893512335
3 35 0 0
2 2 1456 1893512335
2 3 1456 1893512335
3 35 0 0
2 4 1456 1893512335
2 0 1456 1893512335
3 35 0 0
2 1 1456 1893512335
2 2 1456 1893512335
3 35 0 0
2 3 1456 1893512335
2 4 1456 1893512335
3 35 0 0
2 0 1456 1893512335
2 1 1456 1893512335
3 35 0 0
2 2 1456 1893512335
2 3 1456 1893512335
3 35 0 0
2 4 1456 1893512335
2 0 1456 1893512335
3 35 0 0
2 1 1456 1893512335
2 2 1456 1893512335
3 35 0 0
2 3 1456 1893512335
2 4 1456 1893512335
3 35 0 0
2 0 1456 1893512335
2 1 1456 1893512335
3 35 0 0
2 2 1456 1893512335
2 3 1456 1893512335
3 35 0 0
2 4 1456 1893512335
2 0 1456 1893512335
3 35 0 0
2 1 1456 1893512335
2 2 1456 1893512335
3 35 0 0
2 3 1456 1893512335
2 4 1456 1893512335
3 35 0 0
2 0 1456 1893512335
2 1 1456 1893512335
3 35 0 0
2 2 1456 1893512335
2 3 1456 1893512335
3 35 0 0
2 4 1456 1893512335
2 0 1456 1893512335
3 35 0 0
2 1 1456 1893512335
2 2 1456 1893512335
3 35 0 0
2 3 1456 1893512335
2 4 1456 1893512335
3 35 0 0
2 0 1456 1893512335
2 1 1456 1893512335
3 35 0 0
2 2 1456 1893512335
2 3 1456 1893512335
3 35 0 0
2 4 1456 1893512335
2 0 1456 1893512335
3 35 0 0
2 1 1456 1893512335
2 2 1456 1893512335
3 35 0 0
2 3 1456 1893512335
2 4 1456 1893512335
3 35 0 0
2 0 1456 1893512335
2 1 1456 1893512335
3 35 0 0
2 2 1456 1893512335
2 3 1456 1893512335
3 35 0 0
2 4 1456 1893512335
2 0 1456 1893512335
3 35 0 0
2 1 1456 1893512335
2 2 1456 1893512335
3 35 0 0
2 3 1456 1893512335
2 4 1456 1893512335
3 35 0 0
2 0 1456 1893512335
2 1 1456 1893512335
3 35 0 0
2 2 1456 1893512335
2 3 1456 1893512335
3 35 0 0
2 4 1456 1893512335
2 0 1456 1893512335
3 35 0 0
2 1 1456 1893512335
2 2 1456 1893512335
3 35 0 0
2 3 1456 1893512335
2 4 1456 1893512335
3 35 0 0
2 0 1456 1893512335
2 1 1456 1893512335
3 35 0 0
2 2 1456 1893512335
2 3 1456 1893512335
3 35 0 0
2 4 1456 1893512335
2 0 1456 1893512335
3 35 0 0
2 1 1456 1893512335
2 2 1456 1893512335
3 35 0 0
2 3 1456 1893512335
2 4 1456 1893512335
3 35 0 0
2 0 1456 1893512335
2 1 1456 1893512335
3 35 0 0
2 2 1456 1893512335
2 3 1456 1893512335
3 35 0 0
2 4 1456 1893512335
2 0 1456 1893512335
3 35 0 0
2 1 1456 1893512335
2 2 1456 1893512335
3 35 0 0
2 3 1456 1893512335
2 4 1456 1893512335
3 35 0 0
2 0 1456 1893512335
2 1 1456 1893512335
3 35 0 0
2 2 1456 1893512335
2 3 1456 1893512335
3 35 0 0
2 4 1456 1893512335
2 0 1456 1893512335
3 35 0 0
2 1 1456 1893512335
2 2 1456 1893512335
3 35 0 0
2 3 1456 1893512335
2 4 1456 1893512335
3 35 0 0
2 0 1456 1893512335
2 1 1456 1893512335
3 35 0 0
2 2 1456 1893512335
2 3 1456 1893512335
3 35 0 0
2 4 1456 1893512335
2 0 1456 1893512335
3 35 0 0
2 1 1456 1893512335
2 2 1456 1893512335
3 35 0 0
2 3 1456 1893512335
2 4 1456 1893512335
3 35 0 0
2 0 1456 1893512335
2 1 1456 1893512335
3 35 0 0
2 2 1456 1893512335
2 3 1456 1893512335
3 35 0 0
2 4 1456 1893512335
2 0 1456 1893512335
3 35 0 0
2 1 1456 1893512335
2 2 1456 1893512335
3 35 0 0
2 3 1456 1893512335
2 4 1456 1893512335
3 35 0 0
2 0 1456 1893512335
2 1 1456 1893512335
3 35 0 0
2 2 1456 1893512335
2 3 1456 1893512335
3 35 0 0
2 4 1456 1893512335
2 0 1456 1893512335
3 35 0 0
2 1 1456 1893512335
2 2 1456 1893512335
3 35 0 0
2 3 1456 1893512335
2 4 1456 1893512335
3 35 0 0
2 0 1456 1893512335
2 1 1456 1893512335
3 35 0 0
2 2 1456 1893512335
2 3 1456 1893512335
3 35 0 0
2 4 1456 1893512335
2 0 1456 1893512335
3 35 0 0
2 1 1456 1893512335
2 2 1456 1893512335
3 35 0 0
2 3 1456 1893512335
2 4 1456 1893512335
3 35 0 0
2 0 1456 1893512335
2 1 1456 1893512335
3 35 0 0
2 2 1456 1893512335
2 3 1456 1893512335
3 35 0 0
2 4 1456 1893512335
2 0 1456 1893512335
3 35 0 0
2 1 1456 1893512335
2 2 1456 1893512335
3 35 0 0
2 3 1456 1893512335
2 4 1456 1893512335
3 35 0 0
0 3212051657 0 0
3 3212051657 0 0
2 0 1456 1893512335
2 1 1456 1893512335
3 35 0 0
2 2 1456 1893512335
2 3 1456 1893512335
3 35 0 0
2 4 1456 1893512335
2 0 1456 1893512335
3 35 0 0
2 1 1456 1893512335
2 2 1456 1893512335
3 35 0 0
2 3 1456 1893512335
2 4 1456 1893512335
3 35 0 0
2 0 1456 1893512335
2 1 1456 1893512335
3 35 0 0
2 2 1456 1893512335
2 3 1456 1893512335
3 35 0 0
2 4 1456 1893512335
2 0 1456 1893512335
3 35 0 0
2 1 1456 1893512335
2 2 1456 1893512335
3 35 0 0
2 3 1456 1893512335
2 4 1456 1893512335
3 35 0 0
2 0 1456 1893512335
2 1 1456 1893512335
3 35 0 0
2 2 1456 1893512335
2 3 1456 1893512335
3 35 0 0
2 4 1456 1893512335
2 0 1456 1893512335
3 35 0 0
2 1 1456 1893512335
2 2 1456 1893512335
3 35 0 0
2 3 1456 1893512335
2 4 1456 1893512335
3 35 0 0
2 0 1456 1893512335
2 1 1456 1893512335
3 35 0 0
2 2 1456 1893512335
2 3 1456 1893512335
3 35 0 0
2 4 1456 1893512335
2 0 1456 1893512335
3 35 0 0
2 1 1456 1893512335
2 2 1456 1893512335
3 35 0 0
2 3 1456 1893512335
2 4 1456 1893512335
3 35 0 0
2 0 1456 1893512335
2 1 1456 1893512335
3 35 0 0
2 2 1456 1893512335
2 3 1456 1893512335
3 35 0 0
2 4 1456 1893512335
2 0 1456 1893512335
3 35 0 0
2 1 1456 1893512335
2 2 1456 1893512335
3 35 0 0
2 3 1456 1893512335
2 4 1456 1893512335
3 35 0 0
2 0 1456 1893512335
2 1 1456 1893512335
3 35 0 0
2 2 1456 1893512335
2 3 1456 1893512335
3 35 0 0
2 4 1456 1893512335
2 0 1456 1893512335
3 35 0 0
2 1 1456 1893512335
2 2 1456 1893512335
3 35 0 0
2 3 1456 1893512335
2 4 1456 1893512335
3 35 0 0
2 0 1456 1893512335
2 1 1456 1893512335
3 35 0 0
2 2 1456 1893512335
2 3 1456 1893512335
3 35 0 0
2 4 1456 1893512335
2 0 1456 1893512335
3 35 0 0
2 1 1456 1893512335
2 2 1456 1893512335
3 35 0 0
2 3 1456 1893512335
2 4 1456 1893512335
3 35 0 0
2 0 1456 1893512335
2 1 1456 1893512335
3 35 0 0
2 2 1456 1893512335
2 3 1456 1893512335
3 35 0 0
2 4 1456 1893512335
2 0 1456 1893512335
3 35 0 0
2 1 1456 1893512335
2 2 1456 1893512335
3 35 0 0
2 3 1456 1893512335
2 4 1456 1893512335
3 35 0 0
2 0 1456 1893512335
2 1 1456 1893512335
3 35 0 0
2 2 1456 1893512335
2 3 1456 1893512335
3 35 0 0
2 4 1456 1893512335
2 0 1456 1893512335
3 35 0 0
2 1 1456 1893512335
2 2 1456 1893512335
3 35 0 0
2 3 1456 1893512335
2 4 1456 1893512335
3 35 0 0
2 0 1456 1893512335
2 1 1456 1893512335
3 35 0 0
2 2 1456 1893512335
2 3 1456 1893512335
3 35 0 0
2 4 1456 1893512335
2 0 1456 1893512335
3 35 0 0
2 1 1456 1893512335
2 2 1456 1893512335
3 35 0 0
2 3 1456 1893512335
2 4 1456 1893512335
3 35 0 0
2 0 1456 1893512335
2 1 1456 1893512335
3 35 0 0
2 2 1456 1893512335
2 3 1456 1893512335
3 35 0 0
2 4 1456 1893512335
2 0 1456 1893512335
3 35 0 0
2 1 1456 1893512335
2 2 1456 1893512335
3 35 0 0
2 3 1456 1893512335
2 4 1456 1893512335
3 35 0 0
2 0 1456 1893512335
2 1 1456 1893512335
3 35 0 0
2 2 1456 1893512335
2 3 1456 1893512335
3 35 0 0
2 4 1456 1893512335
2 0 1456 1893512335
3 35 0 0
2 1 1456 1893512335
2 2 1456 1893512335
3 35 0 0
2 3 1456 1893512335
2 4 1456 1893512335
3 35 0 0
2 0 1456 1893512335
2 1 1456 1893512335
3 35 0 0
2 2 1456 1893512335
2 3 1456 1893512335
3 35 0 0
2 4 1456 1893512335
2 0 1456 1893512335
3 35 0 0
2 1 1456 1893512335
2 2 1456 1893512335
3 35 0 0
2 3 1456 1893512335
2 4 1456 1893512335
3 35 0 0
2 0 1456 1893512335
2 1 1456 1893512335
3 35 0 0
2 2 1456 1893512335
2 3 1456 1893512335
3 35 0 0
2 4 1456 1893512335
2 0 1456 1893512335
3 35 0 0
2 1 1456 1893512335
2 2 1456 1893512335
3 35 0 0
2 3 1456 1893512335
2 4 1456 1893512335
3 35 0 0
2 0 1456 1893512335
2 1 1456 1893512335
3 35 0 0
2 2 1456 1893512335
2 3 1456 1893512335
3 35 0 0
2 4 1456 1893512335
2 0 1456 1893512335
3 35 0 0
2 1 1456 1893512335
2 2 1456 1893512335
3 35 0 0
2 3 1456 1893512335
2 4 1456 1893512335
3 35 0 0
2 0 1456 1893512335
2 1 1456 1893512335
3 35 0 0
2 2 1456 1893512335
2 3 1456 1893512335
3 35 0 0
2 4 1456 1893512335
2 0 1456 1893512335
3 35 0 0
2 1 1456 1893512335
2 2 1456 1893512335
3 35 0 0
2 3 1456 1893512335
2 4 1456 1893512335
3 35 0 0
2 0 1456 1893512335
2 1 1456 1893512335
3 35 0 0
2 2 1456 1893512335
2 3 1456 1893512335
3 35 0 0
2 4 1456 1893512335
2 0 1456 1893512335
3 35 0 0
2 1 1456 1893512335
2 2 1456 1893512335
3 35 0 0
2 3 1456 1893512335
2 4 1456 1893512335
3 35 0 0
2 0 1456 1893512335
2 1 1456 1893512335
3 35 0 0
2 2 1456 1893512335
2 3 1456 1893512335
3 35 0 0
2 4 1456 1893512335
2 0 1456 1893512335
3 35 0 0
2 1 1456 1893512335
2 2 1456 1893512335
3 35 0 0
2 3 1456 1893512335
2 4 1456 1893512335
3 35 0 0
2 0 1456 1893512335
2 1 1456 1893512335
3 35 0 0
2 2 1456 1893512335
2 3 1456 1893512335
3 35 0 0
2 4 1456 1893512335
2 0 1456 1893512335
3 35 0 0
2 1 1456 1893512335
2 2 1456 1893512335
3 35 0 0
2 3 1456 1893512335
2 4 1456 1893512335
3 35 0 0
2 0 1456 1893512335
2 1 1456 1893512335
3 35 0 0
2 2 1456 1893512335
2 3 1456 1893512335
3 35 0 0
2 4 1456 1893512335
2 0 1456 1893512335
3 35 0 0
2 1 1456 1893512335
2 2 1456 1893512335
3 35 0 0
2 3 1456 1893512335
2 4 1456 1893512335
3 35 0 0
2 0 1456 1893512335
2 1 1456 1893512335
3 35 0 0
2 2 1456 1893512335
2 3 1456 1893512335
3 35 0 0
2 4 1456 1893512335
2 0 1456 1893512335
3 35 0 0
2 1 1456 1893512335
2 2 1456 1893512335
3 35 0 0
2 3 1456 1893512335
2 4 1456 1893512335
3 35 0 0
2 0 1456 1893512335
2 1 1456 1893512335
3 35 0 0
2 2 1456 1893512335
2 3 1456 1893512335
3 35 0 0
2 4 1456 1893512335
2 0 1456 1893512335
3 35 0 0
2 1 1456 1893512335
2 2 1456 1893512335
3 35 0 0
2 3 1456 1893512335
2 4 1456 1893512335
3 35 0 0
2 0 1456 1893512335
2 1 1456 1893512335
3 35 0 0
2 2 1456 1893512335
2 3 1456 1893512335
3 35 0 0
2 4 1456 1893512335
2 0 1456 1893512335
3 35 0 0
2 1 1456 1893512335
2 2 1456 1893512335
3 35 0 0
2 3 1456 1893512335
2 4 1456 1893512335
3 35 0 0
2 0 1456 1893512335
2 1 1456 1893512335
3 35 0 0
2 2 1456 1893512335
2 3 1456 1893512335
3 35 0 0
2 4 1456 1893512335
2 0 1456 1893512335
3 35 0 0
2 1 1456 1893512335
2 2 1456 1893512335
3 35 0 0
2 3 1456 1893512335
2 4 1456 1893512335
3 35 0 0
2 0 1456 1893512335
2 1 1456 1893512335
3 35 0 0
2 2 1456 1893512335
2 3 1456 1893512335
3 35 0 0
2 4 1456 1893512335
2 0 1456 1893512335
3 35 0 0
2 1 1456 1893512335
2 2 1456 1893512335
3 35 0 0
2 3 1456 1893512335
2 4 1456 1893512335
3 35 0 0
2 0 1456 1893512335
2 1 1456 1893512335
3 35 0 0
2 2 1456 1893512335
2 3 1456 1893512335
3 35 0 0
2 4 1456 1893512335
2 0 1456 1893512335
3 35 0 0
2 1 1456 1893512335
2 2 1456 1893512335
3 35 0 0
2 3 1456 1893512335
2 4 1456 1893512335
3 35 0 0
2 0 1456 1893512335
2 1 1456 1893512335
3 35 0 0
2 2 1456 1893512335
2 3 1456 1893512335
3 35 0 0
2 4 1456 1893512335
2 0 1456 1893512335
3 35 0 0
2 1 1456 1893512335
2 2 1456 1893512335
3 35 0 0
2 3 1456 1893512335
2 4 1456 1893512335
3 35 0 0
2 0 1456 1893512335
2 1 1456 1893512335
3 35 0 0
2 2 1456 1893512335
2 3 1456 1893512335
3 35 0 0
2 4 1456 1893512335
2 0 1456 1893512335
3 35 0 0
2 1 1456 1893512335
2 2 1456 1893512335
3 35 0 0
2 3 1456 1893512335
2 4 1456 1893512335
3 35 0 0
2 0 1456 1893512335
2 1 1456 1893512335
3 35 0 0
2 2 1456 1893512335
2 3 1456 1893512335
3 35 0 0
2 4 1456 1893512335
2 0 1456 1893512335
3 35 0 0
2 1 1456 1893512335
2 2 1456 1893512335
3 35 0 0
2 3 1456 1893512335
2 4 1456 1893512335
3 35 0 0
2 0 1456 1893512335
2 1 1456 1893512335
3 35 0 0
2 2 1456 1893512335
2 3 1456 1893512335
3 35 0 0
2 4 1456 1893512335
2 0 1456 1893512335
3 35 0 0
2 1 1456 1893512335
2 2 1456 1893512335
3 35 0 0
2 3 1456 1893512335
2 4 1456 1893512335
3 35 0 0
0 1642153849 0 0
3 1642153849 0 0
2 0 1456 1893512335
2 1 1456 1893512335
3 35 0 0
2 2 1456 1893512335
2 3 1456 1893512335
3 35 0 0
2 4 1456 1893512335
1 1642153849 0 0
1 1642153849 0 0
1 1642153849 0 0
1 1642153849 0 0
1 1642153849 0 0
1 1642153849 0 0
1 1642153849 0 0
1 1642153849 0 0
1 1642153849 0 0
1 1642153849 0 0
0 3949837645 0 0
3 3949837645 0 0
2 0 1456 1893512335
3 35 0 0
2 1 1456 1893512335
2 2 1456 1893512335
3 35 0 0
2 3 1456 1893512335
2 4 1456 1893512335
3 35 0 0
1 3949837645 0 0
1 3949837645 0 0
1 3949837645 0 0
1 3949837645 0 0
1 3949837645 0 0
1 3949837645 0 0
1 3949837645 0 0
1 3949837645 0 0
1 3949837645 0 0
1 3949837645 0 0
0 1237648349 0 0
3 1237648349 0 0
2 0 1456 1893512335
2 1 1456 1893512335
3 35 0 0
2 2 1456 1893512335
2 3 1456 1893512335
3 35 0 0
2 4 1456 1893512335
1 1237648349 0 0
1 1237648349 0 0
1 1237648349 0 0
1 1237648349 0 0
1 1237648349 0 0
1 1237648349 0 0
1 1237648349 0 0
1 1237648349 0 0
1 1237648349 0 0
1 1237648349 0 0
0 2667697809 0 0
3 2667697809 0 0
2 0 1456 1893512335
3 35 0 0
2 1 1456 1893512335
2 2 1456 1893512335
3 35 0 0
2 3 1456 1893512335
2 4 1456 1893512335
3 35 0 0
1 2667697809 0 0
1 2667697809 0 0
1 2667697809 0 0
1 2667697809 0 0
1 2667697809 0 0
1 2667697809 0 0
1 2667697809 0 0
1 2667697809 0 0
1 2667697809 0 0
1 2667697809 0 0
0 3239479943 0 0
3 3239479943 0 0
2 0 1456 1893512335
2 1 1456 1893512335
3 35 0 0
2 2 1456 1893512335
2 3 1456 1893512335
3 35 0 0
2 4 1456 1893512335
1 3239479943 0 0
1 3239479943 0 0
1 3239479943 0 0
1 3239479943 0 0
1 3239479943 0 0
1 3239479943 0 0
1 3239479943 0 0
1 3239479943 0 0
1 3239479943 0 0
1 3239479943 0 0
0 2270554563 0 0
3 2270554563 0 0
0 2270554563 0 0
3 2270554563 0 0
2 0 1456 1893512335
3 35 0 0
2 1 1456 1893512335
2 2 1456 1893512335
3 35 0 0
2 3 1456 1893512335
2 4 1456 1893512335
3 35 0 0
1 2270554563 0 0
1 2270554563 0 0
1 2270554563 0 0
1 2270554563 0 0
1 2270554563 0 0
1 2270554563 0 0
1 2270554563 0 0
1 2270554563 0 0
1 2270554563 0 0
1 2270554563 0 0
0 2139803408 0 0
3 2139803408 0 0
2 0 1456 1893512335
2 1 1456 1893512335
3 35 0 0
2 2 1456 1893512335
2 3 1456 1893512335
3 35 0 0
2 4 1456 1893512335
1 2139803408 0 0
1 2139803408 0 0
1 2139803408 0 0
1 2139803408 0 0
1 2139803408 0 0
1 2139803408 0 0
1 2139803408 0 0
1 2139803408 0 0
1 2139803408 0 0
1 2139803408 0 0
0 1359515554 0 0
3 1359515554 0 0
2 0 1456 1893512335
3 35 0 0
2 1 1456 1893512335
2 2 1456 1893512335
3 35 0 0
2 3 1456 1893512335
2 4 1456 1893512335
3 35 0 0
1 1359515554 0 0
1 1359515554 0 0
1 1359515554 0 0
1 1359515554 0 0
1 1359515554 0 0
1 1359515554 0 0
1 1359515554 0 0
1 1359515554 0 0
1 1359515554 0 0
1 1359515554 0 0
0 2758581043 0 0
3 2758581043 0 0
2 0 1456 1893512335
2 1 1456 1893512335
3 35 0 0
2 2 1456 1893512335
2 3 1456 1893512335
3 35 0 0
2 4 1456 1893512335
1 2758581043 0 0
1 2758581043 0 0
1 2758581043 0 0
1 2758581043 0 0
1 2758581043 0 0
1 2758581043 0 0
1 2758581043 0 0
1 2758581043 0 0
1 2758581043 0 0
1 2758581043 0 0
0 809168761 0 0
3 809168761 0 0
2 0 1456 1893512335
3 35 0 0
2 1 1456 1893512335
2 2 1456 1893512335
3 35 0 0
2 3 1456 1893512335
2 4 1456 1893512335
3 35 0 0
1 809168761 0 0
1 809168761 0 0
1 809168761 0 0
1 809168761 0 0
1 809168761 0 0
1 809168761 0 0
1 809168761 0 0
1 809168761 0 0
1 809168761 0 0
1 809168761 0 0
0 4081007973 0 0
3 4081007973 0 0
2 0 1456 1893512335
2 1 1456 1893512335
3 35 0 0
2 2 1456 1893512335
2 3 1456 1893512335
3 35 0 0
2 4 1456 1893512335
1 4081007973 0 0
1 4081007973 0 0
1 4081007973 0 0
1 4081007973 0 0
1 4081007973 0 0
1 4081007973 0 0
1 4081007973 0 0
1 4081007973 0 0
1 4081007973 0 0
1 4081007973 0 0
