0 3534055739 0 0
3 3534055739 0 0
2 0 1456 813502452
3 1 0 0
2 1 1456 813502452
3 2 0 0
2 2 1456 813502452
3 3 0 0
2 3 1456 813502452
3 4 0 0
2 4 1456 813502452
3 5 0 0
0 918781152 0 0
3 918781152 0 0
2 0 1456 813502452
3 5 0 0
2 1 1456 813502452
3 5 0 0
2 2 1456 813502452
3 5 0 0
2 3 1456 813502452
3 5 0 0
2 4 1456 813502452
3 5 0 0
2 5 1456 813502452
3 6 0 0
2 6 1456 813502452
3 7 0 0
2 7 1456 813502452
3 8 0 0
2 8 1456 813502452
3 9 0 0
2 9 1456 813502452
3 10 0 0
0 1659335069 0 0
3 1659335069 0 0
2 0 1456 813502452
3 10 0 0
2 1 1456 813502452
3 10 0 0
2 2 1456 813502452
3 10 0 0
2 3 1456 813502452
3 10 0 0
2 4 1456 813502452
3 10 0 0
2 10 1456 813502452
3 11 0 0
2 11 1456 813502452
3 12 0 0
2 12 1456 813502452
3 13 0 0
2 13 1074 1971708280
3 14 0 0
2 11 1456 813502452
3 14 0 0
2 12 1456 813502452
3 14 0 0
2 13 1074 1971708280
3 14 0 0
2 12 1456 813502452
3 14 0 0
2 13 1074 1971708280
3 14 0 0
2 13 1074 1971708280
3 14 0 0
1 1659335069 0 0
1 1659335069 0 0
1 1659335069 0 0
1 1659335069 0 0
1 1659335069 0 0
1 1659335069 0 0
1 1659335069 0 0
1 1659335069 0 0
1 1659335069 0 0
1 1659335069 0 0
0 2197186238 0 0
3 2197186238 0 0
2 0 1456 813502452
3 14 0 0
2 1 1456 813502452
3 14 0 0
2 2 1456 813502452
3 14 0 0
2 3 1456 813502452
3 14 0 0
2 4 1456 813502452
3 14 0 0
1 2197186238 0 0
1 2197186238 0 0
1 2197186238 0 0
1 2197186238 0 0
1 2197186238 0 0
1 2197186238 0 0
1 2197186238 0 0
1 2197186238 0 0
1 2197186238 0 0
1 2197186238 0 0
0 1235433024 0 0
3 1235433024 0 0
2 0 1456 813502452
3 14 0 0
2 1 1456 813502452
3 14 0 0
2 2 1456 813502452
3 14 0 0
2 3 1456 813502452
3 14 0 0
2 4 1456 813502452
3 14 0 0
1 1235433024 0 0
1 1235433024 0 0
1 1235433024 0 0
1 1235433024 0 0
1 1235433024 0 0
1 1235433024 0 0
1 1235433024 0 0
1 1235433024 0 0
1 1235433024 0 0
1 1235433024 0 0
0 2054614905 0 0
3 2054614905 0 0
2 0 1456 813502452
3 14 0 0
2 1 1456 813502452
3 14 0 0
2 2 1456 813502452
3 14 0 0
2 3 1456 813502452
3 14 0 0
2 4 1456 813502452
3 14 0 0
1 2054614905 0 0
1 2054614905 0 0
1 2054614905 0 0
1 2054614905 0 0
1 2054614905 0 0
1 2054614905 0 0
1 2054614905 0 0
1 2054614905 0 0
1 2054614905 0 0
1 2054614905 0 0
0 3328230880 0 0
3 3328230880 0 0
2 0 1456 813502452
3 14 0 0
2 1 1456 813502452
3 14 0 0
2 2 1456 813502452
3 14 0 0
2 3 1456 813502452
3 14 0 0
2 4 1456 813502452
3 14 0 0
1 3328230880 0 0
1 3328230880 0 0
1 3328230880 0 0
1 3328230880 0 0
1 3328230880 0 0
1 3328230880 0 0
1 3328230880 0 0
1 3328230880 0 0
1 3328230880 0 0
1 3328230880 0 0
0 3621957474 0 0
3 3621957474 0 0
2 0 1456 813502452
3 14 0 0
2 1 1456 813502452
3 14 0 0
2 2 1456 813502452
3 14 0 0
2 3 1456 813502452
3 14 0 0
2 4 1456 813502452
3 14 0 0
1 3621957474 0 0
1 3621957474 0 0
1 3621957474 0 0
1 3621957474 0 0
1 3621957474 0 0
1 3621957474 0 0
1 3621957474 0 0
1 3621957474 0 0
1 3621957474 0 0
1 3621957474 0 0
0 3871715434 0 0
3 3871715434 0 0
2 0 1456 813502452
3 14 0 0
2 1 1456 813502452
3 14 0 0
2 2 1456 813502452
3 14 0 0
2 3 1456 813502452
3 14 0 0
2 4 1456 813502452
3 14 0 0
1 3871715434 0 0
1 3871715434 0 0
1 3871715434 0 0
1 3871715434 0 0
1 3871715434 0 0
1 3871715434 0 0
1 3871715434 0 0
1 3871715434 0 0
1 3871715434 0 0
1 3871715434 0 0
0 3450962162 0 0
3 3450962162 0 0
2 0 1456 813502452
3 14 0 0
2 1 1456 813502452
3 14 0 0
2 2 1456 813502452
3 14 0 0
2 3 1456 813502452
3 14 0 0
2 4 1456 813502452
3 14 0 0
1 3450962162 0 0
1 3450962162 0 0
1 3450962162 0 0
1 3450962162 0 0
1 3450962162 0 0
1 3450962162 0 0
1 3450962162 0 0
1 3450962162 0 0
1 3450962162 0 0
1 3450962162 0 0
0 1400493698 0 0
3 1400493698 0 0
2 0 1456 813502452
3 14 0 0
2 1 1456 813502452
3 14 0 0
2 2 1456 813502452
3 14 0 0
2 3 1456 813502452
3 14 0 0
2 4 1456 813502452
3 14 0 0
1 1400493698 0 0
1 1400493698 0 0
1 1400493698 0 0
1 1400493698 0 0
1 1400493698 0 0
1 1400493698 0 0
1 1400493698 0 0
1 1400493698 0 0
1 1400493698 0 0
1 1400493698 0 0
0 1821220309 0 0
3 1821220309 0 0
2 0 1456 813502452
3 14 0 0
2 1 1456 813502452
3 14 0 0
2 2 1456 813502452
3 14 0 0
2 3 1456 813502452
3 14 0 0
2 4 1456 813502452
3 14 0 0
1 1821220309 0 0
1 1821220309 0 0
1 1821220309 0 0
1 1821220309 0 0
1 1821220309 0 0
1 1821220309 0 0
1 1821220309 0 0
1 1821220309 0 0
1 1821220309 0 0
1 1821220309 0 0
0 854671117 0 0
3 854671117 0 0
2 0 1456 813502452
3 14 0 0
2 1 1456 813502452
3 14 0 0
2 2 1456 813502452
3 14 0 0
2 3 1456 813502452
3 14 0 0
2 4 1456 813502452
3 14 0 0
1 854671117 0 0
1 854671117 0 0
1 854671117 0 0
1 854671117 0 0
1 854671117 0 0
1 854671117 0 0
1 854671117 0 0
1 854671117 0 0
1 854671117 0 0
1 854671117 0 0
0 4238126348 0 0
3 4238126348 0 0
2 0 1456 813502452
3 14 0 0
2 1 1456 813502452
3 14 0 0
2 2 1456 813502452
3 14 0 0
2 3 1456 813502452
3 14 0 0
2 4 1456 813502452
3 14 0 0
1 4238126348 0 0
1 4238126348 0 0
1 4238126348 0 0
1 4238126348 0 0
1 4238126348 0 0
1 4238126348 0 0
1 4238126348 0 0
1 4238126348 0 0
1 4238126348 0 0
1 4238126348 0 0
0 939483608 0 0
3 939483608 0 0
2 0 1456 813502452
3 14 0 0
2 1 1456 813502452
3 14 0 0
2 2 1456 813502452
3 14 0 0
2 3 1456 813502452
3 14 0 0
2 4 1456 813502452
3 14 0 0
1 939483608 0 0
1 939483608 0 0
1 939483608 0 0
1 939483608 0 0
1 939483608 0 0
1 939483608 0 0
1 939483608 0 0
1 939483608 0 0
1 939483608 0 0
1 939483608 0 0
0 808190822 0 0
3 808190822 0 0
2 0 1456 813502452
3 14 0 0
2 1 1456 813502452
3 14 0 0
2 2 1456 813502452
3 14 0 0
2 3 1456 813502452
3 14 0 0
2 4 1456 813502452
3 14 0 0
1 808190822 0 0
1 808190822 0 0
1 808190822 0 0
1 808190822 0 0
1 808190822 0 0
1 808190822 0 0
1 808190822 0 0
1 808190822 0 0
1 808190822 0 0
1 808190822 0 0
0 874504356 0 0
3 874504356 0 0
2 0 1456 813502452
3 14 0 0
2 1 1456 813502452
3 14 0 0
2 2 1456 813502452
3 14 0 0
2 3 1456 813502452
3 14 0 0
2 4 1456 813502452
3 14 0 0
1 874504356 0 0
1 874504356 0 0
1 874504356 0 0
1 874504356 0 0
1 874504356 0 0
1 874504356 0 0
1 874504356 0 0
1 874504356 0 0
1 874504356 0 0
1 874504356 0 0
0 2489835134 0 0
3 2489835134 0 0
2 0 1456 813502452
3 14 0 0
2 1 1456 813502452
3 14 0 0
2 2 1456 813502452
3 14 0 0
2 3 1456 813502452
3 14 0 0
2 4 1456 813502452
3 14 0 0
1 2489835134 0 0
1 2489835134 0 0
1 2489835134 0 0
1 2489835134 0 0
1 2489835134 0 0
1 2489835134 0 0
1 2489835134 0 0
1 2489835134 0 0
1 2489835134 0 0
1 2489835134 0 0
0 591937901 0 0
3 591937901 0 0
2 0 1456 813502452
3 14 0 0
2 1 1456 813502452
3 14 0 0
2 2 1456 813502452
3 14 0 0
2 3 1456 813502452
3 14 0 0
2 4 1456 813502452
3 14 0 0
1 591937901 0 0
1 591937901 0 0
1 591937901 0 0
1 591937901 0 0
1 591937901 0 0
1 591937901 0 0
1 591937901 0 0
1 591937901 0 0
1 591937901 0 0
1 591937901 0 0
0 2216809105 0 0
3 2216809105 0 0
2 0 1456 813502452
3 14 0 0
2 1 1456 813502452
3 14 0 0
2 2 1456 813502452
3 14 0 0
2 3 1456 813502452
3 14 0 0
2 4 1456 813502452
3 14 0 0
1 2216809105 0 0
1 2216809105 0 0
1 2216809105 0 0
1 2216809105 0 0
1 2216809105 0 0
1 2216809105 0 0
1 2216809105 0 0
1 2216809105 0 0
1 2216809105 0 0
1 2216809105 0 0
0 2070371388 0 0
3 2070371388 0 0
2 0 1456 813502452
3 14 0 0
2 1 1456 813502452
3 14 0 0
2 2 1456 813502452
3 14 0 0
2 3 1456 813502452
3 14 0 0
2 4 1456 813502452
3 14 0 0
1 2070371388 0 0
1 2070371388 0 0
1 2070371388 0 0
1 2070371388 0 0
1 2070371388 0 0
1 2070371388 0 0
1 2070371388 0 0
1 2070371388 0 0
1 2070371388 0 0
1 2070371388 0 0
0 4096929996 0 0
3 4096929996 0 0
2 0 1456 813502452
3 14 0 0
2 1 1456 813502452
3 14 0 0
2 2 1456 813502452
3 14 0 0
2 3 1456 813502452
3 14 0 0
2 4 1456 813502452
3 14 0 0
1 4096929996 0 0
1 4096929996 0 0
1 4096929996 0 0
1 4096929996 0 0
1 4096929996 0 0
1 4096929996 0 0
1 4096929996 0 0
1 4096929996 0 0
1 4096929996 0 0
1 4096929996 0 0
0 1009823580 0 0
3 1009823580 0 0
2 0 1456 813502452
3 14 0 0
2 1 1456 813502452
3 14 0 0
2 2 1456 813502452
3 14 0 0
2 3 1456 813502452
3 14 0 0
2 4 1456 813502452
3 14 0 0
1 1009823580 0 0
1 1009823580 0 0
1 1009823580 0 0
1 1009823580 0 0
1 1009823580 0 0
1 1009823580 0 0
1 1009823580 0 0
1 1009823580 0 0
1 1009823580 0 0
1 1009823580 0 0
0 4052471396 0 0
3 4052471396 0 0
2 0 1456 813502452
3 14 0 0
2 1 1456 813502452
3 14 0 0
2 2 1456 813502452
3 14 0 0
2 3 1456 813502452
3 14 0 0
2 4 1456 813502452
3 14 0 0
1 4052471396 0 0
1 4052471396 0 0
1 4052471396 0 0
1 4052471396 0 0
1 4052471396 0 0
1 4052471396 0 0
1 4052471396 0 0
1 4052471396 0 0
1 4052471396 0 0
1 4052471396 0 0
0 366729106 0 0
3 366729106 0 0
2 0 1456 813502452
3 14 0 0
2 1 1456 813502452
3 14 0 0
2 2 1456 813502452
3 14 0 0
2 3 1456 813502452
3 14 0 0
2 4 1456 813502452
3 14 0 0
1 366729106 0 0
1 366729106 0 0
1 366729106 0 0
1 366729106 0 0
1 366729106 0 0
1 366729106 0 0
1 366729106 0 0
1 366729106 0 0
1 366729106 0 0
1 366729106 0 0
0 3026701502 0 0
3 3026701502 0 0
2 0 1456 813502452
3 14 0 0
2 1 1456 813502452
3 14 0 0
2 2 1456 813502452
3 14 0 0
2 3 1456 813502452
3 14 0 0
2 4 1456 813502452
3 14 0 0
1 3026701502 0 0
1 3026701502 0 0
1 3026701502 0 0
1 3026701502 0 0
1 3026701502 0 0
1 3026701502 0 0
1 3026701502 0 0
1 3026701502 0 0
1 3026701502 0 0
1 3026701502 0 0
0 832203514 0 0
3 832203514 0 0
2 0 1456 813502452
3 14 0 0
2 1 1456 813502452
3 14 0 0
2 2 1456 813502452
3 14 0 0
2 3 1456 813502452
3 14 0 0
2 4 1456 813502452
3 14 0 0
1 832203514 0 0
1 832203514 0 0
1 832203514 0 0
1 832203514 0 0
1 832203514 0 0
1 832203514 0 0
1 832203514 0 0
1 832203514 0 0
1 832203514 0 0
1 832203514 0 0
0 446281908 0 0
3 446281908 0 0
2 0 1456 813502452
3 14 0 0
2 1 1456 813502452
3 14 0 0
2 2 1456 813502452
3 14 0 0
2 3 1456 813502452
3 14 0 0
2 4 1456 813502452
3 14 0 0
1 446281908 0 0
1 446281908 0 0
1 446281908 0 0
1 446281908 0 0
1 446281908 0 0
1 446281908 0 0
1 446281908 0 0
1 446281908 0 0
1 446281908 0 0
1 446281908 0 0
0 2392377891 0 0
3 2392377891 0 0
2 0 1456 813502452
3 14 0 0
2 1 1456 813502452
3 14 0 0
2 2 1456 813502452
3 14 0 0
2 3 1456 813502452
3 14 0 0
2 4 1456 813502452
3 14 0 0
0 3313138139 0 0
3 3313138139 0 0
2 0 1456 813502452
3 14 0 0
2 1 1456 813502452
3 14 0 0
2 2 1456 813502452
3 14 0 0
2 3 1456 813502452
3 14 0 0
2 4 1456 813502452
3 14 0 0
1 3313138139 0 0
1 3313138139 0 0
1 3313138139 0 0
1 3313138139 0 0
1 3313138139 0 0
1 3313138139 0 0
1 3313138139 0 0
1 3313138139 0 0
1 3313138139 0 0
1 3313138139 0 0
0 2814411970 0 0
3 2814411970 0 0
2 0 1456 813502452
3 14 0 0
2 1 1456 813502452
3 14 0 0
2 2 1456 813502452
3 14 0 0
2 3 1456 813502452
3 14 0 0
2 4 1456 813502452
3 14 0 0
1 2814411970 0 0
1 2814411970 0 0
1 2814411970 0 0
1 2814411970 0 0
1 2814411970 0 0
1 2814411970 0 0
1 2814411970 0 0
1 2814411970 0 0
1 2814411970 0 0
1 2814411970 0 0
0 397913717 0 0
3 397913717 0 0
2 0 1456 813502452
3 14 0 0
2 1 1456 813502452
3 14 0 0
2 2 1456 813502452
3 14 0 0
2 3 1456 813502452
3 14 0 0
2 4 1456 813502452
3 14 0 0
1 397913717 0 0
1 397913717 0 0
1 397913717 0 0
1 397913717 0 0
1 397913717 0 0
1 397913717 0 0
1 397913717 0 0
1 397913717 0 0
1 397913717 0 0
1 397913717 0 0
