0 646258563 0 0
3 646258563 0 0
0 646258563 0 0
3 646258563 0 0
0 646258563 0 0
3 646258563 0 0
0 646258563 0 0
3 646258563 0 0
0 646258563 0 0
3 646258563 0 0
2 0 1456 157647168
3 1 0 0
2 1 1456 3486386878
3 2 0 0
2 2 1456 191316541
3 3 0 0
2 3 1456 1908881463
3 4 0 0
2 4 1456 673562204
3 5 0 0
2 5 1456 1714613331
3 6 0 0
2 6 1456 2470672287
3 7 0 0
2 7 1456 1864464095
3 8 0 0
2 8 1456 1961014244
3 9 0 0
2 9 1456 1943323181
3 10 0 0
2 1 1456 3486386878
3 10 0 0
2 2 1456 191316541
3 10 0 0
2 3 1456 1908881463
3 10 0 0
2 4 1456 673562204
3 10 0 0
2 5 1456 1714613331
3 10 0 0
2 6 1456 2470672287
3 10 0 0
2 7 1456 1864464095
3 10 0 0
2 8 1456 1961014244
3 10 0 0
2 9 1456 1943323181
3 10 0 0
2 10 1456 1176548876
3 11 0 0
2 2 1456 191316541
3 11 0 0
2 3 1456 1908881463
3 11 0 0
2 4 1456 673562204
3 11 0 0
2 5 1456 1714613331
3 11 0 0
2 6 1456 2470672287
3 11 0 0
2 7 1456 1864464095
3 11 0 0
2 8 1456 1961014244
3 11 0 0
2 9 1456 1943323181
3 11 0 0
2 10 1456 1176548876
3 11 0 0
2 11 1456 1348452146
3 12 0 0
2 3 1456 1908881463
3 12 0 0
2 4 1456 673562204
3 12 0 0
2 5 1456 1714613331
3 12 0 0
2 6 1456 2470672287
3 12 0 0
2 7 1456 1864464095
3 12 0 0
2 8 1456 1961014244
3 12 0 0
2 9 1456 1943323181
3 12 0 0
2 10 1456 1176548876
3 12 0 0
2 11 1456 1348452146
3 12 0 0
2 12 1456 3605988491
3 13 0 0
2 4 1456 673562204
3 13 0 0
2 5 1456 1714613331
3 13 0 0
2 6 1456 2470672287
3 13 0 0
2 7 1456 1864464095
3 13 0 0
2 8 1456 1961014244
3 13 0 0
2 9 1456 1943323181
3 13 0 0
2 10 1456 1176548876
3 13 0 0
2 11 1456 1348452146
3 13 0 0
2 12 1456 3605988491
3 13 0 0
2 13 1422 1956429613
3 14 0 0
2 5 1456 1714613331
3 14 0 0
2 6 1456 2470672287
3 14 0 0
2 7 1456 1864464095
3 14 0 0
2 8 1456 1961014244
3 14 0 0
2 9 1456 1943323181
3 14 0 0
2 10 1456 1176548876
3 14 0 0
2 11 1456 1348452146
3 14 0 0
2 12 1456 3605988491
3 14 0 0
2 13 1422 1956429613
3 14 0 0
2 6 1456 2470672287
3 14 0 0
2 7 1456 1864464095
3 14 0 0
2 8 1456 1961014244
3 14 0 0
2 9 1456 1943323181
3 14 0 0
2 10 1456 1176548876
3 14 0 0
2 11 1456 1348452146
3 14 0 0
2 12 1456 3605988491
3 14 0 0
2 13 1422 1956429613
3 14 0 0
2 7 1456 1864464095
3 14 0 0
2 8 1456 1961014244
3 14 0 0
2 9 1456 1943323181
3 14 0 0
2 10 1456 1176548876
3 14 0 0
2 11 1456 1348452146
3 14 0 0
2 12 1456 3605988491
3 14 0 0
2 13 1422 1956429613
3 14 0 0
2 8 1456 1961014244
3 14 0 0
2 9 1456 1943323181
3 14 0 0
2 10 1456 1176548876
3 14 0 0
2 11 1456 1348452146
3 14 0 0
2 12 1456 3605988491
3 14 0 0
2 13 1422 1956429613
3 14 0 0
2 9 1456 1943323181
3 14 0 0
2 10 1456 1176548876
3 14 0 0
2 11 1456 1348452146
3 14 0 0
2 12 1456 3605988491
3 14 0 0
2 13 1422 1956429613
3 14 0 0
2 10 1456 1176548876
3 14 0 0
2 11 1456 1348452146
3 14 0 0
2 12 1456 3605988491
3 14 0 0
2 13 1422 1956429613
3 14 0 0
0 1137299108 0 0
3 1137299108 0 0
0 1137299108 0 0
3 1137299108 0 0
0 1137299108 0 0
3 1137299108 0 0
0 1137299108 0 0
3 1137299108 0 0
2 0 1456 157647168
3 14 0 0
2 1 1456 3486386878
3 14 0 0
2 2 1456 191316541
3 14 0 0
2 3 1456 1908881463
3 14 0 0
2 4 1456 673562204
3 14 0 0
2 5 1456 1714613331
3 14 0 0
2 6 1456 2470672287
3 14 0 0
2 7 1456 1864464095
3 14 0 0
2 8 1456 1961014244
3 14 0 0
2 9 1456 1943323181
3 14 0 0
1 1137299108 0 0
1 1137299108 0 0
1 1137299108 0 0
1 1137299108 0 0
1 1137299108 0 0
1 1137299108 0 0
1 1137299108 0 0
1 1137299108 0 0
1 1137299108 0 0
1 1137299108 0 0
0 200544536 0 0
3 200544536 0 0
0 200544536 0 0
3 200544536 0 0
0 200544536 0 0
3 200544536 0 0
0 200544536 0 0
3 200544536 0 0
0 200544536 0 0
3 200544536 0 0
0 200544536 0 0
3 200544536 0 0
2 0 1456 157647168
3 14 0 0
2 1 1456 3486386878
3 14 0 0
2 2 1456 191316541
3 14 0 0
2 3 1456 1908881463
3 14 0 0
2 4 1456 673562204
3 14 0 0
2 5 1456 1714613331
3 14 0 0
2 6 1456 2470672287
3 14 0 0
2 7 1456 1864464095
3 14 0 0
2 8 1456 1961014244
3 14 0 0
2 9 1456 1943323181
3 14 0 0
1 200544536 0 0
1 200544536 0 0
1 200544536 0 0
1 200544536 0 0
1 200544536 0 0
1 200544536 0 0
1 200544536 0 0
1 200544536 0 0
1 200544536 0 0
1 200544536 0 0
0 2336209480 0 0
3 2336209480 0 0
0 2336209480 0 0
3 2336209480 0 0
0 2336209480 0 0
3 2336209480 0 0
0 2336209480 0 0
3 2336209480 0 0
2 0 1456 157647168
3 14 0 0
2 1 1456 3486386878
3 14 0 0
2 2 1456 191316541
3 14 0 0
2 3 1456 1908881463
3 14 0 0
2 4 1456 673562204
3 14 0 0
2 5 1456 1714613331
3 14 0 0
2 6 1456 2470672287
3 14 0 0
2 7 1456 1864464095
3 14 0 0
2 8 1456 1961014244
3 14 0 0
2 9 1456 1943323181
3 14 0 0
1 2336209480 0 0
1 2336209480 0 0
1 2336209480 0 0
1 2336209480 0 0
1 2336209480 0 0
1 2336209480 0 0
1 2336209480 0 0
1 2336209480 0 0
1 2336209480 0 0
1 2336209480 0 0
0 1320663932 0 0
3 1320663932 0 0
0 1320663932 0 0
3 1320663932 0 0
0 1320663932 0 0
3 1320663932 0 0
0 1320663932 0 0
3 1320663932 0 0
2 0 1456 157647168
3 14 0 0
2 1 1456 3486386878
3 14 0 0
2 2 1456 191316541
3 14 0 0
2 3 1456 1908881463
3 14 0 0
2 4 1456 673562204
3 14 0 0
2 5 1456 1714613331
3 14 0 0
2 6 1456 2470672287
3 14 0 0
2 7 1456 1864464095
3 14 0 0
2 8 1456 1961014244
3 14 0 0
2 9 1456 1943323181
3 14 0 0
1 1320663932 0 0
1 1320663932 0 0
1 1320663932 0 0
1 1320663932 0 0
1 1320663932 0 0
1 1320663932 0 0
1 1320663932 0 0
1 1320663932 0 0
1 1320663932 0 0
1 1320663932 0 0
0 281527335 0 0
3 281527335 0 0
0 281527335 0 0
3 281527335 0 0
0 281527335 0 0
3 281527335 0 0
0 281527335 0 0
3 281527335 0 0
0 281527335 0 0
3 281527335 0 0
0 281527335 0 0
3 281527335 0 0
2 0 1456 157647168
3 14 0 0
2 1 1456 3486386878
3 14 0 0
2 2 1456 191316541
3 14 0 0
2 3 1456 1908881463
3 14 0 0
2 4 1456 673562204
3 14 0 0
2 5 1456 1714613331
3 14 0 0
2 6 1456 2470672287
3 14 0 0
2 7 1456 1864464095
3 14 0 0
2 8 1456 1961014244
3 14 0 0
2 9 1456 1943323181
3 14 0 0
1 281527335 0 0
1 281527335 0 0
1 281527335 0 0
1 281527335 0 0
1 281527335 0 0
1 281527335 0 0
1 281527335 0 0
1 281527335 0 0
1 281527335 0 0
1 281527335 0 0
0 1710516390 0 0
3 1710516390 0 0
0 1710516390 0 0
3 1710516390 0 0
0 1710516390 0 0
3 1710516390 0 0
0 1710516390 0 0
3 1710516390 0 0
0 1710516390 0 0
3 1710516390 0 0
0 1710516390 0 0
3 1710516390 0 0
2 0 1456 157647168
3 14 0 0
2 1 1456 3486386878
3 14 0 0
2 2 1456 191316541
3 14 0 0
2 3 1456 1908881463
3 14 0 0
2 4 1456 673562204
3 14 0 0
2 5 1456 1714613331
3 14 0 0
2 6 1456 2470672287
3 14 0 0
2 7 1456 1864464095
3 14 0 0
2 8 1456 1961014244
3 14 0 0
2 9 1456 1943323181
3 14 0 0
1 1710516390 0 0
1 1710516390 0 0
1 1710516390 0 0
1 1710516390 0 0
1 1710516390 0 0
1 1710516390 0 0
1 1710516390 0 0
1 1710516390 0 0
1 1710516390 0 0
1 1710516390 0 0
0 2571125102 0 0
3 2571125102 0 0
0 2571125102 0 0
3 2571125102 0 0
0 2571125102 0 0
3 2571125102 0 0
0 2571125102 0 0
3 2571125102 0 0
0 2571125102 0 0
3 2571125102 0 0
0 2571125102 0 0
3 2571125102 0 0
0 2571125102 0 0
3 2571125102 0 0
2 0 1456 157647168
3 14 0 0
2 1 1456 3486386878
3 14 0 0
2 2 1456 191316541
3 14 0 0
2 3 1456 1908881463
3 14 0 0
2 4 1456 673562204
3 14 0 0
2 5 1456 1714613331
3 14 0 0
2 6 1456 2470672287
3 14 0 0
2 7 1456 1864464095
3 14 0 0
2 8 1456 1961014244
3 14 0 0
2 9 1456 1943323181
3 14 0 0
1 2571125102 0 0
1 2571125102 0 0
1 2571125102 0 0
1 2571125102 0 0
1 2571125102 0 0
1 2571125102 0 0
1 2571125102 0 0
1 2571125102 0 0
1 2571125102 0 0
1 2571125102 0 0
0 2917440867 0 0
3 2917440867 0 0
0 2917440867 0 0
3 2917440867 0 0
0 2917440867 0 0
3 2917440867 0 0
0 2917440867 0 0
3 2917440867 0 0
0 2917440867 0 0
3 2917440867 0 0
0 2917440867 0 0
3 2917440867 0 0
2 0 1456 157647168
3 14 0 0
2 1 1456 3486386878
3 14 0 0
2 2 1456 191316541
3 14 0 0
2 3 1456 1908881463
3 14 0 0
2 4 1456 673562204
3 14 0 0
2 5 1456 1714613331
3 14 0 0
2 6 1456 2470672287
3 14 0 0
2 7 1456 1864464095
3 14 0 0
2 8 1456 1961014244
3 14 0 0
2 9 1456 1943323181
3 14 0 0
1 2917440867 0 0
1 2917440867 0 0
1 2917440867 0 0
1 2917440867 0 0
1 2917440867 0 0
1 2917440867 0 0
1 2917440867 0 0
1 2917440867 0 0
1 2917440867 0 0
1 2917440867 0 0
0 1025354628 0 0
3 1025354628 0 0
0 1025354628 0 0
3 1025354628 0 0
0 1025354628 0 0
3 1025354628 0 0
0 1025354628 0 0
3 1025354628 0 0
0 1025354628 0 0
3 1025354628 0 0
2 0 1456 157647168
3 14 0 0
2 1 1456 3486386878
3 14 0 0
2 2 1456 191316541
3 14 0 0
2 3 1456 1908881463
3 14 0 0
2 4 1456 673562204
3 14 0 0
2 5 1456 1714613331
3 14 0 0
2 6 1456 2470672287
3 14 0 0
2 7 1456 1864464095
3 14 0 0
2 8 1456 1961014244
3 14 0 0
2 9 1456 1943323181
3 14 0 0
1 1025354628 0 0
1 1025354628 0 0
1 1025354628 0 0
1 1025354628 0 0
1 1025354628 0 0
1 1025354628 0 0
1 1025354628 0 0
1 1025354628 0 0
1 1025354628 0 0
1 1025354628 0 0
0 2357983160 0 0
3 2357983160 0 0
0 2357983160 0 0
3 2357983160 0 0
0 2357983160 0 0
3 2357983160 0 0
0 2357983160 0 0
3 2357983160 0 0
0 2357983160 0 0
3 2357983160 0 0
0 2357983160 0 0
3 2357983160 0 0
2 0 1456 157647168
3 14 0 0
2 1 1456 3486386878
3 14 0 0
2 2 1456 191316541
3 14 0 0
2 3 1456 1908881463
3 14 0 0
2 4 1456 673562204
3 14 0 0
2 5 1456 1714613331
3 14 0 0
2 6 1456 2470672287
3 14 0 0
2 7 1456 1864464095
3 14 0 0
2 8 1456 1961014244
3 14 0 0
2 9 1456 1943323181
3 14 0 0
1 2357983160 0 0
1 2357983160 0 0
1 2357983160 0 0
1 2357983160 0 0
1 2357983160 0 0
1 2357983160 0 0
1 2357983160 0 0
1 2357983160 0 0
1 2357983160 0 0
1 2357983160 0 0
0 2484272875 0 0
3 2484272875 0 0
0 2484272875 0 0
3 2484272875 0 0
0 2484272875 0 0
3 2484272875 0 0
0 2484272875 0 0
3 2484272875 0 0
0 2484272875 0 0
3 2484272875 0 0
0 2484272875 0 0
3 2484272875 0 0
0 2484272875 0 0
3 2484272875 0 0
2 0 1456 157647168
3 14 0 0
2 1 1456 3486386878
3 14 0 0
2 2 1456 191316541
3 14 0 0
2 3 1456 1908881463
3 14 0 0
2 4 1456 673562204
3 14 0 0
2 5 1456 1714613331
3 14 0 0
2 6 1456 2470672287
3 14 0 0
2 7 1456 1864464095
3 14 0 0
2 8 1456 1961014244
3 14 0 0
2 9 1456 1943323181
3 14 0 0
1 2484272875 0 0
1 2484272875 0 0
1 2484272875 0 0
1 2484272875 0 0
1 2484272875 0 0
1 2484272875 0 0
1 2484272875 0 0
1 2484272875 0 0
1 2484272875 0 0
1 2484272875 0 0
0 2978243696 0 0
3 2978243696 0 0
0 2978243696 0 0
3 2978243696 0 0
0 2978243696 0 0
3 2978243696 0 0
0 2978243696 0 0
3 2978243696 0 0
0 2978243696 0 0
3 2978243696 0 0
0 2978243696 0 0
3 2978243696 0 0
2 0 1456 157647168
3 14 0 0
2 1 1456 3486386878
3 14 0 0
2 2 1456 191316541
3 14 0 0
2 3 1456 1908881463
3 14 0 0
2 4 1456 673562204
3 14 0 0
2 5 1456 1714613331
3 14 0 0
2 6 1456 2470672287
3 14 0 0
2 7 1456 1864464095
3 14 0 0
2 8 1456 1961014244
3 14 0 0
2 9 1456 1943323181
3 14 0 0
1 2978243696 0 0
1 2978243696 0 0
1 2978243696 0 0
1 2978243696 0 0
1 2978243696 0 0
1 2978243696 0 0
1 2978243696 0 0
1 2978243696 0 0
1 2978243696 0 0
1 2978243696 0 0
0 1855845656 0 0
3 1855845656 0 0
0 1855845656 0 0
3 1855845656 0 0
0 1855845656 0 0
3 1855845656 0 0
0 1855845656 0 0
3 1855845656 0 0
2 0 1456 157647168
3 14 0 0
2 1 1456 3486386878
3 14 0 0
2 2 1456 191316541
3 14 0 0
2 3 1456 1908881463
3 14 0 0
2 4 1456 673562204
3 14 0 0
2 5 1456 1714613331
3 14 0 0
2 6 1456 2470672287
3 14 0 0
2 7 1456 1864464095
3 14 0 0
2 8 1456 1961014244
3 14 0 0
2 9 1456 1943323181
3 14 0 0
1 1855845656 0 0
1 1855845656 0 0
1 1855845656 0 0
1 1855845656 0 0
1 1855845656 0 0
1 1855845656 0 0
1 1855845656 0 0
1 1855845656 0 0
1 1855845656 0 0
1 1855845656 0 0
0 935619203 0 0
3 935619203 0 0
0 935619203 0 0
3 935619203 0 0
0 935619203 0 0
3 935619203 0 0
0 935619203 0 0
3 935619203 0 0
0 935619203 0 0
3 935619203 0 0
2 0 1456 157647168
3 14 0 0
2 1 1456 3486386878
3 14 0 0
2 2 1456 191316541
3 14 0 0
2 3 1456 1908881463
3 14 0 0
2 4 1456 673562204
3 14 0 0
2 5 1456 1714613331
3 14 0 0
2 6 1456 2470672287
3 14 0 0
2 7 1456 1864464095
3 14 0 0
2 8 1456 1961014244
3 14 0 0
2 9 1456 1943323181
3 14 0 0
1 935619203 0 0
1 935619203 0 0
1 935619203 0 0
1 935619203 0 0
1 935619203 0 0
1 935619203 0 0
1 935619203 0 0
1 935619203 0 0
1 935619203 0 0
1 935619203 0 0
0 1938142245 0 0
3 1938142245 0 0
0 1938142245 0 0
3 1938142245 0 0
0 1938142245 0 0
3 1938142245 0 0
0 1938142245 0 0
3 1938142245 0 0
0 1938142245 0 0
3 1938142245 0 0
0 1938142245 0 0
3 1938142245 0 0
0 1938142245 0 0
3 1938142245 0 0
2 0 1456 157647168
3 14 0 0
2 1 1456 3486386878
3 14 0 0
2 2 1456 191316541
3 14 0 0
2 3 1456 1908881463
3 14 0 0
2 4 1456 673562204
3 14 0 0
2 5 1456 1714613331
3 14 0 0
2 6 1456 2470672287
3 14 0 0
2 7 1456 1864464095
3 14 0 0
2 8 1456 1961014244
3 14 0 0
2 9 1456 1943323181
3 14 0 0
1 1938142245 0 0
1 1938142245 0 0
1 1938142245 0 0
1 1938142245 0 0
1 1938142245 0 0
1 1938142245 0 0
1 1938142245 0 0
1 1938142245 0 0
1 1938142245 0 0
1 1938142245 0 0
0 399141648 0 0
3 399141648 0 0
0 399141648 0 0
3 399141648 0 0
0 399141648 0 0
3 399141648 0 0
0 399141648 0 0
3 399141648 0 0
0 399141648 0 0
3 399141648 0 0
0 399141648 0 0
3 399141648 0 0
0 399141648 0 0
3 399141648 0 0
2 0 1456 157647168
3 14 0 0
2 1 1456 3486386878
3 14 0 0
2 2 1456 191316541
3 14 0 0
2 3 1456 1908881463
3 14 0 0
2 4 1456 673562204
3 14 0 0
2 5 1456 1714613331
3 14 0 0
2 6 1456 2470672287
3 14 0 0
2 7 1456 1864464095
3 14 0 0
2 8 1456 1961014244
3 14 0 0
2 9 1456 1943323181
3 14 0 0
1 399141648 0 0
1 399141648 0 0
1 399141648 0 0
1 399141648 0 0
1 399141648 0 0
1 399141648 0 0
1 399141648 0 0
1 399141648 0 0
1 399141648 0 0
1 399141648 0 0
0 3523026926 0 0
3 3523026926 0 0
0 3523026926 0 0
3 3523026926 0 0
0 3523026926 0 0
3 3523026926 0 0
0 3523026926 0 0
3 3523026926 0 0
0 3523026926 0 0
3 3523026926 0 0
0 3523026926 0 0
3 3523026926 0 0
2 0 1456 157647168
3 14 0 0
2 1 1456 3486386878
3 14 0 0
2 2 1456 191316541
3 14 0 0
2 3 1456 1908881463
3 14 0 0
2 4 1456 673562204
3 14 0 0
2 5 1456 1714613331
3 14 0 0
2 6 1456 2470672287
3 14 0 0
2 7 1456 1864464095
3 14 0 0
2 8 1456 1961014244
3 14 0 0
2 9 1456 1943323181
3 14 0 0
1 3523026926 0 0
1 3523026926 0 0
1 3523026926 0 0
1 3523026926 0 0
1 3523026926 0 0
1 3523026926 0 0
1 3523026926 0 0
1 3523026926 0 0
1 3523026926 0 0
1 3523026926 0 0
0 610893646 0 0
3 610893646 0 0
0 610893646 0 0
3 610893646 0 0
0 610893646 0 0
3 610893646 0 0
0 610893646 0 0
3 610893646 0 0
2 0 1456 157647168
3 14 0 0
2 1 1456 3486386878
3 14 0 0
2 2 1456 191316541
3 14 0 0
2 3 1456 1908881463
3 14 0 0
2 4 1456 673562204
3 14 0 0
2 5 1456 1714613331
3 14 0 0
2 6 1456 2470672287
3 14 0 0
2 7 1456 1864464095
3 14 0 0
2 8 1456 1961014244
3 14 0 0
2 9 1456 1943323181
3 14 0 0
1 610893646 0 0
1 610893646 0 0
1 610893646 0 0
1 610893646 0 0
1 610893646 0 0
1 610893646 0 0
1 610893646 0 0
1 610893646 0 0
1 610893646 0 0
1 610893646 0 0
0 993694176 0 0
3 993694176 0 0
0 993694176 0 0
3 993694176 0 0
0 993694176 0 0
3 993694176 0 0
0 993694176 0 0
3 993694176 0 0
0 993694176 0 0
3 993694176 0 0
0 993694176 0 0
3 993694176 0 0
2 0 1456 157647168
3 14 0 0
2 1 1456 3486386878
3 14 0 0
2 2 1456 191316541
3 14 0 0
2 3 1456 1908881463
3 14 0 0
2 4 1456 673562204
3 14 0 0
2 5 1456 1714613331
3 14 0 0
2 6 1456 2470672287
3 14 0 0
2 7 1456 1864464095
3 14 0 0
2 8 1456 1961014244
3 14 0 0
2 9 1456 1943323181
3 14 0 0
1 993694176 0 0
1 993694176 0 0
1 993694176 0 0
1 993694176 0 0
1 993694176 0 0
1 993694176 0 0
1 993694176 0 0
1 993694176 0 0
1 993694176 0 0
1 993694176 0 0
0 342624239 0 0
3 342624239 0 0
0 342624239 0 0
3 342624239 0 0
0 342624239 0 0
3 342624239 0 0
0 342624239 0 0
3 342624239 0 0
0 342624239 0 0
3 342624239 0 0
2 0 1456 157647168
3 14 0 0
2 1 1456 3486386878
3 14 0 0
2 2 1456 191316541
3 14 0 0
2 3 1456 1908881463
3 14 0 0
2 4 1456 673562204
3 14 0 0
2 5 1456 1714613331
3 14 0 0
2 6 1456 2470672287
3 14 0 0
2 7 1456 1864464095
3 14 0 0
2 8 1456 1961014244
3 14 0 0
2 9 1456 1943323181
3 14 0 0
1 342624239 0 0
1 342624239 0 0
1 342624239 0 0
1 342624239 0 0
1 342624239 0 0
1 342624239 0 0
1 342624239 0 0
1 342624239 0 0
1 342624239 0 0
1 342624239 0 0
0 2190586194 0 0
3 2190586194 0 0
0 2190586194 0 0
3 2190586194 0 0
0 2190586194 0 0
3 2190586194 0 0
0 2190586194 0 0
3 2190586194 0 0
2 0 1456 157647168
3 14 0 0
2 1 1456 3486386878
3 14 0 0
2 2 1456 191316541
3 14 0 0
2 3 1456 1908881463
3 14 0 0
2 4 1456 673562204
3 14 0 0
2 5 1456 1714613331
3 14 0 0
2 6 1456 2470672287
3 14 0 0
2 7 1456 1864464095
3 14 0 0
2 8 1456 1961014244
3 14 0 0
2 9 1456 1943323181
3 14 0 0
0 610224292 0 0
3 610224292 0 0
0 610224292 0 0
3 610224292 0 0
0 610224292 0 0
3 610224292 0 0
0 610224292 0 0
3 610224292 0 0
2 0 1456 157647168
3 14 0 0
2 1 1456 3486386878
3 14 0 0
2 2 1456 191316541
3 14 0 0
2 3 1456 1908881463
3 14 0 0
2 4 1456 673562204
3 14 0 0
2 5 1456 1714613331
3 14 0 0
2 6 1456 2470672287
3 14 0 0
2 7 1456 1864464095
3 14 0 0
2 8 1456 1961014244
3 14 0 0
2 9 1456 1943323181
3 14 0 0
1 610224292 0 0
1 610224292 0 0
1 610224292 0 0
1 610224292 0 0
1 610224292 0 0
1 610224292 0 0
1 610224292 0 0
1 610224292 0 0
1 610224292 0 0
1 610224292 0 0
0 373623692 0 0
3 373623692 0 0
0 373623692 0 0
3 373623692 0 0
0 373623692 0 0
3 373623692 0 0
0 373623692 0 0
3 373623692 0 0
0 373623692 0 0
3 373623692 0 0
2 0 1456 157647168
3 14 0 0
2 1 1456 3486386878
3 14 0 0
2 2 1456 191316541
3 14 0 0
2 3 1456 1908881463
3 14 0 0
2 4 1456 673562204
3 14 0 0
2 5 1456 1714613331
3 14 0 0
2 6 1456 2470672287
3 14 0 0
2 7 1456 1864464095
3 14 0 0
2 8 1456 1961014244
3 14 0 0
2 9 1456 1943323181
3 14 0 0
1 373623692 0 0
1 373623692 0 0
1 373623692 0 0
1 373623692 0 0
1 373623692 0 0
1 373623692 0 0
1 373623692 0 0
1 373623692 0 0
1 373623692 0 0
1 373623692 0 0
0 1487951053 0 0
3 1487951053 0 0
0 1487951053 0 0
3 1487951053 0 0
0 1487951053 0 0
3 1487951053 0 0
0 1487951053 0 0
3 1487951053 0 0
0 1487951053 0 0
3 1487951053 0 0
2 0 1456 157647168
3 14 0 0
2 1 1456 3486386878
3 14 0 0
2 2 1456 191316541
3 14 0 0
2 3 1456 1908881463
3 14 0 0
2 4 1456 673562204
3 14 0 0
2 5 1456 1714613331
3 14 0 0
2 6 1456 2470672287
3 14 0 0
2 7 1456 1864464095
3 14 0 0
2 8 1456 1961014244
3 14 0 0
2 9 1456 1943323181
3 14 0 0
1 1487951053 0 0
1 1487951053 0 0
1 1487951053 0 0
1 1487951053 0 0
1 1487951053 0 0
1 1487951053 0 0
1 1487951053 0 0
1 1487951053 0 0
1 1487951053 0 0
1 1487951053 0 0
0 4205283709 0 0
3 4205283709 0 0
0 4205283709 0 0
3 4205283709 0 0
0 4205283709 0 0
3 4205283709 0 0
0 4205283709 0 0
3 4205283709 0 0
0 4205283709 0 0
3 4205283709 0 0
0 4205283709 0 0
3 4205283709 0 0
0 4205283709 0 0
3 4205283709 0 0
2 0 1456 157647168
3 14 0 0
2 1 1456 3486386878
3 14 0 0
2 2 1456 191316541
3 14 0 0
2 3 1456 1908881463
3 14 0 0
2 4 1456 673562204
3 14 0 0
2 5 1456 1714613331
3 14 0 0
2 6 1456 2470672287
3 14 0 0
2 7 1456 1864464095
3 14 0 0
2 8 1456 1961014244
3 14 0 0
2 9 1456 1943323181
3 14 0 0
1 4205283709 0 0
1 4205283709 0 0
1 4205283709 0 0
1 4205283709 0 0
1 4205283709 0 0
1 4205283709 0 0
1 4205283709 0 0
1 4205283709 0 0
1 4205283709 0 0
1 4205283709 0 0
0 1382631481 0 0
3 1382631481 0 0
2 0 1456 157647168
3 14 0 0
2 1 1456 3486386878
3 14 0 0
2 2 1456 191316541
3 14 0 0
2 3 1456 1908881463
3 14 0 0
2 4 1456 673562204
3 14 0 0
2 5 1456 1714613331
3 14 0 0
2 6 1456 2470672287
3 14 0 0
2 7 1456 1864464095
3 14 0 0
2 8 1456 1961014244
3 14 0 0
2 9 1456 1943323181
3 14 0 0
1 1382631481 0 0
1 1382631481 0 0
1 1382631481 0 0
1 1382631481 0 0
1 1382631481 0 0
1 1382631481 0 0
1 1382631481 0 0
1 1382631481 0 0
1 1382631481 0 0
1 1382631481 0 0
0 1286613150 0 0
3 1286613150 0 0
0 1286613150 0 0
3 1286613150 0 0
0 1286613150 0 0
3 1286613150 0 0
0 1286613150 0 0
3 1286613150 0 0
0 1286613150 0 0
3 1286613150 0 0
0 1286613150 0 0
3 1286613150 0 0
0 1286613150 0 0
3 1286613150 0 0
2 0 1456 157647168
3 14 0 0
2 1 1456 3486386878
3 14 0 0
2 2 1456 191316541
3 14 0 0
2 3 1456 1908881463
3 14 0 0
2 4 1456 673562204
3 14 0 0
2 5 1456 1714613331
3 14 0 0
2 6 1456 2470672287
3 14 0 0
2 7 1456 1864464095
3 14 0 0
2 8 1456 1961014244
3 14 0 0
2 9 1456 1943323181
3 14 0 0
1 1286613150 0 0
1 1286613150 0 0
1 1286613150 0 0
1 1286613150 0 0
1 1286613150 0 0
1 1286613150 0 0
1 1286613150 0 0
1 1286613150 0 0
1 1286613150 0 0
1 1286613150 0 0
0 3621606039 0 0
3 3621606039 0 0
0 3621606039 0 0
3 3621606039 0 0
0 3621606039 0 0
3 3621606039 0 0
0 3621606039 0 0
3 3621606039 0 0
0 3621606039 0 0
3 3621606039 0 0
2 0 1456 157647168
3 14 0 0
2 1 1456 3486386878
3 14 0 0
2 2 1456 191316541
3 14 0 0
2 3 1456 1908881463
3 14 0 0
2 4 1456 673562204
3 14 0 0
2 5 1456 1714613331
3 14 0 0
2 6 1456 2470672287
3 14 0 0
2 7 1456 1864464095
3 14 0 0
2 8 1456 1961014244
3 14 0 0
2 9 1456 1943323181
3 14 0 0
1 3621606039 0 0
1 3621606039 0 0
1 3621606039 0 0
1 3621606039 0 0
1 3621606039 0 0
1 3621606039 0 0
1 3621606039 0 0
1 3621606039 0 0
1 3621606039 0 0
1 3621606039 0 0
0 3242555539 0 0
3 3242555539 0 0
0 3242555539 0 0
3 3242555539 0 0
0 3242555539 0 0
3 3242555539 0 0
0 3242555539 0 0
3 3242555539 0 0
0 3242555539 0 0
3 3242555539 0 0
0 3242555539 0 0
3 3242555539 0 0
0 3242555539 0 0
3 3242555539 0 0
2 0 1456 157647168
3 14 0 0
2 1 1456 3486386878
3 14 0 0
2 2 1456 191316541
3 14 0 0
2 3 1456 1908881463
3 14 0 0
2 4 1456 673562204
3 14 0 0
2 5 1456 1714613331
3 14 0 0
2 6 1456 2470672287
3 14 0 0
2 7 1456 1864464095
3 14 0 0
2 8 1456 1961014244
3 14 0 0
2 9 1456 1943323181
3 14 0 0
1 3242555539 0 0
1 3242555539 0 0
1 3242555539 0 0
1 3242555539 0 0
1 3242555539 0 0
1 3242555539 0 0
1 3242555539 0 0
1 3242555539 0 0
1 3242555539 0 0
1 3242555539 0 0
0 444545516 0 0
3 444545516 0 0
0 444545516 0 0
3 444545516 0 0
0 444545516 0 0
3 444545516 0 0
0 444545516 0 0
3 444545516 0 0
0 444545516 0 0
3 444545516 0 0
0 444545516 0 0
3 444545516 0 0
2 0 1456 157647168
3 14 0 0
2 1 1456 3486386878
3 14 0 0
2 2 1456 191316541
3 14 0 0
2 3 1456 1908881463
3 14 0 0
2 4 1456 673562204
3 14 0 0
2 5 1456 1714613331
3 14 0 0
2 6 1456 2470672287
3 14 0 0
2 7 1456 1864464095
3 14 0 0
2 8 1456 1961014244
3 14 0 0
2 9 1456 1943323181
3 14 0 0
1 444545516 0 0
1 444545516 0 0
1 444545516 0 0
1 444545516 0 0
1 444545516 0 0
1 444545516 0 0
1 444545516 0 0
1 444545516 0 0
1 444545516 0 0
1 444545516 0 0
0 4215451375 0 0
3 4215451375 0 0
0 4215451375 0 0
3 4215451375 0 0
0 4215451375 0 0
3 4215451375 0 0
0 4215451375 0 0
3 4215451375 0 0
0 4215451375 0 0
3 4215451375 0 0
0 4215451375 0 0
3 4215451375 0 0
2 0 1456 157647168
3 14 0 0
2 1 1456 3486386878
3 14 0 0
2 2 1456 191316541
3 14 0 0
2 3 1456 1908881463
3 14 0 0
2 4 1456 673562204
3 14 0 0
2 5 1456 1714613331
3 14 0 0
2 6 1456 2470672287
3 14 0 0
2 7 1456 1864464095
3 14 0 0
2 8 1456 1961014244
3 14 0 0
2 9 1456 1943323181
3 14 0 0
1 4215451375 0 0
1 4215451375 0 0
1 4215451375 0 0
1 4215451375 0 0
1 4215451375 0 0
1 4215451375 0 0
1 4215451375 0 0
1 4215451375 0 0
1 4215451375 0 0
1 4215451375 0 0
0 1711448218 0 0
3 1711448218 0 0
0 1711448218 0 0
3 1711448218 0 0
0 1711448218 0 0
3 1711448218 0 0
0 1711448218 0 0
3 1711448218 0 0
0 1711448218 0 0
3 1711448218 0 0
0 1711448218 0 0
3 1711448218 0 0
2 0 1456 157647168
3 14 0 0
2 1 1456 3486386878
3 14 0 0
2 2 1456 191316541
3 14 0 0
2 3 1456 1908881463
3 14 0 0
2 4 1456 673562204
3 14 0 0
2 5 1456 1714613331
3 14 0 0
2 6 1456 2470672287
3 14 0 0
2 7 1456 1864464095
3 14 0 0
2 8 1456 1961014244
3 14 0 0
2 9 1456 1943323181
3 14 0 0
1 1711448218 0 0
1 1711448218 0 0
1 1711448218 0 0
1 1711448218 0 0
1 1711448218 0 0
1 1711448218 0 0
1 1711448218 0 0
1 1711448218 0 0
1 1711448218 0 0
1 1711448218 0 0
