0 2202091483 0 0
3 2202091483 0 0
0 2202091483 0 0
3 2202091483 0 0
0 2202091483 0 0
3 2202091483 0 0
0 2202091483 0 0
3 2202091483 0 0
0 2202091483 0 0
3 2202091483 0 0
0 2202091483 0 0
3 2202091483 0 0
0 2202091483 0 0
3 2202091483 0 0
2 0 1456 323204719
3 1 0 0
2 1 1456 1778023083
3 2 0 0
2 2 1456 1094806253
3 3 0 0
2 3 716 1517806851
3 4 0 0
0 3939450958 0 0
3 3939450958 0 0
0 3939450958 0 0
3 3939450958 0 0
0 3939450958 0 0
3 3939450958 0 0
0 3939450958 0 0
3 3939450958 0 0
0 3939450958 0 0
3 3939450958 0 0
2 0 1456 323204719
3 4 0 0
2 1 1456 1778023083
3 4 0 0
2 2 1456 1094806253
3 4 0 0
2 3 716 1517806851
3 4 0 0
1 3939450958 0 0
1 3939450958 0 0
1 3939450958 0 0
1 3939450958 0 0
1 3939450958 0 0
1 3939450958 0 0
1 3939450958 0 0
1 3939450958 0 0
1 3939450958 0 0
1 3939450958 0 0
0 44317847 0 0
3 44317847 0 0
0 44317847 0 0
3 44317847 0 0
0 44317847 0 0
3 44317847 0 0
0 44317847 0 0
3 44317847 0 0
2 0 1456 323204719
3 4 0 0
2 1 1456 1778023083
3 4 0 0
2 2 1456 1094806253
3 4 0 0
2 3 716 1517806851
3 4 0 0
1 44317847 0 0
1 44317847 0 0
1 44317847 0 0
1 44317847 0 0
1 44317847 0 0
1 44317847 0 0
1 44317847 0 0
1 44317847 0 0
1 44317847 0 0
1 44317847 0 0
0 2496476570 0 0
3 2496476570 0 0
0 2496476570 0 0
3 2496476570 0 0
0 2496476570 0 0
3 2496476570 0 0
0 2496476570 0 0
3 2496476570 0 0
0 2496476570 0 0
3 2496476570 0 0
0 2496476570 0 0
3 2496476570 0 0
2 0 1456 323204719
3 4 0 0
2 1 1456 1778023083
3 4 0 0
2 2 1456 1094806253
3 4 0 0
2 3 716 1517806851
3 4 0 0
0 3132214666 0 0
3 3132214666 0 0
0 3132214666 0 0
3 3132214666 0 0
0 3132214666 0 0
3 3132214666 0 0
0 3132214666 0 0
3 3132214666 0 0
2 0 1456 323204719
3 4 0 0
2 1 1456 1778023083
3 4 0 0
2 2 1456 1094806253
3 4 0 0
2 3 716 1517806851
3 4 0 0
0 1237274343 0 0
3 1237274343 0 0
2 0 1456 323204719
3 4 0 0
2 1 1456 1778023083
3 4 0 0
2 2 1456 1094806253
3 4 0 0
2 3 716 1517806851
3 4 0 0
0 2087976844 0 0
3 2087976844 0 0
0 2087976844 0 0
3 2087976844 0 0
0 2087976844 0 0
3 2087976844 0 0
0 2087976844 0 0
3 2087976844 0 0
0 2087976844 0 0
3 2087976844 0 0
0 2087976844 0 0
3 2087976844 0 0
2 0 1456 323204719
3 4 0 0
2 1 1456 1778023083
3 4 0 0
2 2 1456 1094806253
3 4 0 0
2 3 716 1517806851
3 4 0 0
1 2087976844 0 0
1 2087976844 0 0
1 2087976844 0 0
1 2087976844 0 0
1 2087976844 0 0
1 2087976844 0 0
1 2087976844 0 0
1 2087976844 0 0
1 2087976844 0 0
1 2087976844 0 0
0 883280845 0 0
3 883280845 0 0
0 883280845 0 0
3 883280845 0 0
0 883280845 0 0
3 883280845 0 0
0 883280845 0 0
3 883280845 0 0
0 883280845 0 0
3 883280845 0 0
0 883280845 0 0
3 883280845 0 0
0 883280845 0 0
3 883280845 0 0
2 0 1456 323204719
3 4 0 0
2 1 1456 1778023083
3 4 0 0
2 2 1456 1094806253
3 4 0 0
2 3 716 1517806851
3 4 0 0
1 883280845 0 0
1 883280845 0 0
1 883280845 0 0
1 883280845 0 0
1 883280845 0 0
1 883280845 0 0
1 883280845 0 0
1 883280845 0 0
1 883280845 0 0
1 883280845 0 0
0 4225147266 0 0
3 4225147266 0 0
0 4225147266 0 0
3 4225147266 0 0
0 4225147266 0 0
3 4225147266 0 0
0 4225147266 0 0
3 4225147266 0 0
0 4225147266 0 0
3 4225147266 0 0
0 4225147266 0 0
3 4225147266 0 0
2 0 1456 323204719
3 4 0 0
2 1 1456 1778023083
3 4 0 0
2 2 1456 1094806253
3 4 0 0
2 3 716 1517806851
3 4 0 0
1 4225147266 0 0
1 4225147266 0 0
1 4225147266 0 0
1 4225147266 0 0
1 4225147266 0 0
1 4225147266 0 0
1 4225147266 0 0
1 4225147266 0 0
1 4225147266 0 0
1 4225147266 0 0
0 1963023465 0 0
3 1963023465 0 0
0 1963023465 0 0
3 1963023465 0 0
0 1963023465 0 0
3 1963023465 0 0
0 1963023465 0 0
3 1963023465 0 0
2 0 1456 323204719
3 4 0 0
2 1 1456 1778023083
3 4 0 0
2 2 1456 1094806253
3 4 0 0
2 3 716 1517806851
3 4 0 0
1 1963023465 0 0
1 1963023465 0 0
1 1963023465 0 0
1 1963023465 0 0
1 1963023465 0 0
1 1963023465 0 0
1 1963023465 0 0
1 1963023465 0 0
1 1963023465 0 0
1 1963023465 0 0
0 1632334130 0 0
3 1632334130 0 0
0 1632334130 0 0
3 1632334130 0 0
0 1632334130 0 0
3 1632334130 0 0
0 1632334130 0 0
3 1632334130 0 0
2 0 1456 323204719
3 4 0 0
2 1 1456 1778023083
3 4 0 0
2 2 1456 1094806253
3 4 0 0
2 3 716 1517806851
3 4 0 0
1 1632334130 0 0
1 1632334130 0 0
1 1632334130 0 0
1 1632334130 0 0
1 1632334130 0 0
1 1632334130 0 0
1 1632334130 0 0
1 1632334130 0 0
1 1632334130 0 0
1 1632334130 0 0
0 45555931 0 0
3 45555931 0 0
0 45555931 0 0
3 45555931 0 0
0 45555931 0 0
3 45555931 0 0
0 45555931 0 0
3 45555931 0 0
0 45555931 0 0
3 45555931 0 0
2 0 1456 323204719
3 4 0 0
2 1 1456 1778023083
3 4 0 0
2 2 1456 1094806253
3 4 0 0
2 3 716 1517806851
3 4 0 0
1 45555931 0 0
1 45555931 0 0
1 45555931 0 0
1 45555931 0 0
1 45555931 0 0
1 45555931 0 0
1 45555931 0 0
1 45555931 0 0
1 45555931 0 0
1 45555931 0 0
0 2439742488 0 0
3 2439742488 0 0
0 2439742488 0 0
3 2439742488 0 0
0 2439742488 0 0
3 2439742488 0 0
0 2439742488 0 0
3 2439742488 0 0
0 2439742488 0 0
3 2439742488 0 0
2 0 1456 323204719
3 4 0 0
2 1 1456 1778023083
3 4 0 0
2 2 1456 1094806253
3 4 0 0
2 3 716 1517806851
3 4 0 0
1 2439742488 0 0
1 2439742488 0 0
1 2439742488 0 0
1 2439742488 0 0
1 2439742488 0 0
1 2439742488 0 0
1 2439742488 0 0
1 2439742488 0 0
1 2439742488 0 0
1 2439742488 0 0
0 3860089499 0 0
3 3860089499 0 0
0 3860089499 0 0
3 3860089499 0 0
0 3860089499 0 0
3 3860089499 0 0
0 3860089499 0 0
3 3860089499 0 0
0 3860089499 0 0
3 3860089499 0 0
0 3860089499 0 0
3 3860089499 0 0
0 3860089499 0 0
3 3860089499 0 0
2 0 1456 323204719
3 4 0 0
2 1 1456 1778023083
3 4 0 0
2 2 1456 1094806253
3 4 0 0
2 3 716 1517806851
3 4 0 0
1 3860089499 0 0
1 3860089499 0 0
1 3860089499 0 0
1 3860089499 0 0
1 3860089499 0 0
1 3860089499 0 0
1 3860089499 0 0
1 3860089499 0 0
1 3860089499 0 0
1 3860089499 0 0
0 536236404 0 0
3 536236404 0 0
0 536236404 0 0
3 536236404 0 0
0 536236404 0 0
3 536236404 0 0
0 536236404 0 0
3 536236404 0 0
0 536236404 0 0
3 536236404 0 0
2 0 1456 323204719
3 4 0 0
2 1 1456 1778023083
3 4 0 0
2 2 1456 1094806253
3 4 0 0
2 3 716 1517806851
3 4 0 0
1 536236404 0 0
1 536236404 0 0
1 536236404 0 0
1 536236404 0 0
1 536236404 0 0
1 536236404 0 0
1 536236404 0 0
1 536236404 0 0
1 536236404 0 0
1 536236404 0 0
0 4112766085 0 0
3 4112766085 0 0
0 4112766085 0 0
3 4112766085 0 0
0 4112766085 0 0
3 4112766085 0 0
0 4112766085 0 0
3 4112766085 0 0
0 4112766085 0 0
3 4112766085 0 0
2 0 1456 323204719
3 4 0 0
2 1 1456 1778023083
3 4 0 0
2 2 1456 1094806253
3 4 0 0
2 3 716 1517806851
3 4 0 0
1 4112766085 0 0
1 4112766085 0 0
1 4112766085 0 0
1 4112766085 0 0
1 4112766085 0 0
1 4112766085 0 0
1 4112766085 0 0
1 4112766085 0 0
1 4112766085 0 0
1 4112766085 0 0
0 391148579 0 0
3 391148579 0 0
0 391148579 0 0
3 391148579 0 0
0 391148579 0 0
3 391148579 0 0
0 391148579 0 0
3 391148579 0 0
0 391148579 0 0
3 391148579 0 0
2 0 1456 323204719
3 4 0 0
2 1 1456 1778023083
3 4 0 0
2 2 1456 1094806253
3 4 0 0
2 3 716 1517806851
3 4 0 0
1 391148579 0 0
1 391148579 0 0
1 391148579 0 0
1 391148579 0 0
1 391148579 0 0
1 391148579 0 0
1 391148579 0 0
1 391148579 0 0
1 391148579 0 0
1 391148579 0 0
0 510804409 0 0
3 510804409 0 0
0 510804409 0 0
3 510804409 0 0
0 510804409 0 0
3 510804409 0 0
0 510804409 0 0
3 510804409 0 0
0 510804409 0 0
3 510804409 0 0
0 510804409 0 0
3 510804409 0 0
0 510804409 0 0
3 510804409 0 0
2 0 1456 323204719
3 4 0 0
2 1 1456 1778023083
3 4 0 0
2 2 1456 1094806253
3 4 0 0
2 3 716 1517806851
3 4 0 0
1 510804409 0 0
1 510804409 0 0
1 510804409 0 0
1 510804409 0 0
1 510804409 0 0
1 510804409 0 0
1 510804409 0 0
1 510804409 0 0
1 510804409 0 0
1 510804409 0 0
0 1015635472 0 0
3 1015635472 0 0
0 1015635472 0 0
3 1015635472 0 0
0 1015635472 0 0
3 1015635472 0 0
0 1015635472 0 0
3 1015635472 0 0
0 1015635472 0 0
3 1015635472 0 0
2 0 1456 323204719
3 4 0 0
2 1 1456 1778023083
3 4 0 0
2 2 1456 1094806253
3 4 0 0
2 3 716 1517806851
3 4 0 0
1 1015635472 0 0
1 1015635472 0 0
1 1015635472 0 0
1 1015635472 0 0
1 1015635472 0 0
1 1015635472 0 0
1 1015635472 0 0
1 1015635472 0 0
1 1015635472 0 0
1 1015635472 0 0
0 3371892441 0 0
3 3371892441 0 0
0 3371892441 0 0
3 3371892441 0 0
0 3371892441 0 0
3 3371892441 0 0
0 3371892441 0 0
3 3371892441 0 0
0 3371892441 0 0
3 3371892441 0 0
0 3371892441 0 0
3 3371892441 0 0
2 0 1456 323204719
3 4 0 0
2 1 1456 1778023083
3 4 0 0
2 2 1456 1094806253
3 4 0 0
2 3 716 1517806851
3 4 0 0
1 3371892441 0 0
1 3371892441 0 0
1 3371892441 0 0
1 3371892441 0 0
1 3371892441 0 0
1 3371892441 0 0
1 3371892441 0 0
1 3371892441 0 0
1 3371892441 0 0
1 3371892441 0 0
0 3602558128 0 0
3 3602558128 0 0
0 3602558128 0 0
3 3602558128 0 0
0 3602558128 0 0
3 3602558128 0 0
0 3602558128 0 0
3 3602558128 0 0
0 3602558128 0 0
3 3602558128 0 0
0 3602558128 0 0
3 3602558128 0 0
0 3602558128 0 0
3 3602558128 0 0
2 0 1456 323204719
3 4 0 0
2 1 1456 1778023083
3 4 0 0
2 2 1456 1094806253
3 4 0 0
2 3 716 1517806851
3 4 0 0
1 3602558128 0 0
1 3602558128 0 0
1 3602558128 0 0
1 3602558128 0 0
1 3602558128 0 0
1 3602558128 0 0
1 3602558128 0 0
1 3602558128 0 0
1 3602558128 0 0
1 3602558128 0 0
0 1133045269 0 0
3 1133045269 0 0
0 1133045269 0 0
3 1133045269 0 0
0 1133045269 0 0
3 1133045269 0 0
0 1133045269 0 0
3 1133045269 0 0
0 1133045269 0 0
3 1133045269 0 0
0 1133045269 0 0
3 1133045269 0 0
2 0 1456 323204719
3 4 0 0
2 1 1456 1778023083
3 4 0 0
2 2 1456 1094806253
3 4 0 0
2 3 716 1517806851
3 4 0 0
1 1133045269 0 0
1 1133045269 0 0
1 1133045269 0 0
1 1133045269 0 0
1 1133045269 0 0
1 1133045269 0 0
1 1133045269 0 0
1 1133045269 0 0
1 1133045269 0 0
1 1133045269 0 0
0 1414132025 0 0
3 1414132025 0 0
0 1414132025 0 0
3 1414132025 0 0
0 1414132025 0 0
3 1414132025 0 0
0 1414132025 0 0
3 1414132025 0 0
0 1414132025 0 0
3 1414132025 0 0
0 1414132025 0 0
3 1414132025 0 0
2 0 1456 323204719
3 4 0 0
2 1 1456 1778023083
3 4 0 0
2 2 1456 1094806253
3 4 0 0
2 3 716 1517806851
3 4 0 0
1 1414132025 0 0
1 1414132025 0 0
1 1414132025 0 0
1 1414132025 0 0
1 1414132025 0 0
1 1414132025 0 0
1 1414132025 0 0
1 1414132025 0 0
1 1414132025 0 0
1 1414132025 0 0
0 3348952705 0 0
3 3348952705 0 0
0 3348952705 0 0
3 3348952705 0 0
0 3348952705 0 0
3 3348952705 0 0
0 3348952705 0 0
3 3348952705 0 0
2 0 1456 323204719
3 4 0 0
2 1 1456 1778023083
3 4 0 0
2 2 1456 1094806253
3 4 0 0
2 3 716 1517806851
3 4 0 0
1 3348952705 0 0
1 3348952705 0 0
1 3348952705 0 0
1 3348952705 0 0
1 3348952705 0 0
1 3348952705 0 0
1 3348952705 0 0
1 3348952705 0 0
1 3348952705 0 0
1 3348952705 0 0
0 22954372 0 0
3 22954372 0 0
0 22954372 0 0
3 22954372 0 0
0 22954372 0 0
3 22954372 0 0
0 22954372 0 0
3 22954372 0 0
0 22954372 0 0
3 22954372 0 0
2 0 1456 323204719
3 4 0 0
2 1 1456 1778023083
3 4 0 0
2 2 1456 1094806253
3 4 0 0
2 3 716 1517806851
3 4 0 0
1 22954372 0 0
1 22954372 0 0
1 22954372 0 0
1 22954372 0 0
1 22954372 0 0
1 22954372 0 0
1 22954372 0 0
1 22954372 0 0
1 22954372 0 0
1 22954372 0 0
0 4105054785 0 0
3 4105054785 0 0
0 4105054785 0 0
3 4105054785 0 0
0 4105054785 0 0
3 4105054785 0 0
0 4105054785 0 0
3 4105054785 0 0
0 4105054785 0 0
3 4105054785 0 0
2 0 1456 323204719
3 4 0 0
2 1 1456 1778023083
3 4 0 0
2 2 1456 1094806253
3 4 0 0
2 3 716 1517806851
3 4 0 0
1 4105054785 0 0
1 4105054785 0 0
1 4105054785 0 0
1 4105054785 0 0
1 4105054785 0 0
1 4105054785 0 0
1 4105054785 0 0
1 4105054785 0 0
1 4105054785 0 0
1 4105054785 0 0
0 390049187 0 0
3 390049187 0 0
0 390049187 0 0
3 390049187 0 0
0 390049187 0 0
3 390049187 0 0
0 390049187 0 0
3 390049187 0 0
2 0 1456 323204719
3 4 0 0
2 1 1456 1778023083
3 4 0 0
2 2 1456 1094806253
3 4 0 0
2 3 716 1517806851
3 4 0 0
1 390049187 0 0
1 390049187 0 0
1 390049187 0 0
1 390049187 0 0
1 390049187 0 0
1 390049187 0 0
1 390049187 0 0
1 390049187 0 0
1 390049187 0 0
1 390049187 0 0
0 3867829596 0 0
3 3867829596 0 0
0 3867829596 0 0
3 3867829596 0 0
0 3867829596 0 0
3 3867829596 0 0
0 3867829596 0 0
3 3867829596 0 0
0 3867829596 0 0
3 3867829596 0 0
2 0 1456 323204719
3 4 0 0
2 1 1456 1778023083
3 4 0 0
2 2 1456 1094806253
3 4 0 0
2 3 716 1517806851
3 4 0 0
1 3867829596 0 0
1 3867829596 0 0
1 3867829596 0 0
1 3867829596 0 0
1 3867829596 0 0
1 3867829596 0 0
1 3867829596 0 0
1 3867829596 0 0
1 3867829596 0 0
1 3867829596 0 0
0 3816464345 0 0
3 3816464345 0 0
0 3816464345 0 0
3 3816464345 0 0
0 3816464345 0 0
3 3816464345 0 0
0 3816464345 0 0
3 3816464345 0 0
0 3816464345 0 0
3 3816464345 0 0
0 3816464345 0 0
3 3816464345 0 0
0 3816464345 0 0
3 3816464345 0 0
2 0 1456 323204719
3 4 0 0
2 1 1456 1778023083
3 4 0 0
2 2 1456 1094806253
3 4 0 0
2 3 716 1517806851
3 4 0 0
1 3816464345 0 0
1 3816464345 0 0
1 3816464345 0 0
1 3816464345 0 0
1 3816464345 0 0
1 3816464345 0 0
1 3816464345 0 0
1 3816464345 0 0
1 3816464345 0 0
1 3816464345 0 0
0 4049373384 0 0
3 4049373384 0 0
0 4049373384 0 0
3 4049373384 0 0
0 4049373384 0 0
3 4049373384 0 0
0 4049373384 0 0
3 4049373384 0 0
0 4049373384 0 0
3 4049373384 0 0
0 4049373384 0 0
3 4049373384 0 0
0 4049373384 0 0
3 4049373384 0 0
2 0 1456 323204719
3 4 0 0
2 1 1456 1778023083
3 4 0 0
2 2 1456 1094806253
3 4 0 0
2 3 716 1517806851
3 4 0 0
1 4049373384 0 0
1 4049373384 0 0
1 4049373384 0 0
1 4049373384 0 0
1 4049373384 0 0
1 4049373384 0 0
1 4049373384 0 0
1 4049373384 0 0
1 4049373384 0 0
1 4049373384 0 0
0 1199806129 0 0
3 1199806129 0 0
2 0 1456 323204719
3 4 0 0
2 1 1456 1778023083
3 4 0 0
2 2 1456 1094806253
3 4 0 0
2 3 716 1517806851
3 4 0 0
1 1199806129 0 0
1 1199806129 0 0
1 1199806129 0 0
1 1199806129 0 0
1 1199806129 0 0
1 1199806129 0 0
1 1199806129 0 0
1 1199806129 0 0
1 1199806129 0 0
1 1199806129 0 0
0 1296587258 0 0
3 1296587258 0 0
0 1296587258 0 0
3 1296587258 0 0
0 1296587258 0 0
3 1296587258 0 0
0 1296587258 0 0
3 1296587258 0 0
0 1296587258 0 0
3 1296587258 0 0
2 0 1456 323204719
3 4 0 0
2 1 1456 1778023083
3 4 0 0
2 2 1456 1094806253
3 4 0 0
2 3 716 1517806851
3 4 0 0
1 1296587258 0 0
1 1296587258 0 0
1 1296587258 0 0
1 1296587258 0 0
1 1296587258 0 0
1 1296587258 0 0
1 1296587258 0 0
1 1296587258 0 0
1 1296587258 0 0
1 1296587258 0 0
0 1947689714 0 0
3 1947689714 0 0
0 1947689714 0 0
3 1947689714 0 0
0 1947689714 0 0
3 1947689714 0 0
0 1947689714 0 0
3 1947689714 0 0
0 1947689714 0 0
3 1947689714 0 0
0 1947689714 0 0
3 1947689714 0 0
0 1947689714 0 0
3 1947689714 0 0
0 1947689714 0 0
3 1947689714 0 0
2 0 1456 323204719
3 4 0 0
2 1 1456 1778023083
3 4 0 0
2 2 1456 1094806253
3 4 0 0
2 3 716 1517806851
3 4 0 0
1 1947689714 0 0
1 1947689714 0 0
1 1947689714 0 0
1 1947689714 0 0
1 1947689714 0 0
1 1947689714 0 0
1 1947689714 0 0
1 1947689714 0 0
1 1947689714 0 0
1 1947689714 0 0
0 1546215276 0 0
3 1546215276 0 0
0 1546215276 0 0
3 1546215276 0 0
0 1546215276 0 0
3 1546215276 0 0
0 1546215276 0 0
3 1546215276 0 0
0 1546215276 0 0
3 1546215276 0 0
0 1546215276 0 0
3 1546215276 0 0
2 0 1456 323204719
3 4 0 0
2 1 1456 1778023083
3 4 0 0
2 2 1456 1094806253
3 4 0 0
2 3 716 1517806851
3 4 0 0
1 1546215276 0 0
1 1546215276 0 0
1 1546215276 0 0
1 1546215276 0 0
1 1546215276 0 0
1 1546215276 0 0
1 1546215276 0 0
1 1546215276 0 0
1 1546215276 0 0
1 1546215276 0 0
0 96510663 0 0
3 96510663 0 0
0 96510663 0 0
3 96510663 0 0
0 96510663 0 0
3 96510663 0 0
0 96510663 0 0
3 96510663 0 0
2 0 1456 323204719
3 4 0 0
2 1 1456 1778023083
3 4 0 0
2 2 1456 1094806253
3 4 0 0
2 3 716 1517806851
3 4 0 0
1 96510663 0 0
1 96510663 0 0
1 96510663 0 0
1 96510663 0 0
1 96510663 0 0
1 96510663 0 0
1 96510663 0 0
1 96510663 0 0
1 96510663 0 0
1 96510663 0 0
0 1782289195 0 0
3 1782289195 0 0
0 1782289195 0 0
3 1782289195 0 0
0 1782289195 0 0
3 1782289195 0 0
0 1782289195 0 0
3 1782289195 0 0
0 1782289195 0 0
3 1782289195 0 0
0 1782289195 0 0
3 1782289195 0 0
0 1782289195 0 0
3 1782289195 0 0
2 0 1456 323204719
3 4 0 0
2 1 1456 1778023083
3 4 0 0
2 2 1456 1094806253
3 4 0 0
2 3 716 1517806851
3 4 0 0
1 1782289195 0 0
1 1782289195 0 0
1 1782289195 0 0
1 1782289195 0 0
1 1782289195 0 0
1 1782289195 0 0
1 1782289195 0 0
1 1782289195 0 0
1 1782289195 0 0
1 1782289195 0 0
0 1200050324 0 0
3 1200050324 0 0
0 1200050324 0 0
3 1200050324 0 0
0 1200050324 0 0
3 1200050324 0 0
0 1200050324 0 0
3 1200050324 0 0
0 1200050324 0 0
3 1200050324 0 0
0 1200050324 0 0
3 1200050324 0 0
2 0 1456 323204719
3 4 0 0
2 1 1456 1778023083
3 4 0 0
2 2 1456 1094806253
3 4 0 0
2 3 716 1517806851
3 4 0 0
1 1200050324 0 0
1 1200050324 0 0
1 1200050324 0 0
1 1200050324 0 0
1 1200050324 0 0
1 1200050324 0 0
1 1200050324 0 0
1 1200050324 0 0
1 1200050324 0 0
1 1200050324 0 0
0 1897451717 0 0
3 1897451717 0 0
0 1897451717 0 0
3 1897451717 0 0
0 1897451717 0 0
3 1897451717 0 0
0 1897451717 0 0
3 1897451717 0 0
0 1897451717 0 0
3 1897451717 0 0
0 1897451717 0 0
3 1897451717 0 0
0 1897451717 0 0
3 1897451717 0 0
0 1897451717 0 0
3 1897451717 0 0
2 0 1456 323204719
3 4 0 0
2 1 1456 1778023083
3 4 0 0
2 2 1456 1094806253
3 4 0 0
2 3 716 1517806851
3 4 0 0
1 1897451717 0 0
1 1897451717 0 0
1 1897451717 0 0
1 1897451717 0 0
1 1897451717 0 0
1 1897451717 0 0
1 1897451717 0 0
1 1897451717 0 0
1 1897451717 0 0
1 1897451717 0 0
0 3145968229 0 0
3 3145968229 0 0
0 3145968229 0 0
3 3145968229 0 0
0 3145968229 0 0
3 3145968229 0 0
0 3145968229 0 0
3 3145968229 0 0
0 3145968229 0 0
3 3145968229 0 0
2 0 1456 323204719
3 4 0 0
2 1 1456 1778023083
3 4 0 0
2 2 1456 1094806253
3 4 0 0
2 3 716 1517806851
3 4 0 0
1 3145968229 0 0
1 3145968229 0 0
1 3145968229 0 0
1 3145968229 0 0
1 3145968229 0 0
1 3145968229 0 0
1 3145968229 0 0
1 3145968229 0 0
1 3145968229 0 0
1 3145968229 0 0
