0 4199969095 0 0
3 4199969095 0 0
2 0 1456 1732319762
3 1 0 0
2 1 1456 1732319762
2 2 1456 1732319762
3 1 0 0
2 3 1456 1732319762
2 4 1456 1732319762
3 1 0 0
2 1 1456 1732319762
2 2 1456 1732319762
3 1 0 0
2 3 1456 1732319762
2 4 1456 1732319762
3 1 0 0
2 5 1456 1732319762
2 1 1456 1732319762
3 3 0 0
2 2 1456 1732319762
2 3 1456 1732319762
3 5 0 0
2 4 1456 1732319762
2 5 1456 1732319762
3 6 0 0
2 3 1456 1732319762
2 4 1456 1732319762
3 6 0 0
2 5 1456 1732319762
2 6 1456 1732319762
3 7 0 0
2 7 1456 1732319762
2 5 1456 1732319762
3 7 0 0
2 6 1456 1732319762
2 7 1456 1732319762
3 8 0 0
2 8 1456 1732319762
2 9 1456 1732319762
3 8 0 0
2 6 1456 1732319762
2 7 1456 1732319762
3 8 0 0
2 8 1456 1732319762
2 9 1456 1732319762
3 8 0 0
2 10 1456 1732319762
2 7 1456 1732319762
3 8 0 0
2 8 1456 1732319762
2 9 1456 1732319762
3 8 0 0
2 10 1456 1732319762
2 11 1456 1732319762
3 8 0 0
2 8 1456 1732319762
2 9 1456 1732319762
3 8 0 0
2 10 1456 1732319762
2 11 1456 1732319762
3 8 0 0
2 12 1456 1732319762
2 8 1456 1732319762
3 10 0 0
2 9 1456 1732319762
2 10 1456 1732319762
3 12 0 0
2 11 1456 1732319762
2 12 1456 1732319762
3 13 0 0
2 10 1456 1732319762
2 11 1456 1732319762
3 13 0 0
2 12 1456 1732319762
2 13 1456 1732319762
3 14 0 0
2 14 1456 1732319762
2 12 1456 1732319762
3 14 0 0
2 13 1456 1732319762
2 14 1456 1732319762
3 15 0 0
2 15 1456 1732319762
2 16 1456 1732319762
3 15 0 0
2 13 1456 1732319762
2 14 1456 1732319762
3 15 0 0
2 15 1456 1732319762
2 16 1456 1732319762
3 15 0 0
2 17 1456 1732319762
2 14 1456 1732319762
3 15 0 0
2 15 1456 1732319762
2 16 1456 1732319762
3 15 0 0
2 17 1456 1732319762
2 18 1456 1732319762
3 15 0 0
2 15 1456 1732319762
2 16 1456 1732319762
3 15 0 0
2 17 1456 1732319762
2 18 1456 1732319762
3 15 0 0
2 19 1456 1732319762
2 15 1456 1732319762
3 17 0 0
2 16 1456 1732319762
2 17 1456 1732319762
3 19 0 0
2 18 1456 1732319762
2 19 1456 1732319762
3 20 0 0
2 17 1456 1732319762
2 18 1456 1732319762
3 20 0 0
2 19 1456 1732319762
2 20 1456 1732319762
3 21 0 0
2 21 1456 1732319762
2 19 1456 1732319762
3 21 0 0
2 20 1456 1732319762
2 21 1456 1732319762
3 22 0 0
2 22 1456 1732319762
2 23 1456 1732319762
3 22 0 0
2 20 1456 1732319762
2 21 1456 1732319762
3 22 0 0
2 22 1456 1732319762
2 23 1456 1732319762
3 22 0 0
2 24 1456 1732319762
2 21 1456 1732319762
3 22 0 0
2 22 1456 1732319762
2 23 1456 1732319762
3 22 0 0
2 24 1456 1732319762
2 25 1456 1732319762
3 22 0 0
2 22 1456 1732319762
2 23 1456 1732319762
3 22 0 0
2 24 1456 1732319762
2 25 1456 1732319762
3 22 0 0
2 26 1456 1732319762
2 22 1456 1732319762
3 24 0 0
2 23 1456 1732319762
2 24 1456 1732319762
3 26 0 0
2 25 1456 1732319762
2 26 1456 1732319762
3 27 0 0
2 24 1456 1732319762
2 25 1456 1732319762
3 27 0 0
2 26 1456 1732319762
2 27 1456 1732319762
3 28 0 0
2 28 1456 1732319762
2 26 1456 1732319762
3 28 0 0
2 27 1456 1732319762
2 28 1456 1732319762
3 29 0 0
2 29 1456 1732319762
2 30 1456 1732319762
3 29 0 0
2 27 1456 1732319762
2 28 1456 1732319762
3 29 0 0
2 29 1456 1732319762
2 30 1456 1732319762
3 29 0 0
2 31 1456 1732319762
2 28 1456 1732319762
3 29 0 0
2 29 1456 1732319762
2 30 1456 1732319762
3 29 0 0
2 31 1456 1732319762
2 32 1456 1732319762
3 29 0 0
2 29 1456 1732319762
2 30 1456 1732319762
3 29 0 0
2 31 1456 1732319762
2 32 1456 1732319762
3 29 0 0
2 33 1456 1732319762
2 29 1456 1732319762
3 31 0 0
2 30 1456 1732319762
2 31 1456 1732319762
3 33 0 0
2 32 1456 1732319762
2 33 1456 1732319762
3 34 0 0
2 31 1456 1732319762
2 32 1456 1732319762
3 34 0 0
2 33 1456 1732319762
2 34 1456 1732319762
3 35 0 0
2 35 1456 1732319762
2 33 1456 1732319762
3 35 0 0
2 34 1456 1732319762
2 35 1456 1732319762
3 36 0 0
2 36 1456 1732319762
2 37 1456 1732319762
3 36 0 0
2 34 1456 1732319762
2 35 1456 1732319762
3 36 0 0
2 36 1456 1732319762
2 37 1456 1732319762
3 36 0 0
2 38 1456 1732319762
2 35 1456 1732319762
3 36 0 0
2 36 1456 1732319762
2 37 1456 1732319762
3 36 0 0
2 38 1456 1732319762
2 39 1456 1732319762
3 36 0 0
2 36 1456 1732319762
2 37 1456 1732319762
3 36 0 0
2 38 1456 1732319762
2 39 1456 1732319762
3 36 0 0
2 40 1456 1732319762
2 36 1456 1732319762
3 38 0 0
2 37 1456 1732319762
2 38 1456 1732319762
3 40 0 0
2 39 1456 1732319762
2 40 1456 1732319762
3 41 0 0
2 38 1456 1732319762
2 39 1456 1732319762
3 41 0 0
2 40 1456 1732319762
2 41 1456 1732319762
3 42 0 0
2 42 1456 1732319762
2 40 1456 1732319762
3 42 0 0
2 41 1456 1732319762
2 42 1456 1732319762
3 43 0 0
2 43 1456 1732319762
2 44 1456 1732319762
3 43 0 0
2 41 1456 1732319762
2 42 1456 1732319762
3 43 0 0
2 43 1456 1732319762
2 44 1456 1732319762
3 43 0 0
2 45 1456 1732319762
2 42 1456 1732319762
3 43 0 0
2 43 1456 1732319762
2 44 1456 1732319762
3 43 0 0
2 45 1456 1732319762
2 46 1456 1732319762
3 43 0 0
2 43 1456 1732319762
2 44 1456 1732319762
3 43 0 0
2 45 1456 1732319762
2 46 1456 1732319762
3 43 0 0
2 47 1456 1732319762
2 43 1456 1732319762
3 45 0 0
2 44 1456 1732319762
2 45 1456 1732319762
3 47 0 0
2 46 1456 1732319762
2 47 1456 1732319762
3 48 0 0
2 45 1456 1732319762
2 46 1456 1732319762
3 48 0 0
2 47 1456 1732319762
2 48 1456 1732319762
3 49 0 0
2 49 1456 1732319762
2 47 1456 1732319762
3 49 0 0
2 48 1456 1732319762
2 49 1456 1732319762
3 50 0 0
2 50 1456 1732319762
2 51 1456 1732319762
3 50 0 0
2 48 1456 1732319762
2 49 1456 1732319762
3 50 0 0
2 50 1456 1732319762
2 51 1456 1732319762
3 50 0 0
2 52 1456 1732319762
2 49 1456 1732319762
3 50 0 0
2 50 1456 1732319762
2 51 1456 1732319762
3 50 0 0
2 52 1456 1732319762
2 53 1456 1732319762
3 50 0 0
2 50 1456 1732319762
2 51 1456 1732319762
3 50 0 0
2 52 1456 1732319762
2 53 1456 1732319762
3 50 0 0
2 54 1456 1732319762
2 50 1456 1732319762
3 52 0 0
2 51 1456 1732319762
2 52 1456 1732319762
3 54 0 0
2 53 1456 1732319762
2 54 1456 1732319762
3 55 0 0
2 52 1456 1732319762
2 53 1456 1732319762
3 55 0 0
2 54 1456 1732319762
2 55 1456 1732319762
3 56 0 0
2 56 1456 1732319762
2 54 1456 1732319762
3 56 0 0
2 55 1456 1732319762
2 56 1456 1732319762
3 57 0 0
2 57 1456 1732319762
2 58 1456 1732319762
3 57 0 0
2 55 1456 1732319762
2 56 1456 1732319762
3 57 0 0
2 57 1456 1732319762
2 58 1456 1732319762
3 57 0 0
2 59 1456 1732319762
2 56 1456 1732319762
3 57 0 0
2 57 1456 1732319762
2 58 1456 1732319762
3 57 0 0
2 59 1456 1732319762
2 60 1456 1732319762
3 57 0 0
2 57 1456 1732319762
2 58 1456 1732319762
3 57 0 0
2 59 1456 1732319762
2 60 1456 1732319762
3 57 0 0
2 61 1456 1732319762
2 57 1456 1732319762
3 59 0 0
2 58 1456 1732319762
2 59 1456 1732319762
3 61 0 0
2 60 1456 1732319762
2 61 1456 1732319762
3 62 0 0
2 59 1456 1732319762
2 60 1456 1732319762
3 62 0 0
2 61 1456 1732319762
2 62 1456 1732319762
3 63 0 0
2 63 1456 1732319762
2 61 1456 1732319762
3 63 0 0
2 62 1456 1732319762
2 63 1456 1732319762
3 64 0 0
2 64 1456 1732319762
2 65 1456 1732319762
3 64 0 0
2 62 1456 1732319762
2 63 1456 1732319762
3 64 0 0
2 64 1456 1732319762
2 65 1456 1732319762
3 64 0 0
2 66 1456 1732319762
2 63 1456 1732319762
3 64 0 0
2 64 1456 1732319762
2 65 1456 1732319762
3 64 0 0
2 66 1456 1732319762
2 67 1456 1732319762
3 64 0 0
2 64 1456 1732319762
2 65 1456 1732319762
3 64 0 0
2 66 1456 1732319762
2 67 1456 1732319762
3 64 0 0
2 68 1456 1732319762
2 64 1456 1732319762
3 66 0 0
2 65 1456 1732319762
2 66 1456 1732319762
3 68 0 0
2 67 1456 1732319762
2 68 1456 1732319762
3 69 0 0
2 66 1456 1732319762
2 67 1456 1732319762
3 69 0 0
2 68 1456 1732319762
2 69 1456 1732319762
3 70 0 0
2 70 1456 1732319762
2 68 1456 1732319762
3 70 0 0
2 69 1456 1732319762
2 70 1456 1732319762
3 71 0 0
2 71 1456 1732319762
2 72 1456 1732319762
3 71 0 0
2 69 1456 1732319762
2 70 1456 1732319762
3 71 0 0
2 71 1456 1732319762
2 72 1456 1732319762
3 71 0 0
2 73 1456 1732319762
2 70 1456 1732319762
3 71 0 0
2 71 1456 1732319762
2 72 1456 1732319762
3 71 0 0
2 73 1456 1732319762
2 74 1456 1732319762
3 71 0 0
2 71 1456 1732319762
2 72 1456 1732319762
3 71 0 0
2 73 1456 1732319762
2 74 1456 1732319762
3 71 0 0
2 75 1456 1732319762
2 71 1456 1732319762
3 73 0 0
2 72 1456 1732319762
2 73 1456 1732319762
3 75 0 0
2 74 1456 1732319762
2 75 1456 1732319762
3 76 0 0
2 73 1456 1732319762
2 74 1456 1732319762
3 76 0 0
2 75 1456 1732319762
2 76 1344 2119838798
3 77 0 0
2 75 1456 1732319762
2 76 1344 2119838798
3 77 0 0
2 76 1344 2119838798
1 4199969095 0 0
3 4199969095 0 0
