0 78208505 0 0
3 78208505 0 0
0 78208505 0 0
3 78208505 0 0
0 78208505 0 0
3 78208505 0 0
0 78208505 0 0
3 78208505 0 0
2 0 1456 1007272849
3 1 0 0
2 1 1456 3903861548
3 2 0 0
2 2 1456 1864464095
3 3 0 0
2 3 1456 1961014244
3 4 0 0
2 4 1456 1943323181
3 5 0 0
2 5 1456 1176548876
3 6 0 0
2 6 1456 1348452146
3 7 0 0
2 7 1456 3605988491
3 8 0 0
2 8 1070 365755523
3 9 0 0
2 1 1456 3903861548
3 9 0 0
2 2 1456 1864464095
3 9 0 0
2 3 1456 1961014244
3 9 0 0
2 4 1456 1943323181
3 9 0 0
2 5 1456 1176548876
3 9 0 0
2 6 1456 1348452146
3 9 0 0
2 7 1456 3605988491
3 9 0 0
2 8 1070 365755523
3 9 0 0
2 2 1456 1864464095
3 9 0 0
2 3 1456 1961014244
3 9 0 0
2 4 1456 1943323181
3 9 0 0
2 5 1456 1176548876
3 9 0 0
2 6 1456 1348452146
3 9 0 0
2 7 1456 3605988491
3 9 0 0
2 8 1070 365755523
3 9 0 0
2 3 1456 1961014244
3 9 0 0
2 4 1456 1943323181
3 9 0 0
2 5 1456 1176548876
3 9 0 0
2 6 1456 1348452146
3 9 0 0
2 7 1456 3605988491
3 9 0 0
2 8 1070 365755523
3 9 0 0
2 4 1456 1943323181
3 9 0 0
2 5 1456 1176548876
3 9 0 0
2 6 1456 1348452146
3 9 0 0
2 7 1456 3605988491
3 9 0 0
2 8 1070 365755523
3 9 0 0
2 5 1456 1176548876
3 9 0 0
2 6 1456 1348452146
3 9 0 0
2 7 1456 3605988491
3 9 0 0
2 8 1070 365755523
3 9 0 0
2 6 1456 1348452146
3 9 0 0
2 7 1456 3605988491
3 9 0 0
2 8 1070 365755523
3 9 0 0
2 7 1456 3605988491
3 9 0 0
2 8 1070 365755523
3 9 0 0
2 8 1070 365755523
3 9 0 0
1 78208505 0 0
3 78208505 0 0
