0 3246743026 0 0
3 3246743026 0 0
2 0 1456 813502452
3 1 0 0
2 1 1456 813502452
2 2 1456 813502452
3 1 0 0
2 3 1456 813502452
2 4 1456 813502452
3 1 0 0
0 1055873568 0 0
3 1055873568 0 0
0 1055873568 0 0
3 1055873568 0 0
2 0 1456 813502452
2 1 1456 813502452
3 3 0 0
2 2 1456 813502452
2 3 1456 813502452
3 5 0 0
2 4 1456 813502452
2 3 1456 813502452
3 5 0 0
2 4 1456 813502452
2 5 1456 813502452
3 6 0 0
2 6 1456 813502452
2 7 1456 813502452
3 6 0 0
2 5 1456 813502452
2 6 1456 813502452
3 8 0 0
2 7 1456 813502452
2 8 1456 813502452
3 9 0 0
2 9 1456 813502452
0 2077453052 0 0
3 2077453052 0 0
2 0 1456 813502452
3 9 0 0
2 1 1456 813502452
2 2 1456 813502452
3 9 0 0
2 3 1456 813502452
2 4 1456 813502452
3 9 0 0
2 9 1456 813502452
2 10 1456 813502452
3 9 0 0
2 11 1456 813502452
2 12 1456 813502452
3 9 0 0
2 13 1074 1971708280
2 9 1456 813502452
3 11 0 0
2 10 1456 813502452
2 11 1456 813502452
3 13 0 0
2 12 1456 813502452
2 13 1074 1971708280
3 14 0 0
2 11 1456 813502452
2 12 1456 813502452
3 14 0 0
2 13 1074 1971708280
2 13 1074 1971708280
3 14 0 0
1 2077453052 0 0
1 2077453052 0 0
1 2077453052 0 0
1 2077453052 0 0
1 2077453052 0 0
1 2077453052 0 0
1 2077453052 0 0
1 2077453052 0 0
1 2077453052 0 0
1 2077453052 0 0
0 1906265087 0 0
3 1906265087 0 0
2 0 1456 813502452
2 1 1456 813502452
3 14 0 0
2 2 1456 813502452
2 3 1456 813502452
3 14 0 0
2 4 1456 813502452
1 1906265087 0 0
1 1906265087 0 0
1 1906265087 0 0
1 1906265087 0 0
1 1906265087 0 0
1 1906265087 0 0
1 1906265087 0 0
1 1906265087 0 0
1 1906265087 0 0
1 1906265087 0 0
0 1949621447 0 0
3 1949621447 0 0
2 0 1456 813502452
3 14 0 0
2 1 1456 813502452
2 2 1456 813502452
3 14 0 0
2 3 1456 813502452
2 4 1456 813502452
3 14 0 0
1 1949621447 0 0
1 1949621447 0 0
1 1949621447 0 0
1 1949621447 0 0
1 1949621447 0 0
1 1949621447 0 0
1 1949621447 0 0
1 1949621447 0 0
1 1949621447 0 0
1 1949621447 0 0
0 235674323 0 0
3 235674323 0 0
2 0 1456 813502452
2 1 1456 813502452
3 14 0 0
2 2 1456 813502452
2 3 1456 813502452
3 14 0 0
2 4 1456 813502452
1 235674323 0 0
1 235674323 0 0
1 235674323 0 0
1 235674323 0 0
1 235674323 0 0
1 235674323 0 0
1 235674323 0 0
1 235674323 0 0
1 235674323 0 0
1 235674323 0 0
0 3850461796 0 0
3 3850461796 0 0
2 0 1456 813502452
3 14 0 0
2 1 1456 813502452
2 2 1456 813502452
3 14 0 0
2 3 1456 813502452
2 4 1456 813502452
3 14 0 0
1 3850461796 0 0
1 3850461796 0 0
1 3850461796 0 0
1 3850461796 0 0
1 3850461796 0 0
1 3850461796 0 0
1 3850461796 0 0
1 3850461796 0 0
1 3850461796 0 0
1 3850461796 0 0
0 1264724684 0 0
3 1264724684 0 0
2 0 1456 813502452
2 1 1456 813502452
3 14 0 0
2 2 1456 813502452
2 3 1456 813502452
3 14 0 0
2 4 1456 813502452
1 1264724684 0 0
1 1264724684 0 0
1 1264724684 0 0
1 1264724684 0 0
1 1264724684 0 0
1 1264724684 0 0
1 1264724684 0 0
1 1264724684 0 0
1 1264724684 0 0
1 1264724684 0 0
0 3076565415 0 0
3 3076565415 0 0
2 0 1456 813502452
3 14 0 0
2 1 1456 813502452
2 2 1456 813502452
3 14 0 0
2 3 1456 813502452
2 4 1456 813502452
3 14 0 0
1 3076565415 0 0
1 3076565415 0 0
1 3076565415 0 0
1 3076565415 0 0
1 3076565415 0 0
1 3076565415 0 0
1 3076565415 0 0
1 3076565415 0 0
1 3076565415 0 0
1 3076565415 0 0
0 3965962032 0 0
3 3965962032 0 0
2 0 1456 813502452
2 1 1456 813502452
3 14 0 0
2 2 1456 813502452
2 3 1456 813502452
3 14 0 0
2 4 1456 813502452
1 3965962032 0 0
1 3965962032 0 0
1 3965962032 0 0
1 3965962032 0 0
1 3965962032 0 0
1 3965962032 0 0
1 3965962032 0 0
1 3965962032 0 0
1 3965962032 0 0
1 3965962032 0 0
0 338962453 0 0
3 338962453 0 0
2 0 1456 813502452
3 14 0 0
2 1 1456 813502452
2 2 1456 813502452
3 14 0 0
2 3 1456 813502452
2 4 1456 813502452
3 14 0 0
1 338962453 0 0
1 338962453 0 0
1 338962453 0 0
1 338962453 0 0
1 338962453 0 0
1 338962453 0 0
1 338962453 0 0
1 338962453 0 0
1 338962453 0 0
1 338962453 0 0
0 3764829131 0 0
3 3764829131 0 0
2 0 1456 813502452
2 1 1456 813502452
3 14 0 0
2 2 1456 813502452
2 3 1456 813502452
3 14 0 0
2 4 1456 813502452
1 3764829131 0 0
1 3764829131 0 0
1 3764829131 0 0
1 3764829131 0 0
1 3764829131 0 0
1 3764829131 0 0
1 3764829131 0 0
1 3764829131 0 0
1 3764829131 0 0
1 3764829131 0 0
0 259752026 0 0
3 259752026 0 0
2 0 1456 813502452
3 14 0 0
2 1 1456 813502452
2 2 1456 813502452
3 14 0 0
2 3 1456 813502452
2 4 1456 813502452
3 14 0 0
1 259752026 0 0
1 259752026 0 0
1 259752026 0 0
1 259752026 0 0
1 259752026 0 0
1 259752026 0 0
1 259752026 0 0
1 259752026 0 0
1 259752026 0 0
1 259752026 0 0
0 3620475863 0 0
3 3620475863 0 0
2 0 1456 813502452
2 1 1456 813502452
3 14 0 0
2 2 1456 813502452
2 3 1456 813502452
3 14 0 0
2 4 1456 813502452
1 3620475863 0 0
1 3620475863 0 0
1 3620475863 0 0
1 3620475863 0 0
1 3620475863 0 0
1 3620475863 0 0
1 3620475863 0 0
1 3620475863 0 0
1 3620475863 0 0
1 3620475863 0 0
0 886611945 0 0
3 886611945 0 0
2 0 1456 813502452
3 14 0 0
2 1 1456 813502452
2 2 1456 813502452
3 14 0 0
2 3 1456 813502452
2 4 1456 813502452
3 14 0 0
1 886611945 0 0
1 886611945 0 0
1 886611945 0 0
1 886611945 0 0
1 886611945 0 0
1 886611945 0 0
1 886611945 0 0
1 886611945 0 0
1 886611945 0 0
1 886611945 0 0
0 255957740 0 0
3 255957740 0 0
2 0 1456 813502452
2 1 1456 813502452
3 14 0 0
2 2 1456 813502452
2 3 1456 813502452
3 14 0 0
2 4 1456 813502452
1 255957740 0 0
1 255957740 0 0
1 255957740 0 0
1 255957740 0 0
1 255957740 0 0
1 255957740 0 0
1 255957740 0 0
1 255957740 0 0
1 255957740 0 0
1 255957740 0 0
0 1053631666 0 0
3 1053631666 0 0
2 0 1456 813502452
3 14 0 0
2 1 1456 813502452
2 2 1456 813502452
3 14 0 0
2 3 1456 813502452
2 4 1456 813502452
3 14 0 0
1 1053631666 0 0
1 1053631666 0 0
1 1053631666 0 0
1 1053631666 0 0
1 1053631666 0 0
1 1053631666 0 0
1 1053631666 0 0
1 1053631666 0 0
1 1053631666 0 0
1 1053631666 0 0
0 56148204 0 0
3 56148204 0 0
2 0 1456 813502452
2 1 1456 813502452
3 14 0 0
2 2 1456 813502452
2 3 1456 813502452
3 14 0 0
2 4 1456 813502452
1 56148204 0 0
1 56148204 0 0
1 56148204 0 0
1 56148204 0 0
1 56148204 0 0
1 56148204 0 0
1 56148204 0 0
1 56148204 0 0
1 56148204 0 0
1 56148204 0 0
0 1292246703 0 0
3 1292246703 0 0
2 0 1456 813502452
3 14 0 0
2 1 1456 813502452
2 2 1456 813502452
3 14 0 0
2 3 1456 813502452
2 4 1456 813502452
3 14 0 0
1 1292246703 0 0
1 1292246703 0 0
1 1292246703 0 0
1 1292246703 0 0
1 1292246703 0 0
1 1292246703 0 0
1 1292246703 0 0
1 1292246703 0 0
1 1292246703 0 0
1 1292246703 0 0
0 1533231760 0 0
3 1533231760 0 0
2 0 1456 813502452
2 1 1456 813502452
3 14 0 0
2 2 1456 813502452
2 3 1456 813502452
3 14 0 0
2 4 1456 813502452
1 1533231760 0 0
1 1533231760 0 0
1 1533231760 0 0
1 1533231760 0 0
1 1533231760 0 0
1 1533231760 0 0
1 1533231760 0 0
1 1533231760 0 0
1 1533231760 0 0
1 1533231760 0 0
0 3365092148 0 0
3 3365092148 0 0
2 0 1456 813502452
3 14 0 0
2 1 1456 813502452
2 2 1456 813502452
3 14 0 0
2 3 1456 813502452
2 4 1456 813502452
3 14 0 0
1 3365092148 0 0
1 3365092148 0 0
1 3365092148 0 0
1 3365092148 0 0
1 3365092148 0 0
1 3365092148 0 0
1 3365092148 0 0
1 3365092148 0 0
1 3365092148 0 0
1 3365092148 0 0
0 378883294 0 0
3 378883294 0 0
2 0 1456 813502452
2 1 1456 813502452
3 14 0 0
2 2 1456 813502452
2 3 1456 813502452
3 14 0 0
2 4 1456 813502452
1 378883294 0 0
1 378883294 0 0
1 378883294 0 0
1 378883294 0 0
1 378883294 0 0
1 378883294 0 0
1 378883294 0 0
1 378883294 0 0
1 378883294 0 0
1 378883294 0 0
0 1370510241 0 0
3 1370510241 0 0
2 0 1456 813502452
3 14 0 0
2 1 1456 813502452
2 2 1456 813502452
3 14 0 0
2 3 1456 813502452
2 4 1456 813502452
3 14 0 0
1 1370510241 0 0
1 1370510241 0 0
1 1370510241 0 0
1 1370510241 0 0
1 1370510241 0 0
1 1370510241 0 0
1 1370510241 0 0
1 1370510241 0 0
1 1370510241 0 0
1 1370510241 0 0
0 394385710 0 0
3 394385710 0 0
2 0 1456 813502452
2 1 1456 813502452
3 14 0 0
2 2 1456 813502452
2 3 1456 813502452
3 14 0 0
2 4 1456 813502452
1 394385710 0 0
1 394385710 0 0
1 394385710 0 0
1 394385710 0 0
1 394385710 0 0
1 394385710 0 0
1 394385710 0 0
1 394385710 0 0
1 394385710 0 0
1 394385710 0 0
0 4011991513 0 0
3 4011991513 0 0
2 0 1456 813502452
3 14 0 0
2 1 1456 813502452
2 2 1456 813502452
3 14 0 0
2 3 1456 813502452
2 4 1456 813502452
3 14 0 0
1 4011991513 0 0
1 4011991513 0 0
1 4011991513 0 0
1 4011991513 0 0
1 4011991513 0 0
1 4011991513 0 0
1 4011991513 0 0
1 4011991513 0 0
1 4011991513 0 0
1 4011991513 0 0
0 2977186773 0 0
3 2977186773 0 0
2 0 1456 813502452
2 1 1456 813502452
3 14 0 0
2 2 1456 813502452
2 3 1456 813502452
3 14 0 0
2 4 1456 813502452
1 2977186773 0 0
1 2977186773 0 0
1 2977186773 0 0
1 2977186773 0 0
1 2977186773 0 0
1 2977186773 0 0
1 2977186773 0 0
1 2977186773 0 0
1 2977186773 0 0
1 2977186773 0 0
0 3163850111 0 0
3 3163850111 0 0
2 0 1456 813502452
3 14 0 0
2 1 1456 813502452
2 2 1456 813502452
3 14 0 0
2 3 1456 813502452
2 4 1456 813502452
3 14 0 0
1 3163850111 0 0
1 3163850111 0 0
1 3163850111 0 0
1 3163850111 0 0
1 3163850111 0 0
1 3163850111 0 0
1 3163850111 0 0
1 3163850111 0 0
1 3163850111 0 0
1 3163850111 0 0
0 4284816656 0 0
3 4284816656 0 0
2 0 1456 813502452
2 1 1456 813502452
3 14 0 0
2 2 1456 813502452
2 3 1456 813502452
3 14 0 0
2 4 1456 813502452
1 4284816656 0 0
1 4284816656 0 0
1 4284816656 0 0
1 4284816656 0 0
1 4284816656 0 0
1 4284816656 0 0
1 4284816656 0 0
1 4284816656 0 0
1 4284816656 0 0
1 4284816656 0 0
0 4123141867 0 0
3 4123141867 0 0
2 0 1456 813502452
3 14 0 0
2 1 1456 813502452
2 2 1456 813502452
3 14 0 0
2 3 1456 813502452
2 4 1456 813502452
3 14 0 0
1 4123141867 0 0
1 4123141867 0 0
1 4123141867 0 0
1 4123141867 0 0
1 4123141867 0 0
1 4123141867 0 0
1 4123141867 0 0
1 4123141867 0 0
1 4123141867 0 0
1 4123141867 0 0
0 2833868489 0 0
3 2833868489 0 0
0 2833868489 0 0
3 2833868489 0 0
2 0 1456 813502452
2 1 1456 813502452
3 14 0 0
2 2 1456 813502452
2 3 1456 813502452
3 14 0 0
2 4 1456 813502452
2 0 1456 813502452
3 14 0 0
2 1 1456 813502452
2 2 1456 813502452
3 14 0 0
2 3 1456 813502452
2 4 1456 813502452
3 14 0 0
2 0 1456 813502452
2 1 1456 813502452
3 14 0 0
2 2 1456 813502452
2 3 1456 813502452
3 14 0 0
2 4 1456 813502452
2 0 1456 813502452
3 14 0 0
2 1 1456 813502452
2 2 1456 813502452
3 14 0 0
2 3 1456 813502452
2 4 1456 813502452
3 14 0 0
2 0 1456 813502452
2 1 1456 813502452
3 14 0 0
2 2 1456 813502452
2 3 1456 813502452
3 14 0 0
2 4 1456 813502452
2 0 1456 813502452
3 14 0 0
2 1 1456 813502452
2 2 1456 813502452
3 14 0 0
2 3 1456 813502452
2 4 1456 813502452
3 14 0 0
2 0 1456 813502452
2 1 1456 813502452
3 14 0 0
2 2 1456 813502452
2 3 1456 813502452
3 14 0 0
2 4 1456 813502452
2 0 1456 813502452
3 14 0 0
2 1 1456 813502452
2 2 1456 813502452
3 14 0 0
2 3 1456 813502452
2 4 1456 813502452
3 14 0 0
2 0 1456 813502452
2 1 1456 813502452
3 14 0 0
2 2 1456 813502452
2 3 1456 813502452
3 14 0 0
2 4 1456 813502452
2 0 1456 813502452
3 14 0 0
2 1 1456 813502452
2 2 1456 813502452
3 14 0 0
2 3 1456 813502452
2 4 1456 813502452
3 14 0 0
2 0 1456 813502452
2 1 1456 813502452
3 14 0 0
2 2 1456 813502452
2 3 1456 813502452
3 14 0 0
2 4 1456 813502452
2 0 1456 813502452
3 14 0 0
2 1 1456 813502452
2 2 1456 813502452
3 14 0 0
2 3 1456 813502452
2 4 1456 813502452
3 14 0 0
2 0 1456 813502452
2 1 1456 813502452
3 14 0 0
2 2 1456 813502452
2 3 1456 813502452
3 14 0 0
2 4 1456 813502452
2 0 1456 813502452
3 14 0 0
2 1 1456 813502452
2 2 1456 813502452
3 14 0 0
2 3 1456 813502452
2 4 1456 813502452
3 14 0 0
2 0 1456 813502452
2 1 1456 813502452
3 14 0 0
2 2 1456 813502452
2 3 1456 813502452
3 14 0 0
2 4 1456 813502452
2 0 1456 813502452
3 14 0 0
2 1 1456 813502452
2 2 1456 813502452
3 14 0 0
2 3 1456 813502452
2 4 1456 813502452
3 14 0 0
2 0 1456 813502452
2 1 1456 813502452
3 14 0 0
2 2 1456 813502452
2 3 1456 813502452
3 14 0 0
2 4 1456 813502452
2 0 1456 813502452
3 14 0 0
2 1 1456 813502452
2 2 1456 813502452
3 14 0 0
2 3 1456 813502452
2 4 1456 813502452
3 14 0 0
2 0 1456 813502452
2 1 1456 813502452
3 14 0 0
2 2 1456 813502452
2 3 1456 813502452
3 14 0 0
2 4 1456 813502452
2 0 1456 813502452
3 14 0 0
2 1 1456 813502452
2 2 1456 813502452
3 14 0 0
2 3 1456 813502452
2 4 1456 813502452
3 14 0 0
2 0 1456 813502452
2 1 1456 813502452
3 14 0 0
2 2 1456 813502452
2 3 1456 813502452
3 14 0 0
2 4 1456 813502452
2 0 1456 813502452
3 14 0 0
2 1 1456 813502452
2 2 1456 813502452
3 14 0 0
2 3 1456 813502452
2 4 1456 813502452
3 14 0 0
2 0 1456 813502452
2 1 1456 813502452
3 14 0 0
2 2 1456 813502452
2 3 1456 813502452
3 14 0 0
2 4 1456 813502452
2 0 1456 813502452
3 14 0 0
2 1 1456 813502452
2 2 1456 813502452
3 14 0 0
2 3 1456 813502452
2 4 1456 813502452
3 14 0 0
2 0 1456 813502452
2 1 1456 813502452
3 14 0 0
2 2 1456 813502452
2 3 1456 813502452
3 14 0 0
2 4 1456 813502452
2 0 1456 813502452
3 14 0 0
2 1 1456 813502452
2 2 1456 813502452
3 14 0 0
2 3 1456 813502452
2 4 1456 813502452
3 14 0 0
2 0 1456 813502452
2 1 1456 813502452
3 14 0 0
2 2 1456 813502452
2 3 1456 813502452
3 14 0 0
2 4 1456 813502452
2 0 1456 813502452
3 14 0 0
2 1 1456 813502452
2 2 1456 813502452
3 14 0 0
2 3 1456 813502452
2 4 1456 813502452
3 14 0 0
2 0 1456 813502452
2 1 1456 813502452
3 14 0 0
2 2 1456 813502452
2 3 1456 813502452
3 14 0 0
2 4 1456 813502452
2 0 1456 813502452
3 14 0 0
2 1 1456 813502452
2 2 1456 813502452
3 14 0 0
2 3 1456 813502452
2 4 1456 813502452
3 14 0 0
2 0 1456 813502452
2 1 1456 813502452
3 14 0 0
2 2 1456 813502452
2 3 1456 813502452
3 14 0 0
2 4 1456 813502452
2 0 1456 813502452
3 14 0 0
2 1 1456 813502452
2 2 1456 813502452
3 14 0 0
2 3 1456 813502452
2 4 1456 813502452
3 14 0 0
2 0 1456 813502452
2 1 1456 813502452
3 14 0 0
2 2 1456 813502452
2 3 1456 813502452
3 14 0 0
2 4 1456 813502452
2 0 1456 813502452
3 14 0 0
2 1 1456 813502452
2 2 1456 813502452
3 14 0 0
2 3 1456 813502452
2 4 1456 813502452
3 14 0 0
2 0 1456 813502452
2 1 1456 813502452
3 14 0 0
2 2 1456 813502452
2 3 1456 813502452
3 14 0 0
2 4 1456 813502452
2 0 1456 813502452
3 14 0 0
2 1 1456 813502452
2 2 1456 813502452
3 14 0 0
2 3 1456 813502452
2 4 1456 813502452
3 14 0 0
2 0 1456 813502452
2 1 1456 813502452
3 14 0 0
2 2 1456 813502452
2 3 1456 813502452
3 14 0 0
2 4 1456 813502452
2 0 1456 813502452
3 14 0 0
2 1 1456 813502452
2 2 1456 813502452
3 14 0 0
2 3 1456 813502452
2 4 1456 813502452
3 14 0 0
2 0 1456 813502452
2 1 1456 813502452
3 14 0 0
2 2 1456 813502452
2 3 1456 813502452
3 14 0 0
2 4 1456 813502452
2 0 1456 813502452
3 14 0 0
2 1 1456 813502452
2 2 1456 813502452
3 14 0 0
2 3 1456 813502452
2 4 1456 813502452
3 14 0 0
2 0 1456 813502452
2 1 1456 813502452
3 14 0 0
2 2 1456 813502452
2 3 1456 813502452
3 14 0 0
2 4 1456 813502452
2 0 1456 813502452
3 14 0 0
2 1 1456 813502452
2 2 1456 813502452
3 14 0 0
2 3 1456 813502452
2 4 1456 813502452
3 14 0 0
2 0 1456 813502452
2 1 1456 813502452
3 14 0 0
2 2 1456 813502452
2 3 1456 813502452
3 14 0 0
2 4 1456 813502452
2 0 1456 813502452
3 14 0 0
2 1 1456 813502452
2 2 1456 813502452
3 14 0 0
2 3 1456 813502452
2 4 1456 813502452
3 14 0 0
2 0 1456 813502452
2 1 1456 813502452
3 14 0 0
2 2 1456 813502452
2 3 1456 813502452
3 14 0 0
2 4 1456 813502452
2 0 1456 813502452
3 14 0 0
2 1 1456 813502452
2 2 1456 813502452
3 14 0 0
2 3 1456 813502452
2 4 1456 813502452
3 14 0 0
2 0 1456 813502452
2 1 1456 813502452
3 14 0 0
2 2 1456 813502452
2 3 1456 813502452
3 14 0 0
2 4 1456 813502452
2 0 1456 813502452
3 14 0 0
2 1 1456 813502452
2 2 1456 813502452
3 14 0 0
2 3 1456 813502452
2 4 1456 813502452
3 14 0 0
2 0 1456 813502452
2 1 1456 813502452
3 14 0 0
2 2 1456 813502452
2 3 1456 813502452
3 14 0 0
2 4 1456 813502452
2 0 1456 813502452
3 14 0 0
2 1 1456 813502452
2 2 1456 813502452
3 14 0 0
2 3 1456 813502452
2 4 1456 813502452
3 14 0 0
2 0 1456 813502452
2 1 1456 813502452
3 14 0 0
2 2 1456 813502452
2 3 1456 813502452
3 14 0 0
2 4 1456 813502452
2 0 1456 813502452
3 14 0 0
2 1 1456 813502452
2 2 1456 813502452
3 14 0 0
2 3 1456 813502452
2 4 1456 813502452
3 14 0 0
2 0 1456 813502452
2 1 1456 813502452
3 14 0 0
2 2 1456 813502452
2 3 1456 813502452
3 14 0 0
2 4 1456 813502452
2 0 1456 813502452
3 14 0 0
2 1 1456 813502452
2 2 1456 813502452
3 14 0 0
2 3 1456 813502452
2 4 1456 813502452
3 14 0 0
2 0 1456 813502452
2 1 1456 813502452
3 14 0 0
2 2 1456 813502452
2 3 1456 813502452
3 14 0 0
2 4 1456 813502452
2 0 1456 813502452
3 14 0 0
2 1 1456 813502452
2 2 1456 813502452
3 14 0 0
2 3 1456 813502452
2 4 1456 813502452
3 14 0 0
2 0 1456 813502452
2 1 1456 813502452
3 14 0 0
2 2 1456 813502452
2 3 1456 813502452
3 14 0 0
2 4 1456 813502452
2 0 1456 813502452
3 14 0 0
2 1 1456 813502452
2 2 1456 813502452
3 14 0 0
2 3 1456 813502452
2 4 1456 813502452
3 14 0 0
2 0 1456 813502452
2 1 1456 813502452
3 14 0 0
2 2 1456 813502452
2 3 1456 813502452
3 14 0 0
2 4 1456 813502452
2 0 1456 813502452
3 14 0 0
2 1 1456 813502452
2 2 1456 813502452
3 14 0 0
2 3 1456 813502452
2 4 1456 813502452
3 14 0 0
0 2791693785 0 0
3 2791693785 0 0
2 0 1456 813502452
2 1 1456 813502452
3 14 0 0
2 2 1456 813502452
2 3 1456 813502452
3 14 0 0
2 4 1456 813502452
2 0 1456 813502452
3 14 0 0
2 1 1456 813502452
2 2 1456 813502452
3 14 0 0
2 3 1456 813502452
2 4 1456 813502452
3 14 0 0
2 0 1456 813502452
2 1 1456 813502452
3 14 0 0
2 2 1456 813502452
2 3 1456 813502452
3 14 0 0
2 4 1456 813502452
2 0 1456 813502452
3 14 0 0
2 1 1456 813502452
2 2 1456 813502452
3 14 0 0
2 3 1456 813502452
2 4 1456 813502452
3 14 0 0
2 0 1456 813502452
2 1 1456 813502452
3 14 0 0
2 2 1456 813502452
2 3 1456 813502452
3 14 0 0
2 4 1456 813502452
2 0 1456 813502452
3 14 0 0
2 1 1456 813502452
2 2 1456 813502452
3 14 0 0
2 3 1456 813502452
2 4 1456 813502452
3 14 0 0
2 0 1456 813502452
2 1 1456 813502452
3 14 0 0
2 2 1456 813502452
2 3 1456 813502452
3 14 0 0
2 4 1456 813502452
2 0 1456 813502452
3 14 0 0
2 1 1456 813502452
2 2 1456 813502452
3 14 0 0
2 3 1456 813502452
2 4 1456 813502452
3 14 0 0
2 0 1456 813502452
2 1 1456 813502452
3 14 0 0
2 2 1456 813502452
2 3 1456 813502452
3 14 0 0
2 4 1456 813502452
2 0 1456 813502452
3 14 0 0
2 1 1456 813502452
2 2 1456 813502452
3 14 0 0
2 3 1456 813502452
2 4 1456 813502452
3 14 0 0
2 0 1456 813502452
2 1 1456 813502452
3 14 0 0
2 2 1456 813502452
2 3 1456 813502452
3 14 0 0
2 4 1456 813502452
2 0 1456 813502452
3 14 0 0
2 1 1456 813502452
2 2 1456 813502452
3 14 0 0
2 3 1456 813502452
2 4 1456 813502452
3 14 0 0
2 0 1456 813502452
2 1 1456 813502452
3 14 0 0
2 2 1456 813502452
2 3 1456 813502452
3 14 0 0
2 4 1456 813502452
2 0 1456 813502452
3 14 0 0
2 1 1456 813502452
2 2 1456 813502452
3 14 0 0
2 3 1456 813502452
2 4 1456 813502452
3 14 0 0
2 0 1456 813502452
2 1 1456 813502452
3 14 0 0
2 2 1456 813502452
2 3 1456 813502452
3 14 0 0
2 4 1456 813502452
2 0 1456 813502452
3 14 0 0
2 1 1456 813502452
2 2 1456 813502452
3 14 0 0
2 3 1456 813502452
2 4 1456 813502452
3 14 0 0
2 0 1456 813502452
2 1 1456 813502452
3 14 0 0
2 2 1456 813502452
2 3 1456 813502452
3 14 0 0
2 4 1456 813502452
2 0 1456 813502452
3 14 0 0
2 1 1456 813502452
2 2 1456 813502452
3 14 0 0
2 3 1456 813502452
2 4 1456 813502452
3 14 0 0
2 0 1456 813502452
2 1 1456 813502452
3 14 0 0
2 2 1456 813502452
2 3 1456 813502452
3 14 0 0
2 4 1456 813502452
2 0 1456 813502452
3 14 0 0
2 1 1456 813502452
2 2 1456 813502452
3 14 0 0
2 3 1456 813502452
2 4 1456 813502452
3 14 0 0
2 0 1456 813502452
2 1 1456 813502452
3 14 0 0
2 2 1456 813502452
2 3 1456 813502452
3 14 0 0
2 4 1456 813502452
2 0 1456 813502452
3 14 0 0
2 1 1456 813502452
2 2 1456 813502452
3 14 0 0
2 3 1456 813502452
2 4 1456 813502452
3 14 0 0
2 0 1456 813502452
2 1 1456 813502452
3 14 0 0
2 2 1456 813502452
2 3 1456 813502452
3 14 0 0
2 4 1456 813502452
2 0 1456 813502452
3 14 0 0
2 1 1456 813502452
2 2 1456 813502452
3 14 0 0
2 3 1456 813502452
2 4 1456 813502452
3 14 0 0
2 0 1456 813502452
2 1 1456 813502452
3 14 0 0
2 2 1456 813502452
2 3 1456 813502452
3 14 0 0
2 4 1456 813502452
2 0 1456 813502452
3 14 0 0
2 1 1456 813502452
2 2 1456 813502452
3 14 0 0
2 3 1456 813502452
2 4 1456 813502452
3 14 0 0
2 0 1456 813502452
2 1 1456 813502452
3 14 0 0
2 2 1456 813502452
2 3 1456 813502452
3 14 0 0
2 4 1456 813502452
2 0 1456 813502452
3 14 0 0
2 1 1456 813502452
2 2 1456 813502452
3 14 0 0
2 3 1456 813502452
2 4 1456 813502452
3 14 0 0
2 0 1456 813502452
2 1 1456 813502452
3 14 0 0
2 2 1456 813502452
2 3 1456 813502452
3 14 0 0
2 4 1456 813502452
2 0 1456 813502452
3 14 0 0
2 1 1456 813502452
2 2 1456 813502452
3 14 0 0
2 3 1456 813502452
2 4 1456 813502452
3 14 0 0
2 0 1456 813502452
2 1 1456 813502452
3 14 0 0
2 2 1456 813502452
2 3 1456 813502452
3 14 0 0
2 4 1456 813502452
2 0 1456 813502452
3 14 0 0
2 1 1456 813502452
2 2 1456 813502452
3 14 0 0
2 3 1456 813502452
2 4 1456 813502452
3 14 0 0
2 0 1456 813502452
2 1 1456 813502452
3 14 0 0
2 2 1456 813502452
2 3 1456 813502452
3 14 0 0
2 4 1456 813502452
2 0 1456 813502452
3 14 0 0
2 1 1456 813502452
2 2 1456 813502452
3 14 0 0
2 3 1456 813502452
2 4 1456 813502452
3 14 0 0
2 0 1456 813502452
2 1 1456 813502452
3 14 0 0
2 2 1456 813502452
2 3 1456 813502452
3 14 0 0
2 4 1456 813502452
2 0 1456 813502452
3 14 0 0
2 1 1456 813502452
2 2 1456 813502452
3 14 0 0
2 3 1456 813502452
2 4 1456 813502452
3 14 0 0
2 0 1456 813502452
2 1 1456 813502452
3 14 0 0
2 2 1456 813502452
2 3 1456 813502452
3 14 0 0
2 4 1456 813502452
2 0 1456 813502452
3 14 0 0
2 1 1456 813502452
2 2 1456 813502452
3 14 0 0
2 3 1456 813502452
2 4 1456 813502452
3 14 0 0
2 0 1456 813502452
2 1 1456 813502452
3 14 0 0
2 2 1456 813502452
2 3 1456 813502452
3 14 0 0
2 4 1456 813502452
2 0 1456 813502452
3 14 0 0
2 1 1456 813502452
2 2 1456 813502452
3 14 0 0
2 3 1456 813502452
2 4 1456 813502452
3 14 0 0
2 0 1456 813502452
2 1 1456 813502452
3 14 0 0
2 2 1456 813502452
2 3 1456 813502452
3 14 0 0
2 4 1456 813502452
2 0 1456 813502452
3 14 0 0
2 1 1456 813502452
2 2 1456 813502452
3 14 0 0
2 3 1456 813502452
2 4 1456 813502452
3 14 0 0
2 0 1456 813502452
2 1 1456 813502452
3 14 0 0
2 2 1456 813502452
2 3 1456 813502452
3 14 0 0
2 4 1456 813502452
2 0 1456 813502452
3 14 0 0
2 1 1456 813502452
2 2 1456 813502452
3 14 0 0
2 3 1456 813502452
2 4 1456 813502452
3 14 0 0
2 0 1456 813502452
2 1 1456 813502452
3 14 0 0
2 2 1456 813502452
2 3 1456 813502452
3 14 0 0
2 4 1456 813502452
2 0 1456 813502452
3 14 0 0
2 1 1456 813502452
2 2 1456 813502452
3 14 0 0
2 3 1456 813502452
2 4 1456 813502452
3 14 0 0
2 0 1456 813502452
2 1 1456 813502452
3 14 0 0
2 2 1456 813502452
2 3 1456 813502452
3 14 0 0
2 4 1456 813502452
2 0 1456 813502452
3 14 0 0
2 1 1456 813502452
2 2 1456 813502452
3 14 0 0
2 3 1456 813502452
2 4 1456 813502452
3 14 0 0
2 0 1456 813502452
2 1 1456 813502452
3 14 0 0
2 2 1456 813502452
2 3 1456 813502452
3 14 0 0
2 4 1456 813502452
2 0 1456 813502452
3 14 0 0
2 1 1456 813502452
2 2 1456 813502452
3 14 0 0
2 3 1456 813502452
2 4 1456 813502452
3 14 0 0
2 0 1456 813502452
2 1 1456 813502452
3 14 0 0
2 2 1456 813502452
2 3 1456 813502452
3 14 0 0
2 4 1456 813502452
2 0 1456 813502452
3 14 0 0
2 1 1456 813502452
2 2 1456 813502452
3 14 0 0
2 3 1456 813502452
2 4 1456 813502452
3 14 0 0
2 0 1456 813502452
2 1 1456 813502452
3 14 0 0
2 2 1456 813502452
2 3 1456 813502452
3 14 0 0
2 4 1456 813502452
2 0 1456 813502452
3 14 0 0
2 1 1456 813502452
2 2 1456 813502452
3 14 0 0
2 3 1456 813502452
2 4 1456 813502452
3 14 0 0
2 0 1456 813502452
2 1 1456 813502452
3 14 0 0
2 2 1456 813502452
2 3 1456 813502452
3 14 0 0
2 4 1456 813502452
2 0 1456 813502452
3 14 0 0
2 1 1456 813502452
2 2 1456 813502452
3 14 0 0
2 3 1456 813502452
2 4 1456 813502452
3 14 0 0
2 0 1456 813502452
2 1 1456 813502452
3 14 0 0
2 2 1456 813502452
2 3 1456 813502452
3 14 0 0
2 4 1456 813502452
2 0 1456 813502452
3 14 0 0
2 1 1456 813502452
2 2 1456 813502452
3 14 0 0
2 3 1456 813502452
2 4 1456 813502452
3 14 0 0
2 0 1456 813502452
2 1 1456 813502452
3 14 0 0
2 2 1456 813502452
2 3 1456 813502452
3 14 0 0
2 4 1456 813502452
2 0 1456 813502452
3 14 0 0
2 1 1456 813502452
2 2 1456 813502452
3 14 0 0
2 3 1456 813502452
2 4 1456 813502452
3 14 0 0
0 1186351966 0 0
3 1186351966 0 0
2 0 1456 813502452
2 1 1456 813502452
3 14 0 0
2 2 1456 813502452
2 3 1456 813502452
3 14 0 0
2 4 1456 813502452
1 1186351966 0 0
1 1186351966 0 0
1 1186351966 0 0
1 1186351966 0 0
1 1186351966 0 0
1 1186351966 0 0
1 1186351966 0 0
1 1186351966 0 0
1 1186351966 0 0
1 1186351966 0 0
0 1438832166 0 0
3 1438832166 0 0
2 0 1456 813502452
3 14 0 0
2 1 1456 813502452
2 2 1456 813502452
3 14 0 0
2 3 1456 813502452
2 4 1456 813502452
3 14 0 0
1 1438832166 0 0
1 1438832166 0 0
1 1438832166 0 0
1 1438832166 0 0
1 1438832166 0 0
1 1438832166 0 0
1 1438832166 0 0
1 1438832166 0 0
1 1438832166 0 0
1 1438832166 0 0
0 670160328 0 0
3 670160328 0 0
2 0 1456 813502452
2 1 1456 813502452
3 14 0 0
2 2 1456 813502452
2 3 1456 813502452
3 14 0 0
2 4 1456 813502452
1 670160328 0 0
1 670160328 0 0
1 670160328 0 0
1 670160328 0 0
1 670160328 0 0
1 670160328 0 0
1 670160328 0 0
1 670160328 0 0
1 670160328 0 0
1 670160328 0 0
0 4154302467 0 0
3 4154302467 0 0
2 0 1456 813502452
3 14 0 0
2 1 1456 813502452
2 2 1456 813502452
3 14 0 0
2 3 1456 813502452
2 4 1456 813502452
3 14 0 0
1 4154302467 0 0
1 4154302467 0 0
1 4154302467 0 0
1 4154302467 0 0
1 4154302467 0 0
1 4154302467 0 0
1 4154302467 0 0
1 4154302467 0 0
1 4154302467 0 0
1 4154302467 0 0
0 2045016403 0 0
3 2045016403 0 0
2 0 1456 813502452
2 1 1456 813502452
3 14 0 0
2 2 1456 813502452
2 3 1456 813502452
3 14 0 0
2 4 1456 813502452
1 2045016403 0 0
1 2045016403 0 0
1 2045016403 0 0
1 2045016403 0 0
1 2045016403 0 0
1 2045016403 0 0
1 2045016403 0 0
1 2045016403 0 0
1 2045016403 0 0
1 2045016403 0 0
0 777707653 0 0
3 777707653 0 0
2 0 1456 813502452
3 14 0 0
2 1 1456 813502452
2 2 1456 813502452
3 14 0 0
2 3 1456 813502452
2 4 1456 813502452
3 14 0 0
1 777707653 0 0
1 777707653 0 0
1 777707653 0 0
1 777707653 0 0
1 777707653 0 0
1 777707653 0 0
1 777707653 0 0
1 777707653 0 0
1 777707653 0 0
1 777707653 0 0
0 2918190764 0 0
3 2918190764 0 0
2 0 1456 813502452
2 1 1456 813502452
3 14 0 0
2 2 1456 813502452
2 3 1456 813502452
3 14 0 0
2 4 1456 813502452
1 2918190764 0 0
1 2918190764 0 0
1 2918190764 0 0
1 2918190764 0 0
1 2918190764 0 0
1 2918190764 0 0
1 2918190764 0 0
1 2918190764 0 0
1 2918190764 0 0
1 2918190764 0 0
0 1763462150 0 0
3 1763462150 0 0
2 0 1456 813502452
3 14 0 0
2 1 1456 813502452
2 2 1456 813502452
3 14 0 0
2 3 1456 813502452
2 4 1456 813502452
3 14 0 0
1 1763462150 0 0
1 1763462150 0 0
1 1763462150 0 0
1 1763462150 0 0
1 1763462150 0 0
1 1763462150 0 0
1 1763462150 0 0
1 1763462150 0 0
1 1763462150 0 0
1 1763462150 0 0
0 2433763830 0 0
3 2433763830 0 0
2 0 1456 813502452
2 1 1456 813502452
3 14 0 0
2 2 1456 813502452
2 3 1456 813502452
3 14 0 0
2 4 1456 813502452
1 2433763830 0 0
1 2433763830 0 0
1 2433763830 0 0
1 2433763830 0 0
1 2433763830 0 0
1 2433763830 0 0
1 2433763830 0 0
1 2433763830 0 0
1 2433763830 0 0
1 2433763830 0 0
0 2553384100 0 0
3 2553384100 0 0
2 0 1456 813502452
3 14 0 0
2 1 1456 813502452
2 2 1456 813502452
3 14 0 0
2 3 1456 813502452
2 4 1456 813502452
3 14 0 0
1 2553384100 0 0
1 2553384100 0 0
1 2553384100 0 0
1 2553384100 0 0
1 2553384100 0 0
1 2553384100 0 0
1 2553384100 0 0
1 2553384100 0 0
1 2553384100 0 0
1 2553384100 0 0
0 3962534767 0 0
3 3962534767 0 0
2 0 1456 813502452
2 1 1456 813502452
3 14 0 0
2 2 1456 813502452
2 3 1456 813502452
3 14 0 0
2 4 1456 813502452
1 3962534767 0 0
1 3962534767 0 0
1 3962534767 0 0
1 3962534767 0 0
1 3962534767 0 0
1 3962534767 0 0
1 3962534767 0 0
1 3962534767 0 0
1 3962534767 0 0
1 3962534767 0 0
0 3181103177 0 0
3 3181103177 0 0
2 0 1456 813502452
3 14 0 0
2 1 1456 813502452
2 2 1456 813502452
3 14 0 0
2 3 1456 813502452
2 4 1456 813502452
3 14 0 0
1 3181103177 0 0
1 3181103177 0 0
1 3181103177 0 0
1 3181103177 0 0
1 3181103177 0 0
1 3181103177 0 0
1 3181103177 0 0
1 3181103177 0 0
1 3181103177 0 0
1 3181103177 0 0
0 4021114539 0 0
3 4021114539 0 0
2 0 1456 813502452
2 1 1456 813502452
3 14 0 0
2 2 1456 813502452
2 3 1456 813502452
3 14 0 0
2 4 1456 813502452
1 4021114539 0 0
1 4021114539 0 0
1 4021114539 0 0
1 4021114539 0 0
1 4021114539 0 0
1 4021114539 0 0
1 4021114539 0 0
1 4021114539 0 0
1 4021114539 0 0
1 4021114539 0 0
0 3634789335 0 0
3 3634789335 0 0
2 0 1456 813502452
3 14 0 0
2 1 1456 813502452
2 2 1456 813502452
3 14 0 0
2 3 1456 813502452
2 4 1456 813502452
3 14 0 0
1 3634789335 0 0
1 3634789335 0 0
1 3634789335 0 0
1 3634789335 0 0
1 3634789335 0 0
1 3634789335 0 0
1 3634789335 0 0
1 3634789335 0 0
1 3634789335 0 0
1 3634789335 0 0
