0 1590467227 0 0
0 1590467227 0 0
0 1590467227 0 0
0 1590467227 0 0
0 1590467227 0 0
3 1590467227 0 0
2 0 1456 1007272849
2 1 1456 3903861548
2 2 1456 1864464095
2 3 1456 1961014244
2 4 1456 1943323181
2 5 1456 1176548876
2 6 1456 1348452146
2 7 1456 3605988491
2 8 1070 365755523
3 1590467227 0 0
3 1590467227 0 0
3 1590467227 0 0
3 1590467227 0 0
3 1 0 0
RTT Sample: 245.92ms | Estimated: 468.24ms | Deviation: -222.32ms | Change: -31.76ms
2 1 1456 3903861548
2 2 1456 1864464095
2 3 1456 1961014244
2 4 1456 1943323181
2 5 1456 1176548876
2 6 1456 1348452146
2 7 1456 3605988491
2 8 1070 365755523
3 2 0 0
RTT Sample: 58.75ms | Estimated: 417.05ms | Deviation: -358.31ms | Change: -51.19ms
2 2 1456 1864464095
2 3 1456 1961014244
2 4 1456 1943323181
2 5 1456 1176548876
2 6 1456 1348452146
2 7 1456 3605988491
2 8 1070 365755523
3 3 0 0
RTT Sample: 52.19ms | Estimated: 371.45ms | Deviation: -319.25ms | Change: -45.61ms
2 3 1456 1961014244
2 4 1456 1943323181
2 5 1456 1176548876
2 6 1456 1348452146
2 7 1456 3605988491
2 8 1070 365755523
3 4 0 0
RTT Sample: 61.02ms | Estimated: 332.64ms | Deviation: -271.63ms | Change: -38.80ms
2 4 1456 1943323181
2 5 1456 1176548876
2 6 1456 1348452146
2 7 1456 3605988491
2 8 1070 365755523
3 5 0 0
RTT Sample: 69.90ms | Estimated: 299.80ms | Deviation: -229.90ms | Change: -32.84ms
2 5 1456 1176548876
2 6 1456 1348452146
2 7 1456 3605988491
2 8 1070 365755523
3 6 0 0
RTT Sample: 37.30ms | Estimated: 266.99ms | Deviation: -229.69ms | Change: -32.81ms
2 6 1456 1348452146
2 7 1456 3605988491
2 8 1070 365755523
3 7 0 0
RTT Sample: 54.85ms | Estimated: 240.47ms | Deviation: -185.62ms | Change: -26.52ms
2 7 1456 3605988491
2 8 1070 365755523
3 8 0 0
RTT Sample: 56.07ms | Estimated: 217.42ms | Deviation: -161.35ms | Change: -23.05ms
2 8 1070 365755523
3 9 0 0
RTT Sample: 56.50ms | Estimated: 197.30ms | Deviation: -140.80ms | Change: -20.11ms
1 1590467227 0 0
1 1590467227 0 0
1 1590467227 0 0
1 1590467227 0 0
1 1590467227 0 0
1 1590467227 0 0
1 1590467227 0 0
1 1590467227 0 0
1 1590467227 0 0
1 1590467227 0 0
