0 2509424432 0 0
0 2509424432 0 0
0 2509424432 0 0
0 2509424432 0 0
3 2509424432 0 0
2 0 1456 2090585434
2 1 1456 1572620755
2 2 1456 711987008
2 3 1456 2306224087
2 4 1456 2305507458
2 5 1456 1396916862
2 6 1456 2161508383
2 7 1456 518222729
2 8 1456 3359392490
2 9 1456 3630620384
3 2509424432 0 0
3 2509424432 0 0
3 2509424432 0 0
3 1 0 0
RTT Sample: 231.83ms | Estimated: 466.48ms | Deviation: -234.65ms | Change: -33.52ms
2 1 1456 1572620755
2 2 1456 711987008
2 3 1456 2306224087
2 4 1456 2305507458
2 5 1456 1396916862
2 6 1456 2161508383
2 7 1456 518222729
2 8 1456 3359392490
2 9 1456 3630620384
2 10 1456 2739804276
3 2 0 0
RTT Sample: 58.79ms | Estimated: 415.52ms | Deviation: -356.73ms | Change: -50.96ms
2 2 1456 711987008
2 3 1456 2306224087
2 4 1456 2305507458
2 5 1456 1396916862
2 6 1456 2161508383
2 7 1456 518222729
2 8 1456 3359392490
2 9 1456 3630620384
2 10 1456 2739804276
2 11 1456 2511020439
3 3 0 0
RTT Sample: 43.89ms | Estimated: 369.06ms | Deviation: -325.18ms | Change: -46.45ms
2 3 1456 2306224087
2 4 1456 2305507458
2 5 1456 1396916862
2 6 1456 2161508383
2 7 1456 518222729
2 8 1456 3359392490
2 9 1456 3630620384
2 10 1456 2739804276
2 11 1456 2511020439
2 12 1456 279761347
3 4 0 0
RTT Sample: 35.19ms | Estimated: 327.33ms | Deviation: -292.14ms | Change: -41.73ms
2 4 1456 2305507458
2 5 1456 1396916862
2 6 1456 2161508383
2 7 1456 518222729
2 8 1456 3359392490
2 9 1456 3630620384
2 10 1456 2739804276
2 11 1456 2511020439
2 12 1456 279761347
2 13 1456 4216103702
3 5 0 0
RTT Sample: 44.57ms | Estimated: 291.98ms | Deviation: -247.41ms | Change: -35.34ms
2 5 1456 1396916862
2 6 1456 2161508383
2 7 1456 518222729
2 8 1456 3359392490
2 9 1456 3630620384
2 10 1456 2739804276
2 11 1456 2511020439
2 12 1456 279761347
2 13 1456 4216103702
2 14 1456 322145215
3 6 0 0
RTT Sample: 63.58ms | Estimated: 263.43ms | Deviation: -199.85ms | Change: -28.55ms
2 6 1456 2161508383
2 7 1456 518222729
2 8 1456 3359392490
2 9 1456 3630620384
2 10 1456 2739804276
2 11 1456 2511020439
2 12 1456 279761347
2 13 1456 4216103702
2 14 1456 322145215
2 15 1456 1063424288
3 7 0 0
RTT Sample: 75.05ms | Estimated: 239.89ms | Deviation: -164.84ms | Change: -23.55ms
2 7 1456 518222729
2 8 1456 3359392490
2 9 1456 3630620384
2 10 1456 2739804276
2 11 1456 2511020439
2 12 1456 279761347
2 13 1456 4216103702
2 14 1456 322145215
2 15 1456 1063424288
2 16 1456 3691273033
3 8 0 0
RTT Sample: 54.49ms | Estimated: 216.71ms | Deviation: -162.22ms | Change: -23.17ms
2 8 1456 3359392490
2 9 1456 3630620384
2 10 1456 2739804276
2 11 1456 2511020439
2 12 1456 279761347
2 13 1456 4216103702
2 14 1456 322145215
2 15 1456 1063424288
2 16 1456 3691273033
2 17 1456 1191631722
3 9 0 0
RTT Sample: 46.22ms | Estimated: 195.40ms | Deviation: -149.18ms | Change: -21.31ms
2 9 1456 3630620384
2 10 1456 2739804276
2 11 1456 2511020439
2 12 1456 279761347
2 13 1456 4216103702
2 14 1456 322145215
2 15 1456 1063424288
2 16 1456 3691273033
2 17 1456 1191631722
2 18 1456 392479187
3 10 0 0
RTT Sample: 46.11ms | Estimated: 176.74ms | Deviation: -130.63ms | Change: -18.66ms
2 10 1456 2739804276
2 11 1456 2511020439
2 12 1456 279761347
2 13 1456 4216103702
2 14 1456 322145215
2 15 1456 1063424288
2 16 1456 3691273033
2 17 1456 1191631722
2 18 1456 392479187
2 19 1456 1612882838
3 10 0 0
3 10 0 0
3 10 0 0
3 10 0 0
3 10 0 0
3 10 0 0
3 10 0 0
3 10 0 0
3 10 0 0
3 11 0 0
RTT Sample: 569.00ms | Estimated: 225.77ms | Deviation: +343.23ms | Change: +49.03ms
2 11 1456 2511020439
2 12 1456 279761347
2 13 1456 4216103702
2 14 1456 322145215
2 15 1456 1063424288
2 16 1456 3691273033
2 17 1456 1191631722
2 18 1456 392479187
2 19 1456 1612882838
2 20 1456 1476342166
3 11 0 0
3 11 0 0
3 11 0 0
3 11 0 0
3 11 0 0
3 11 0 0
3 11 0 0
3 11 0 0
3 11 0 0
3 12 0 0
RTT Sample: 520.69ms | Estimated: 262.64ms | Deviation: +258.05ms | Change: +36.86ms
2 12 1456 279761347
2 13 1456 4216103702
2 14 1456 322145215
2 15 1456 1063424288
2 16 1456 3691273033
2 17 1456 1191631722
2 18 1456 392479187
2 19 1456 1612882838
2 20 1456 1476342166
2 21 1456 2695887954
3 12 0 0
3 12 0 0
3 12 0 0
3 12 0 0
3 12 0 0
3 12 0 0
3 12 0 0
3 12 0 0
3 12 0 0
3 13 0 0
RTT Sample: 536.94ms | Estimated: 296.92ms | Deviation: +240.02ms | Change: +34.29ms
2 13 1456 4216103702
2 14 1456 322145215
2 15 1456 1063424288
2 16 1456 3691273033
2 17 1456 1191631722
2 18 1456 392479187
2 19 1456 1612882838
2 20 1456 1476342166
2 21 1456 2695887954
2 22 1456 2866126692
3 13 0 0
3 13 0 0
3 13 0 0
3 13 0 0
3 13 0 0
3 13 0 0
3 13 0 0
3 13 0 0
3 13 0 0
3 14 0 0
RTT Sample: 537.00ms | Estimated: 326.93ms | Deviation: +210.07ms | Change: +30.01ms
2 14 1456 322145215
2 15 1456 1063424288
2 16 1456 3691273033
2 17 1456 1191631722
2 18 1456 392479187
2 19 1456 1612882838
2 20 1456 1476342166
2 21 1456 2695887954
2 22 1456 2866126692
2 23 1456 1425042154
3 14 0 0
3 14 0 0
3 14 0 0
3 14 0 0
3 14 0 0
3 14 0 0
3 14 0 0
3 14 0 0
3 14 0 0
3 15 0 0
RTT Sample: 528.75ms | Estimated: 352.16ms | Deviation: +176.59ms | Change: +25.23ms
2 15 1456 1063424288
2 16 1456 3691273033
2 17 1456 1191631722
2 18 1456 392479187
2 19 1456 1612882838
2 20 1456 1476342166
2 21 1456 2695887954
2 22 1456 2866126692
2 23 1456 1425042154
2 24 1456 957525432
3 15 0 0
3 15 0 0
3 15 0 0
3 15 0 0
3 15 0 0
3 15 0 0
3 15 0 0
3 15 0 0
3 15 0 0
3 16 0 0
RTT Sample: 545.70ms | Estimated: 376.35ms | Deviation: +169.35ms | Change: +24.19ms
2 16 1456 3691273033
2 17 1456 1191631722
2 18 1456 392479187
2 19 1456 1612882838
2 20 1456 1476342166
2 21 1456 2695887954
2 22 1456 2866126692
2 23 1456 1425042154
2 24 1456 957525432
2 25 1456 3192442669
3 16 0 0
3 16 0 0
3 16 0 0
3 16 0 0
3 16 0 0
3 16 0 0
3 16 0 0
3 16 0 0
3 16 0 0
3 17 0 0
RTT Sample: 554.11ms | Estimated: 398.57ms | Deviation: +155.54ms | Change: +22.22ms
2 17 1456 1191631722
2 18 1456 392479187
2 19 1456 1612882838
2 20 1456 1476342166
2 21 1456 2695887954
2 22 1456 2866126692
2 23 1456 1425042154
2 24 1456 957525432
2 25 1456 3192442669
2 26 1456 1428662188
3 17 0 0
3 17 0 0
3 17 0 0
3 17 0 0
3 17 0 0
3 17 0 0
3 17 0 0
3 17 0 0
3 17 0 0
3 18 0 0
RTT Sample: 537.18ms | Estimated: 415.90ms | Deviation: +121.28ms | Change: +17.33ms
2 18 1456 392479187
2 19 1456 1612882838
2 20 1456 1476342166
2 21 1456 2695887954
2 22 1456 2866126692
2 23 1456 1425042154
2 24 1456 957525432
2 25 1456 3192442669
2 26 1456 1428662188
2 27 1226 2907711342
3 18 0 0
3 18 0 0
3 18 0 0
3 18 0 0
3 18 0 0
3 18 0 0
3 18 0 0
3 18 0 0
3 18 0 0
3 19 0 0
RTT Sample: 588.63ms | Estimated: 437.49ms | Deviation: +151.14ms | Change: +21.59ms
2 19 1456 1612882838
2 20 1456 1476342166
2 21 1456 2695887954
2 22 1456 2866126692
2 23 1456 1425042154
2 24 1456 957525432
2 25 1456 3192442669
2 26 1456 1428662188
2 27 1226 2907711342
3 19 0 0
3 19 0 0
3 19 0 0
3 19 0 0
3 19 0 0
3 19 0 0
3 19 0 0
3 19 0 0
3 19 0 0
3 20 0 0
RTT Sample: 504.90ms | Estimated: 445.92ms | Deviation: +58.98ms | Change: +8.43ms
2 20 1456 1476342166
2 21 1456 2695887954
2 22 1456 2866126692
2 23 1456 1425042154
2 24 1456 957525432
2 25 1456 3192442669
2 26 1456 1428662188
2 27 1226 2907711342
3 20 0 0
3 20 0 0
3 20 0 0
3 20 0 0
3 20 0 0
3 20 0 0
3 20 0 0
3 20 0 0
3 20 0 0
3 21 0 0
RTT Sample: 527.45ms | Estimated: 456.11ms | Deviation: +71.34ms | Change: +10.19ms
2 21 1456 2695887954
2 22 1456 2866126692
2 23 1456 1425042154
2 24 1456 957525432
2 25 1456 3192442669
2 26 1456 1428662188
2 27 1226 2907711342
3 21 0 0
3 21 0 0
3 21 0 0
3 21 0 0
3 21 0 0
3 21 0 0
3 21 0 0
3 21 0 0
3 21 0 0
3 22 0 0
RTT Sample: 557.49ms | Estimated: 468.78ms | Deviation: +88.71ms | Change: +12.67ms
2 22 1456 2866126692
2 23 1456 1425042154
2 24 1456 957525432
2 25 1456 3192442669
2 26 1456 1428662188
2 27 1226 2907711342
3 22 0 0
3 22 0 0
3 22 0 0
3 22 0 0
3 22 0 0
3 22 0 0
3 22 0 0
3 22 0 0
3 22 0 0
3 23 0 0
RTT Sample: 580.91ms | Estimated: 482.80ms | Deviation: +98.11ms | Change: +14.02ms
2 23 1456 1425042154
2 24 1456 957525432
2 25 1456 3192442669
2 26 1456 1428662188
2 27 1226 2907711342
3 23 0 0
3 23 0 0
3 23 0 0
3 23 0 0
3 23 0 0
3 23 0 0
3 23 0 0
3 23 0 0
3 23 0 0
3 24 0 0
RTT Sample: 575.23ms | Estimated: 494.35ms | Deviation: +80.88ms | Change: +11.55ms
2 24 1456 957525432
2 25 1456 3192442669
2 26 1456 1428662188
2 27 1226 2907711342
3 24 0 0
3 24 0 0
3 24 0 0
3 24 0 0
3 24 0 0
3 24 0 0
3 24 0 0
3 24 0 0
3 24 0 0
3 25 0 0
RTT Sample: 519.34ms | Estimated: 497.48ms | Deviation: +21.86ms | Change: +3.12ms
2 25 1456 3192442669
2 26 1456 1428662188
2 27 1226 2907711342
3 25 0 0
3 25 0 0
3 25 0 0
3 25 0 0
3 25 0 0
3 25 0 0
3 25 0 0
3 25 0 0
3 25 0 0
3 26 0 0
RTT Sample: 588.05ms | Estimated: 508.80ms | Deviation: +79.25ms | Change: +11.32ms
2 26 1456 1428662188
2 27 1226 2907711342
3 26 0 0
3 26 0 0
3 26 0 0
3 26 0 0
3 26 0 0
3 26 0 0
3 26 0 0
3 26 0 0
3 26 0 0
3 27 0 0
RTT Sample: 539.87ms | Estimated: 512.68ms | Deviation: +27.19ms | Change: +3.88ms
2 27 1226 2907711342
3 27 0 0
3 27 0 0
3 27 0 0
3 27 0 0
3 27 0 0
3 27 0 0
3 27 0 0
3 27 0 0
3 27 0 0
3 28 0 0
RTT Sample: 544.12ms | Estimated: 516.61ms | Deviation: +27.51ms | Change: +3.93ms
1 2509424432 0 0
1 2509424432 0 0
1 2509424432 0 0
1 2509424432 0 0
1 2509424432 0 0
1 2509424432 0 0
1 2509424432 0 0
1 2509424432 0 0
1 2509424432 0 0
1 2509424432 0 0
