0 1210271494 0 0
3 1210271494 0 0
2 0 1456 1329847718
2 1 1456 1329847718
2 2 1456 1329847718
2 3 1456 1329847718
2 4 1456 1329847718
3 1 0 0
2 1 1456 1329847718
2 2 1456 1329847718
2 3 1456 1329847718
2 4 1456 1329847718
2 5 1456 1329847718
3 2 0 0
2 2 1456 1329847718
2 3 1456 1329847718
2 4 1456 1329847718
2 5 1456 1329847718
2 6 1456 1329847718
3 3 0 0
2 3 1456 1329847718
2 4 1456 1329847718
2 5 1456 1329847718
2 6 1456 1329847718
2 7 1456 1329847718
3 4 0 0
2 4 1456 1329847718
2 5 1456 1329847718
2 6 1456 1329847718
2 7 1456 1329847718
2 8 1456 1329847718
3 5 0 0
2 5 1456 1329847718
2 6 1456 1329847718
2 7 1456 1329847718
2 8 1456 1329847718
2 9 1456 1329847718
3 5 0 0
3 5 0 0
3 5 0 0
3 5 0 0
3 6 0 0
2 6 1456 1329847718
2 7 1456 1329847718
2 8 1456 1329847718
2 9 1456 1329847718
2 10 1456 1329847718
3 6 0 0
3 6 0 0
3 6 0 0
3 6 0 0
3 7 0 0
2 7 1456 1329847718
2 8 1456 1329847718
2 9 1456 1329847718
2 10 1456 1329847718
2 11 1456 1329847718
3 7 0 0
3 7 0 0
3 7 0 0
3 7 0 0
3 8 0 0
2 8 1456 1329847718
2 9 1456 1329847718
2 10 1456 1329847718
2 11 1456 1329847718
2 12 1456 1329847718
3 8 0 0
3 8 0 0
3 8 0 0
3 8 0 0
3 9 0 0
2 9 1456 1329847718
2 10 1456 1329847718
2 11 1456 1329847718
2 12 1456 1329847718
2 13 1456 1329847718
3 9 0 0
3 9 0 0
3 9 0 0
3 9 0 0
3 10 0 0
2 10 1456 1329847718
2 11 1456 1329847718
2 12 1456 1329847718
2 13 1456 1329847718
2 14 1456 1329847718
3 10 0 0
3 10 0 0
3 10 0 0
3 10 0 0
3 11 0 0
2 11 1456 1329847718
2 12 1456 1329847718
2 13 1456 1329847718
2 14 1456 1329847718
2 15 1456 1329847718
3 11 0 0
3 11 0 0
3 11 0 0
3 11 0 0
3 12 0 0
2 12 1456 1329847718
2 13 1456 1329847718
2 14 1456 1329847718
2 15 1456 1329847718
2 16 1456 1329847718
3 12 0 0
3 12 0 0
3 12 0 0
3 12 0 0
3 13 0 0
2 13 1456 1329847718
2 14 1456 1329847718
2 15 1456 1329847718
2 16 1456 1329847718
2 17 1456 1329847718
3 13 0 0
3 13 0 0
3 13 0 0
3 13 0 0
3 14 0 0
2 14 1456 1329847718
2 15 1456 1329847718
2 16 1456 1329847718
2 17 1456 1329847718
2 18 1456 1329847718
3 14 0 0
3 14 0 0
3 14 0 0
3 14 0 0
3 15 0 0
2 15 1456 1329847718
2 16 1456 1329847718
2 17 1456 1329847718
2 18 1456 1329847718
2 19 1456 1329847718
3 15 0 0
3 15 0 0
3 15 0 0
3 15 0 0
3 16 0 0
2 16 1456 1329847718
2 17 1456 1329847718
2 18 1456 1329847718
2 19 1456 1329847718
2 20 1456 1329847718
3 16 0 0
3 16 0 0
3 16 0 0
3 16 0 0
3 17 0 0
2 17 1456 1329847718
2 18 1456 1329847718
2 19 1456 1329847718
2 20 1456 1329847718
2 21 1456 1329847718
3 17 0 0
3 17 0 0
3 17 0 0
3 17 0 0
3 18 0 0
2 18 1456 1329847718
2 19 1456 1329847718
2 20 1456 1329847718
2 21 1456 1329847718
2 22 1456 1329847718
3 18 0 0
3 18 0 0
3 18 0 0
3 18 0 0
3 19 0 0
2 19 1456 1329847718
2 20 1456 1329847718
2 21 1456 1329847718
2 22 1456 1329847718
2 23 1456 1329847718
3 19 0 0
3 19 0 0
3 19 0 0
3 19 0 0
3 20 0 0
2 20 1456 1329847718
2 21 1456 1329847718
2 22 1456 1329847718
2 23 1456 1329847718
2 24 1456 1329847718
3 20 0 0
3 20 0 0
3 20 0 0
3 20 0 0
3 21 0 0
2 21 1456 1329847718
2 22 1456 1329847718
2 23 1456 1329847718
2 24 1456 1329847718
2 25 1456 1329847718
3 21 0 0
3 21 0 0
3 21 0 0
3 21 0 0
3 22 0 0
2 22 1456 1329847718
2 23 1456 1329847718
2 24 1456 1329847718
2 25 1456 1329847718
2 26 1456 1329847718
3 22 0 0
3 22 0 0
3 22 0 0
3 22 0 0
3 23 0 0
2 23 1456 1329847718
2 24 1456 1329847718
2 25 1456 1329847718
2 26 1456 1329847718
2 27 1456 1329847718
3 23 0 0
3 23 0 0
3 23 0 0
3 23 0 0
3 24 0 0
2 24 1456 1329847718
2 25 1456 1329847718
2 26 1456 1329847718
2 27 1456 1329847718
2 28 1456 1329847718
3 24 0 0
3 24 0 0
3 24 0 0
3 24 0 0
3 25 0 0
2 25 1456 1329847718
2 26 1456 1329847718
2 27 1456 1329847718
2 28 1456 1329847718
2 29 1456 1329847718
3 25 0 0
3 25 0 0
3 25 0 0
3 25 0 0
3 26 0 0
2 26 1456 1329847718
2 27 1456 1329847718
2 28 1456 1329847718
2 29 1456 1329847718
2 30 1456 1329847718
3 26 0 0
3 26 0 0
3 26 0 0
3 26 0 0
3 27 0 0
2 27 1456 1329847718
2 28 1456 1329847718
2 29 1456 1329847718
2 30 1456 1329847718
2 31 1456 1329847718
3 27 0 0
3 27 0 0
3 27 0 0
3 27 0 0
3 28 0 0
2 28 1456 1329847718
2 29 1456 1329847718
2 30 1456 1329847718
2 31 1456 1329847718
2 32 1456 1329847718
3 28 0 0
3 28 0 0
3 28 0 0
3 28 0 0
3 29 0 0
2 29 1456 1329847718
2 30 1456 1329847718
2 31 1456 1329847718
2 32 1456 1329847718
2 33 1456 1329847718
3 29 0 0
3 29 0 0
3 29 0 0
3 29 0 0
3 30 0 0
2 30 1456 1329847718
2 31 1456 1329847718
2 32 1456 1329847718
2 33 1456 1329847718
2 34 1456 1329847718
3 30 0 0
3 30 0 0
3 30 0 0
3 30 0 0
3 31 0 0
2 31 1456 1329847718
2 32 1456 1329847718
2 33 1456 1329847718
2 34 1456 1329847718
2 35 1456 1329847718
3 31 0 0
3 31 0 0
3 31 0 0
3 31 0 0
3 32 0 0
2 32 1456 1329847718
2 33 1456 1329847718
2 34 1456 1329847718
2 35 1456 1329847718
2 36 1456 1329847718
3 32 0 0
3 32 0 0
3 32 0 0
3 32 0 0
3 33 0 0
2 33 1456 1329847718
2 34 1456 1329847718
2 35 1456 1329847718
2 36 1456 1329847718
2 37 1456 1329847718
3 33 0 0
3 33 0 0
3 33 0 0
3 33 0 0
3 34 0 0
2 34 1456 1329847718
2 35 1456 1329847718
2 36 1456 1329847718
2 37 1456 1329847718
2 38 1456 1329847718
3 34 0 0
3 34 0 0
3 34 0 0
3 34 0 0
3 35 0 0
2 35 1456 1329847718
2 36 1456 1329847718
2 37 1456 1329847718
2 38 1456 1329847718
2 39 1456 1329847718
3 35 0 0
3 35 0 0
3 35 0 0
3 35 0 0
3 36 0 0
2 36 1456 1329847718
2 37 1456 1329847718
2 38 1456 1329847718
2 39 1456 1329847718
2 40 1456 1329847718
3 36 0 0
3 36 0 0
3 36 0 0
3 36 0 0
3 37 0 0
2 37 1456 1329847718
2 38 1456 1329847718
2 39 1456 1329847718
2 40 1456 1329847718
2 41 1456 1329847718
3 37 0 0
3 37 0 0
3 37 0 0
3 37 0 0
3 38 0 0
2 38 1456 1329847718
2 39 1456 1329847718
2 40 1456 1329847718
2 41 1456 1329847718
2 42 1456 1329847718
3 38 0 0
3 38 0 0
3 38 0 0
3 38 0 0
3 39 0 0
2 39 1456 1329847718
2 40 1456 1329847718
2 41 1456 1329847718
2 42 1456 1329847718
2 43 1456 1329847718
3 39 0 0
3 39 0 0
3 39 0 0
3 39 0 0
3 40 0 0
2 40 1456 1329847718
2 41 1456 1329847718
2 42 1456 1329847718
2 43 1456 1329847718
2 44 1456 1329847718
3 40 0 0
3 40 0 0
3 40 0 0
3 40 0 0
3 41 0 0
2 41 1456 1329847718
2 42 1456 1329847718
2 43 1456 1329847718
2 44 1456 1329847718
2 45 1456 1329847718
3 41 0 0
3 41 0 0
3 41 0 0
3 41 0 0
3 42 0 0
2 42 1456 1329847718
2 43 1456 1329847718
2 44 1456 1329847718
2 45 1456 1329847718
2 46 1456 1329847718
3 42 0 0
3 42 0 0
3 42 0 0
3 42 0 0
3 43 0 0
2 43 1456 1329847718
2 44 1456 1329847718
2 45 1456 1329847718
2 46 1456 1329847718
2 47 1456 1329847718
3 43 0 0
3 43 0 0
3 43 0 0
3 43 0 0
3 44 0 0
2 44 1456 1329847718
2 45 1456 1329847718
2 46 1456 1329847718
2 47 1456 1329847718
2 48 1456 1329847718
3 44 0 0
3 44 0 0
3 44 0 0
3 44 0 0
3 45 0 0
2 45 1456 1329847718
2 46 1456 1329847718
2 47 1456 1329847718
2 48 1456 1329847718
2 49 1456 1329847718
3 45 0 0
3 45 0 0
3 45 0 0
3 45 0 0
3 46 0 0
2 46 1456 1329847718
2 47 1456 1329847718
2 48 1456 1329847718
2 49 1456 1329847718
2 50 1456 1329847718
3 46 0 0
3 46 0 0
3 46 0 0
3 46 0 0
3 47 0 0
2 47 1456 1329847718
2 48 1456 1329847718
2 49 1456 1329847718
2 50 1456 1329847718
2 51 1456 1329847718
3 47 0 0
3 47 0 0
3 47 0 0
3 47 0 0
3 48 0 0
2 48 1456 1329847718
2 49 1456 1329847718
2 50 1456 1329847718
2 51 1456 1329847718
2 52 1456 1329847718
3 48 0 0
3 48 0 0
3 48 0 0
3 48 0 0
3 49 0 0
2 49 1456 1329847718
2 50 1456 1329847718
2 51 1456 1329847718
2 52 1456 1329847718
2 53 1456 1329847718
3 49 0 0
3 49 0 0
3 49 0 0
3 49 0 0
3 50 0 0
2 50 1456 1329847718
2 51 1456 1329847718
2 52 1456 1329847718
2 53 1456 1329847718
2 54 1456 1329847718
3 50 0 0
3 50 0 0
3 50 0 0
3 50 0 0
3 51 0 0
2 51 1456 1329847718
2 52 1456 1329847718
2 53 1456 1329847718
2 54 1456 1329847718
2 55 1456 1329847718
3 51 0 0
3 51 0 0
3 51 0 0
3 51 0 0
3 52 0 0
2 52 1456 1329847718
2 53 1456 1329847718
2 54 1456 1329847718
2 55 1456 1329847718
2 56 1456 1329847718
3 52 0 0
3 52 0 0
3 52 0 0
3 52 0 0
3 53 0 0
2 53 1456 1329847718
2 54 1456 1329847718
2 55 1456 1329847718
2 56 1456 1329847718
2 57 1456 1329847718
3 53 0 0
3 53 0 0
3 53 0 0
3 53 0 0
3 54 0 0
2 54 1456 1329847718
2 55 1456 1329847718
2 56 1456 1329847718
2 57 1456 1329847718
2 58 1456 1329847718
3 54 0 0
3 54 0 0
3 54 0 0
3 54 0 0
3 55 0 0
2 55 1456 1329847718
2 56 1456 1329847718
2 57 1456 1329847718
2 58 1456 1329847718
2 59 1456 1329847718
3 55 0 0
3 55 0 0
3 55 0 0
3 55 0 0
3 56 0 0
2 56 1456 1329847718
2 57 1456 1329847718
2 58 1456 1329847718
2 59 1456 1329847718
2 60 1456 1329847718
3 56 0 0
3 56 0 0
3 56 0 0
3 56 0 0
3 57 0 0
2 57 1456 1329847718
2 58 1456 1329847718
2 59 1456 1329847718
2 60 1456 1329847718
2 61 1456 1329847718
3 57 0 0
3 57 0 0
3 57 0 0
3 57 0 0
3 58 0 0
2 58 1456 1329847718
2 59 1456 1329847718
2 60 1456 1329847718
2 61 1456 1329847718
2 62 1456 1329847718
3 58 0 0
3 58 0 0
3 58 0 0
3 58 0 0
3 59 0 0
2 59 1456 1329847718
2 60 1456 1329847718
2 61 1456 1329847718
2 62 1456 1329847718
2 63 1456 1329847718
3 59 0 0
3 59 0 0
3 59 0 0
3 59 0 0
3 60 0 0
2 60 1456 1329847718
2 61 1456 1329847718
2 62 1456 1329847718
2 63 1456 1329847718
2 64 1456 1329847718
3 60 0 0
3 60 0 0
3 60 0 0
3 60 0 0
3 61 0 0
2 61 1456 1329847718
2 62 1456 1329847718
2 63 1456 1329847718
2 64 1456 1329847718
2 65 1456 1329847718
3 61 0 0
3 61 0 0
3 61 0 0
3 61 0 0
3 62 0 0
2 62 1456 1329847718
2 63 1456 1329847718
2 64 1456 1329847718
2 65 1456 1329847718
2 66 1456 1329847718
3 62 0 0
3 62 0 0
3 62 0 0
3 62 0 0
3 63 0 0
2 63 1456 1329847718
2 64 1456 1329847718
2 65 1456 1329847718
2 66 1456 1329847718
2 67 1456 1329847718
3 63 0 0
3 63 0 0
3 63 0 0
3 63 0 0
3 64 0 0
2 64 1456 1329847718
2 65 1456 1329847718
2 66 1456 1329847718
2 67 1456 1329847718
2 68 994 4275949423
3 64 0 0
3 64 0 0
3 64 0 0
3 64 0 0
3 65 0 0
2 65 1456 1329847718
2 66 1456 1329847718
2 67 1456 1329847718
2 68 994 4275949423
3 65 0 0
3 65 0 0
3 65 0 0
3 65 0 0
3 66 0 0
2 66 1456 1329847718
2 67 1456 1329847718
2 68 994 4275949423
3 66 0 0
3 66 0 0
3 66 0 0
3 66 0 0
3 67 0 0
2 67 1456 1329847718
2 68 994 4275949423
3 67 0 0
3 67 0 0
3 67 0 0
3 67 0 0
3 68 0 0
2 68 994 4275949423
3 68 0 0
3 68 0 0
3 68 0 0
3 68 0 0
3 69 0 0
1 1210271494 0 0
1 1210271494 0 0
1 1210271494 0 0
1 1210271494 0 0
1 1210271494 0 0
1 1210271494 0 0
1 1210271494 0 0
1 1210271494 0 0
1 1210271494 0 0
1 1210271494 0 0
