0 1711448218 0 0
0 1711448218 0 0
0 1711448218 0 0
0 1711448218 0 0
0 1711448218 0 0
0 1711448218 0 0
3 1711448218 0 0
2 0 1456 157647168
2 1 1456 3486386878
2 2 1456 191316541
2 3 1456 1908881463
2 4 1456 673562204
2 5 1456 1714613331
2 6 1456 2470672287
2 7 1456 1864464095
2 8 1456 1961014244
2 9 1456 1943323181
3 1711448218 0 0
3 1711448218 0 0
3 1711448218 0 0
3 1711448218 0 0
3 1711448218 0 0
3 14 0 0
RTT Sample: 350.87ms | Estimated: 481.36ms | Deviation: -130.49ms | Change: -18.64ms
1 1711448218 0 0
1 1711448218 0 0
1 1711448218 0 0
1 1711448218 0 0
1 1711448218 0 0
1 1711448218 0 0
1 1711448218 0 0
1 1711448218 0 0
1 1711448218 0 0
1 1711448218 0 0
