0 1804436590 0 0
3 1804436590 0 0
2 0 1456 3918193753
2 1 1456 3918193753
2 2 1456 3918193753
2 3 1456 3918193753
2 4 1456 3918193753
3 1 0 0
2 1 1456 3918193753
2 2 1456 3918193753
2 3 1456 3918193753
2 4 1456 3918193753
2 5 1456 3918193753
3 1 0 0
3 1 0 0
3 1 0 0
3 1 0 0
2 1 1456 3918193753
2 2 1456 3918193753
2 3 1456 3918193753
2 4 1456 3918193753
2 5 1456 3918193753
3 3 0 0
2 3 1456 3918193753
2 4 1456 3918193753
2 5 1456 3918193753
2 6 1456 3918193753
2 7 1456 3918193753
3 5 0 0
2 5 1456 3918193753
2 6 1456 3918193753
2 7 1456 3918193753
2 8 1456 3918193753
2 9 1456 3918193753
3 6 0 0
2 6 1456 3918193753
2 7 1456 3918193753
2 8 1456 3918193753
2 9 1456 3918193753
2 10 1456 3918193753
3 6 0 0
3 7 0 0
2 7 1456 3918193753
2 8 1456 3918193753
2 9 1456 3918193753
2 10 1456 3918193753
2 11 1456 3918193753
3 7 0 0
3 8 0 0
2 8 1456 3918193753
2 9 1456 3918193753
2 10 1456 3918193753
2 11 1456 3918193753
2 12 1456 3918193753
3 8 0 0
3 8 0 0
3 8 0 0
3 8 0 0
3 8 0 0
3 8 0 0
3 8 0 0
3 8 0 0
2 8 1456 3918193753
2 9 1456 3918193753
2 10 1456 3918193753
2 11 1456 3918193753
2 12 1456 3918193753
3 10 0 0
2 10 1456 3918193753
2 11 1456 3918193753
2 12 1456 3918193753
2 13 1456 3918193753
2 14 1456 3918193753
3 12 0 0
2 12 1456 3918193753
2 13 1456 3918193753
2 14 1456 3918193753
2 15 1456 3918193753
2 16 1456 3918193753
3 13 0 0
2 13 1456 3918193753
2 14 1456 3918193753
2 15 1456 3918193753
2 16 1456 3918193753
2 17 1456 3918193753
3 13 0 0
3 14 0 0
2 14 1456 3918193753
2 15 1456 3918193753
2 16 1456 3918193753
2 17 1456 3918193753
2 18 1456 3918193753
3 14 0 0
3 15 0 0
2 15 1456 3918193753
2 16 1456 3918193753
2 17 1456 3918193753
2 18 1456 3918193753
2 19 1456 3918193753
3 15 0 0
3 15 0 0
3 15 0 0
3 15 0 0
3 15 0 0
3 15 0 0
3 15 0 0
3 15 0 0
2 15 1456 3918193753
2 16 1456 3918193753
2 17 1456 3918193753
2 18 1456 3918193753
2 19 1456 3918193753
3 17 0 0
2 17 1456 3918193753
2 18 1456 3918193753
2 19 1456 3918193753
2 20 1456 3918193753
2 21 1456 3918193753
3 19 0 0
2 19 1456 3918193753
2 20 1456 3918193753
2 21 1456 3918193753
2 22 1456 3918193753
2 23 1456 3918193753
3 20 0 0
2 20 1456 3918193753
2 21 1456 3918193753
2 22 1456 3918193753
2 23 1456 3918193753
2 24 1456 3918193753
3 20 0 0
3 21 0 0
2 21 1456 3918193753
2 22 1456 3918193753
2 23 1456 3918193753
2 24 1456 3918193753
2 25 1456 3918193753
3 21 0 0
3 22 0 0
2 22 1456 3918193753
2 23 1456 3918193753
2 24 1456 3918193753
2 25 1456 3918193753
2 26 1456 3918193753
3 22 0 0
3 22 0 0
3 22 0 0
3 22 0 0
3 22 0 0
3 22 0 0
3 22 0 0
3 22 0 0
2 22 1456 3918193753
2 23 1456 3918193753
2 24 1456 3918193753
2 25 1456 3918193753
2 26 1456 3918193753
3 24 0 0
2 24 1456 3918193753
2 25 1456 3918193753
2 26 1456 3918193753
2 27 1456 3918193753
2 28 1456 3918193753
3 26 0 0
2 26 1456 3918193753
2 27 1456 3918193753
2 28 1456 3918193753
2 29 1456 3918193753
2 30 1456 3918193753
3 27 0 0
2 27 1456 3918193753
2 28 1456 3918193753
2 29 1456 3918193753
2 30 1456 3918193753
2 31 1456 3918193753
3 27 0 0
3 28 0 0
2 28 1456 3918193753
2 29 1456 3918193753
2 30 1456 3918193753
2 31 1456 3918193753
2 32 1456 3918193753
3 28 0 0
3 29 0 0
2 29 1456 3918193753
2 30 1456 3918193753
2 31 1456 3918193753
2 32 1456 3918193753
2 33 1456 3918193753
3 29 0 0
3 29 0 0
3 29 0 0
3 29 0 0
3 29 0 0
3 29 0 0
3 29 0 0
3 29 0 0
2 29 1456 3918193753
2 30 1456 3918193753
2 31 1456 3918193753
2 32 1456 3918193753
2 33 1456 3918193753
3 31 0 0
2 31 1456 3918193753
2 32 1456 3918193753
2 33 1456 3918193753
2 34 1456 3918193753
2 35 1456 3918193753
3 33 0 0
2 33 1456 3918193753
2 34 1456 3918193753
2 35 1456 3918193753
2 36 1456 3918193753
2 37 1456 3918193753
3 34 0 0
2 34 1456 3918193753
2 35 1456 3918193753
2 36 1456 3918193753
2 37 1456 3918193753
2 38 1456 3918193753
3 34 0 0
3 35 0 0
2 35 1456 3918193753
2 36 1456 3918193753
2 37 1456 3918193753
2 38 1456 3918193753
2 39 1456 3918193753
3 35 0 0
3 36 0 0
2 36 1456 3918193753
2 37 1456 3918193753
2 38 1456 3918193753
2 39 1456 3918193753
2 40 1456 3918193753
3 36 0 0
3 36 0 0
3 36 0 0
3 36 0 0
3 36 0 0
3 36 0 0
3 36 0 0
3 36 0 0
2 36 1456 3918193753
2 37 1456 3918193753
2 38 1456 3918193753
2 39 1456 3918193753
2 40 1456 3918193753
3 38 0 0
2 38 1456 3918193753
2 39 1456 3918193753
2 40 1456 3918193753
2 41 1456 3918193753
2 42 1456 3918193753
3 40 0 0
2 40 1456 3918193753
2 41 1456 3918193753
2 42 1456 3918193753
2 43 1456 3918193753
2 44 1456 3918193753
3 41 0 0
2 41 1456 3918193753
2 42 1456 3918193753
2 43 1456 3918193753
2 44 1456 3918193753
2 45 1456 3918193753
3 41 0 0
3 42 0 0
2 42 1456 3918193753
2 43 1456 3918193753
2 44 1456 3918193753
2 45 1456 3918193753
2 46 1456 3918193753
3 42 0 0
3 43 0 0
2 43 1456 3918193753
2 44 1456 3918193753
2 45 1456 3918193753
2 46 1456 3918193753
2 47 1456 3918193753
3 43 0 0
3 43 0 0
3 43 0 0
3 43 0 0
3 43 0 0
3 43 0 0
3 43 0 0
3 43 0 0
2 43 1456 3918193753
2 44 1456 3918193753
2 45 1456 3918193753
2 46 1456 3918193753
2 47 1456 3918193753
3 45 0 0
2 45 1456 3918193753
2 46 1456 3918193753
2 47 1456 3918193753
2 48 1456 3918193753
2 49 1456 3918193753
3 47 0 0
2 47 1456 3918193753
2 48 1456 3918193753
2 49 1456 3918193753
2 50 1456 3918193753
2 51 1456 3918193753
3 48 0 0
2 48 1456 3918193753
2 49 1456 3918193753
2 50 1456 3918193753
2 51 1456 3918193753
2 52 1456 3918193753
3 48 0 0
3 49 0 0
2 49 1456 3918193753
2 50 1456 3918193753
2 51 1456 3918193753
2 52 1456 3918193753
2 53 1456 3918193753
3 49 0 0
3 50 0 0
2 50 1456 3918193753
2 51 1456 3918193753
2 52 1456 3918193753
2 53 1456 3918193753
2 54 1456 3918193753
3 50 0 0
3 50 0 0
3 50 0 0
3 50 0 0
3 50 0 0
3 50 0 0
3 50 0 0
3 50 0 0
2 50 1456 3918193753
2 51 1456 3918193753
2 52 1456 3918193753
2 53 1456 3918193753
2 54 1456 3918193753
3 52 0 0
2 52 1456 3918193753
2 53 1456 3918193753
2 54 1456 3918193753
2 55 1456 3918193753
2 56 1456 3918193753
3 54 0 0
2 54 1456 3918193753
2 55 1456 3918193753
2 56 1456 3918193753
2 57 1456 3918193753
2 58 1456 3918193753
3 55 0 0
2 55 1456 3918193753
2 56 1456 3918193753
2 57 1456 3918193753
2 58 1456 3918193753
2 59 1456 3918193753
3 55 0 0
3 56 0 0
2 56 1456 3918193753
2 57 1456 3918193753
2 58 1456 3918193753
2 59 1456 3918193753
2 60 1456 3918193753
3 56 0 0
3 57 0 0
2 57 1456 3918193753
2 58 1456 3918193753
2 59 1456 3918193753
2 60 1456 3918193753
2 61 1456 3918193753
3 57 0 0
3 57 0 0
3 57 0 0
3 57 0 0
3 57 0 0
3 57 0 0
3 57 0 0
3 57 0 0
2 57 1456 3918193753
2 58 1456 3918193753
2 59 1456 3918193753
2 60 1456 3918193753
2 61 1456 3918193753
3 59 0 0
2 59 1456 3918193753
2 60 1456 3918193753
2 61 1456 3918193753
2 62 1456 3918193753
2 63 1456 3918193753
3 61 0 0
2 61 1456 3918193753
2 62 1456 3918193753
2 63 1456 3918193753
2 64 1456 3918193753
2 65 1456 3918193753
3 62 0 0
2 62 1456 3918193753
2 63 1456 3918193753
2 64 1456 3918193753
2 65 1456 3918193753
2 66 1456 3918193753
3 62 0 0
3 63 0 0
2 63 1456 3918193753
2 64 1456 3918193753
2 65 1456 3918193753
2 66 1456 3918193753
2 67 1456 3918193753
3 63 0 0
3 64 0 0
2 64 1456 3918193753
2 65 1456 3918193753
2 66 1456 3918193753
2 67 1456 3918193753
2 68 1456 3918193753
3 64 0 0
3 64 0 0
3 64 0 0
3 64 0 0
3 64 0 0
3 64 0 0
3 64 0 0
3 64 0 0
2 64 1456 3918193753
2 65 1456 3918193753
2 66 1456 3918193753
2 67 1456 3918193753
2 68 1456 3918193753
3 66 0 0
2 66 1456 3918193753
2 67 1456 3918193753
2 68 1456 3918193753
2 69 1456 3918193753
2 70 1456 3918193753
3 68 0 0
2 68 1456 3918193753
2 69 1456 3918193753
2 70 1456 3918193753
2 71 1456 3918193753
2 72 1456 3918193753
3 69 0 0
2 69 1456 3918193753
2 70 1456 3918193753
2 71 1456 3918193753
2 72 1456 3918193753
2 73 1456 3918193753
3 69 0 0
3 70 0 0
2 70 1456 3918193753
2 71 1456 3918193753
2 72 1456 3918193753
2 73 1456 3918193753
2 74 1456 3918193753
3 70 0 0
3 71 0 0
2 71 1456 3918193753
2 72 1456 3918193753
2 73 1456 3918193753
2 74 1456 3918193753
2 75 1456 3918193753
3 71 0 0
3 71 0 0
3 71 0 0
3 71 0 0
3 71 0 0
3 71 0 0
3 71 0 0
3 71 0 0
2 71 1456 3918193753
2 72 1456 3918193753
2 73 1456 3918193753
2 74 1456 3918193753
2 75 1456 3918193753
3 73 0 0
2 73 1456 3918193753
2 74 1456 3918193753
2 75 1456 3918193753
2 76 1456 3918193753
2 77 1456 3918193753
3 75 0 0
2 75 1456 3918193753
2 76 1456 3918193753
2 77 1456 3918193753
2 78 1456 3918193753
2 79 1456 3918193753
3 76 0 0
2 76 1456 3918193753
2 77 1456 3918193753
2 78 1456 3918193753
2 79 1456 3918193753
2 80 1456 3918193753
3 76 0 0
3 77 0 0
2 77 1456 3918193753
2 78 1456 3918193753
2 79 1456 3918193753
2 80 1456 3918193753
2 81 1456 3918193753
3 77 0 0
3 78 0 0
2 78 1456 3918193753
2 79 1456 3918193753
2 80 1456 3918193753
2 81 1456 3918193753
2 82 1456 3918193753
3 78 0 0
3 78 0 0
3 78 0 0
3 78 0 0
3 78 0 0
3 78 0 0
3 78 0 0
3 78 0 0
2 78 1456 3918193753
2 79 1456 3918193753
2 80 1456 3918193753
2 81 1456 3918193753
2 82 1456 3918193753
3 80 0 0
2 80 1456 3918193753
2 81 1456 3918193753
2 82 1456 3918193753
2 83 1456 3918193753
2 84 1456 3918193753
3 82 0 0
2 82 1456 3918193753
2 83 1456 3918193753
2 84 1456 3918193753
2 85 1456 3918193753
2 86 1456 3918193753
3 83 0 0
2 83 1456 3918193753
2 84 1456 3918193753
2 85 1456 3918193753
2 86 1456 3918193753
2 87 1456 3918193753
3 83 0 0
3 84 0 0
2 84 1456 3918193753
2 85 1456 3918193753
2 86 1456 3918193753
2 87 1456 3918193753
2 88 1456 3918193753
3 84 0 0
3 85 0 0
2 85 1456 3918193753
2 86 1456 3918193753
2 87 1456 3918193753
2 88 1456 3918193753
2 89 1456 3918193753
3 85 0 0
3 85 0 0
3 85 0 0
3 85 0 0
3 85 0 0
3 85 0 0
3 85 0 0
3 85 0 0
2 85 1456 3918193753
2 86 1456 3918193753
2 87 1456 3918193753
2 88 1456 3918193753
2 89 1456 3918193753
3 87 0 0
2 87 1456 3918193753
2 88 1456 3918193753
2 89 1456 3918193753
2 90 1456 3918193753
2 91 1456 3918193753
3 89 0 0
2 89 1456 3918193753
2 90 1456 3918193753
2 91 1456 3918193753
2 92 1456 3918193753
2 93 1456 3918193753
3 90 0 0
2 90 1456 3918193753
2 91 1456 3918193753
2 92 1456 3918193753
2 93 1456 3918193753
2 94 1456 3918193753
3 90 0 0
3 91 0 0
2 91 1456 3918193753
2 92 1456 3918193753
2 93 1456 3918193753
2 94 1456 3918193753
2 95 1456 3918193753
3 91 0 0
3 92 0 0
2 92 1456 3918193753
2 93 1456 3918193753
2 94 1456 3918193753
2 95 1456 3918193753
2 96 1456 3918193753
3 92 0 0
3 92 0 0
3 92 0 0
3 92 0 0
3 92 0 0
3 92 0 0
3 92 0 0
3 92 0 0
2 92 1456 3918193753
2 93 1456 3918193753
2 94 1456 3918193753
2 95 1456 3918193753
2 96 1456 3918193753
3 94 0 0
2 94 1456 3918193753
2 95 1456 3918193753
2 96 1456 3918193753
2 97 1456 3918193753
2 98 1456 3918193753
3 96 0 0
2 96 1456 3918193753
2 97 1456 3918193753
2 98 1456 3918193753
2 99 1456 3918193753
2 100 1456 3918193753
3 97 0 0
2 97 1456 3918193753
2 98 1456 3918193753
2 99 1456 3918193753
2 100 1456 3918193753
2 101 1456 3918193753
3 97 0 0
3 98 0 0
2 98 1456 3918193753
2 99 1456 3918193753
2 100 1456 3918193753
2 101 1456 3918193753
2 102 1456 3918193753
3 98 0 0
3 99 0 0
2 99 1456 3918193753
2 100 1456 3918193753
2 101 1456 3918193753
2 102 1456 3918193753
2 103 1456 3918193753
3 99 0 0
3 99 0 0
3 99 0 0
3 99 0 0
3 99 0 0
3 99 0 0
3 99 0 0
3 99 0 0
2 99 1456 3918193753
2 100 1456 3918193753
2 101 1456 3918193753
2 102 1456 3918193753
2 103 1456 3918193753
3 101 0 0
2 101 1456 3918193753
2 102 1456 3918193753
2 103 1456 3918193753
2 104 1456 3918193753
2 105 1456 3918193753
3 103 0 0
2 103 1456 3918193753
2 104 1456 3918193753
2 105 1456 3918193753
2 106 1456 3918193753
2 107 1456 3918193753
3 104 0 0
2 104 1456 3918193753
2 105 1456 3918193753
2 106 1456 3918193753
2 107 1456 3918193753
2 108 1456 3918193753
3 104 0 0
3 105 0 0
2 105 1456 3918193753
2 106 1456 3918193753
2 107 1456 3918193753
2 108 1456 3918193753
2 109 1456 3918193753
3 105 0 0
3 106 0 0
2 106 1456 3918193753
2 107 1456 3918193753
2 108 1456 3918193753
2 109 1456 3918193753
2 110 1456 3918193753
3 106 0 0
3 106 0 0
3 106 0 0
3 106 0 0
3 106 0 0
3 106 0 0
3 106 0 0
3 106 0 0
2 106 1456 3918193753
2 107 1456 3918193753
2 108 1456 3918193753
2 109 1456 3918193753
2 110 1456 3918193753
3 108 0 0
2 108 1456 3918193753
2 109 1456 3918193753
2 110 1456 3918193753
2 111 1456 3918193753
2 112 1456 3918193753
3 110 0 0
2 110 1456 3918193753
2 111 1456 3918193753
2 112 1456 3918193753
2 113 1456 3918193753
2 114 1456 3918193753
3 111 0 0
2 111 1456 3918193753
2 112 1456 3918193753
2 113 1456 3918193753
2 114 1456 3918193753
2 115 1456 3918193753
3 111 0 0
3 112 0 0
2 112 1456 3918193753
2 113 1456 3918193753
2 114 1456 3918193753
2 115 1456 3918193753
2 116 1456 3918193753
3 112 0 0
3 113 0 0
2 113 1456 3918193753
2 114 1456 3918193753
2 115 1456 3918193753
2 116 1456 3918193753
2 117 1456 3918193753
3 113 0 0
3 113 0 0
3 113 0 0
3 113 0 0
3 113 0 0
3 113 0 0
3 113 0 0
3 113 0 0
2 113 1456 3918193753
2 114 1456 3918193753
2 115 1456 3918193753
2 116 1456 3918193753
2 117 1456 3918193753
3 115 0 0
2 115 1456 3918193753
2 116 1456 3918193753
2 117 1456 3918193753
2 118 1456 3918193753
2 119 1456 3918193753
3 117 0 0
2 117 1456 3918193753
2 118 1456 3918193753
2 119 1456 3918193753
2 120 1456 3918193753
2 121 1456 3918193753
3 118 0 0
2 118 1456 3918193753
2 119 1456 3918193753
2 120 1456 3918193753
2 121 1456 3918193753
2 122 1456 3918193753
3 118 0 0
3 119 0 0
2 119 1456 3918193753
2 120 1456 3918193753
2 121 1456 3918193753
2 122 1456 3918193753
2 123 1456 3918193753
3 119 0 0
3 120 0 0
2 120 1456 3918193753
2 121 1456 3918193753
2 122 1456 3918193753
2 123 1456 3918193753
2 124 1456 3918193753
3 120 0 0
3 120 0 0
3 120 0 0
3 120 0 0
3 120 0 0
3 120 0 0
3 120 0 0
3 120 0 0
2 120 1456 3918193753
2 121 1456 3918193753
2 122 1456 3918193753
2 123 1456 3918193753
2 124 1456 3918193753
3 122 0 0
2 122 1456 3918193753
2 123 1456 3918193753
2 124 1456 3918193753
2 125 1456 3918193753
2 126 1456 3918193753
3 124 0 0
2 124 1456 3918193753
2 125 1456 3918193753
2 126 1456 3918193753
2 127 1456 3918193753
2 128 1456 3918193753
3 125 0 0
2 125 1456 3918193753
2 126 1456 3918193753
2 127 1456 3918193753
2 128 1456 3918193753
2 129 1456 3918193753
3 125 0 0
3 126 0 0
2 126 1456 3918193753
2 127 1456 3918193753
2 128 1456 3918193753
2 129 1456 3918193753
2 130 1456 3918193753
3 126 0 0
3 127 0 0
2 127 1456 3918193753
2 128 1456 3918193753
2 129 1456 3918193753
2 130 1456 3918193753
2 131 1456 3918193753
3 127 0 0
3 127 0 0
3 127 0 0
3 127 0 0
3 127 0 0
3 127 0 0
3 127 0 0
3 127 0 0
2 127 1456 3918193753
2 128 1456 3918193753
2 129 1456 3918193753
2 130 1456 3918193753
2 131 1456 3918193753
3 129 0 0
2 129 1456 3918193753
2 130 1456 3918193753
2 131 1456 3918193753
2 132 1456 3918193753
2 133 1456 3918193753
3 131 0 0
2 131 1456 3918193753
2 132 1456 3918193753
2 133 1456 3918193753
2 134 1456 3918193753
2 135 1456 3918193753
3 132 0 0
2 132 1456 3918193753
2 133 1456 3918193753
2 134 1456 3918193753
2 135 1456 3918193753
2 136 1456 3918193753
3 132 0 0
3 133 0 0
2 133 1456 3918193753
2 134 1456 3918193753
2 135 1456 3918193753
2 136 1456 3918193753
2 137 1456 3918193753
3 133 0 0
3 134 0 0
2 134 1456 3918193753
2 135 1456 3918193753
2 136 1456 3918193753
2 137 1456 3918193753
2 138 1456 3918193753
3 134 0 0
3 134 0 0
3 134 0 0
3 134 0 0
3 134 0 0
3 134 0 0
3 134 0 0
3 134 0 0
2 134 1456 3918193753
2 135 1456 3918193753
2 136 1456 3918193753
2 137 1456 3918193753
2 138 1456 3918193753
3 136 0 0
2 136 1456 3918193753
2 137 1456 3918193753
2 138 1456 3918193753
2 139 1456 3918193753
2 140 1456 3918193753
3 138 0 0
2 138 1456 3918193753
2 139 1456 3918193753
2 140 1456 3918193753
2 141 1456 3918193753
2 142 1456 3918193753
3 139 0 0
2 139 1456 3918193753
2 140 1456 3918193753
2 141 1456 3918193753
2 142 1456 3918193753
2 143 1456 3918193753
3 139 0 0
3 140 0 0
2 140 1456 3918193753
2 141 1456 3918193753
2 142 1456 3918193753
2 143 1456 3918193753
2 144 1456 3918193753
3 140 0 0
3 141 0 0
2 141 1456 3918193753
2 142 1456 3918193753
2 143 1456 3918193753
2 144 1456 3918193753
2 145 1456 3918193753
3 141 0 0
3 141 0 0
3 141 0 0
3 141 0 0
3 141 0 0
3 141 0 0
3 141 0 0
3 141 0 0
2 141 1456 3918193753
2 142 1456 3918193753
2 143 1456 3918193753
2 144 1456 3918193753
2 145 1456 3918193753
3 143 0 0
2 143 1456 3918193753
2 144 1456 3918193753
2 145 1456 3918193753
2 146 1456 3918193753
2 147 1456 3918193753
3 145 0 0
2 145 1456 3918193753
2 146 1456 3918193753
2 147 1456 3918193753
2 148 1456 3918193753
2 149 1456 3918193753
3 146 0 0
2 146 1456 3918193753
2 147 1456 3918193753
2 148 1456 3918193753
2 149 1456 3918193753
2 150 1456 3918193753
3 146 0 0
3 147 0 0
2 147 1456 3918193753
2 148 1456 3918193753
2 149 1456 3918193753
2 150 1456 3918193753
2 151 1456 3918193753
3 147 0 0
3 148 0 0
2 148 1456 3918193753
2 149 1456 3918193753
2 150 1456 3918193753
2 151 1456 3918193753
2 152 1456 3918193753
3 148 0 0
3 148 0 0
3 148 0 0
3 148 0 0
3 148 0 0
3 148 0 0
3 148 0 0
3 148 0 0
2 148 1456 3918193753
2 149 1456 3918193753
2 150 1456 3918193753
2 151 1456 3918193753
2 152 1456 3918193753
3 150 0 0
2 150 1456 3918193753
2 151 1456 3918193753
2 152 1456 3918193753
2 153 1456 3918193753
2 154 1456 3918193753
3 152 0 0
2 152 1456 3918193753
2 153 1456 3918193753
2 154 1456 3918193753
2 155 1456 3918193753
2 156 1456 3918193753
3 153 0 0
2 153 1456 3918193753
2 154 1456 3918193753
2 155 1456 3918193753
2 156 1456 3918193753
2 157 1456 3918193753
3 153 0 0
3 154 0 0
2 154 1456 3918193753
2 155 1456 3918193753
2 156 1456 3918193753
2 157 1456 3918193753
2 158 1456 3918193753
3 154 0 0
3 155 0 0
2 155 1456 3918193753
2 156 1456 3918193753
2 157 1456 3918193753
2 158 1456 3918193753
2 159 1456 3918193753
3 155 0 0
3 155 0 0
3 155 0 0
3 155 0 0
3 155 0 0
3 155 0 0
3 155 0 0
3 155 0 0
2 155 1456 3918193753
2 156 1456 3918193753
2 157 1456 3918193753
2 158 1456 3918193753
2 159 1456 3918193753
3 157 0 0
2 157 1456 3918193753
2 158 1456 3918193753
2 159 1456 3918193753
2 160 1456 3918193753
2 161 1456 3918193753
3 159 0 0
2 159 1456 3918193753
2 160 1456 3918193753
2 161 1456 3918193753
2 162 1456 3918193753
2 163 1456 3918193753
3 160 0 0
2 160 1456 3918193753
2 161 1456 3918193753
2 162 1456 3918193753
2 163 1456 3918193753
2 164 1456 3918193753
3 160 0 0
3 161 0 0
2 161 1456 3918193753
2 162 1456 3918193753
2 163 1456 3918193753
2 164 1456 3918193753
2 165 1456 3918193753
3 161 0 0
3 162 0 0
2 162 1456 3918193753
2 163 1456 3918193753
2 164 1456 3918193753
2 165 1456 3918193753
2 166 1456 3918193753
3 162 0 0
3 162 0 0
3 162 0 0
3 162 0 0
3 162 0 0
3 162 0 0
3 162 0 0
3 162 0 0
2 162 1456 3918193753
2 163 1456 3918193753
2 164 1456 3918193753
2 165 1456 3918193753
2 166 1456 3918193753
3 164 0 0
2 164 1456 3918193753
2 165 1456 3918193753
2 166 1456 3918193753
2 167 1456 3918193753
2 168 1456 3918193753
3 166 0 0
2 166 1456 3918193753
2 167 1456 3918193753
2 168 1456 3918193753
2 169 1456 3918193753
2 170 1456 3918193753
3 167 0 0
2 167 1456 3918193753
2 168 1456 3918193753
2 169 1456 3918193753
2 170 1456 3918193753
2 171 1456 3918193753
3 167 0 0
3 168 0 0
2 168 1456 3918193753
2 169 1456 3918193753
2 170 1456 3918193753
2 171 1456 3918193753
2 172 1456 3918193753
3 168 0 0
3 169 0 0
2 169 1456 3918193753
2 170 1456 3918193753
2 171 1456 3918193753
2 172 1456 3918193753
2 173 1456 3918193753
3 169 0 0
3 169 0 0
3 169 0 0
3 169 0 0
3 169 0 0
3 169 0 0
3 169 0 0
3 169 0 0
2 169 1456 3918193753
2 170 1456 3918193753
2 171 1456 3918193753
2 172 1456 3918193753
2 173 1456 3918193753
3 171 0 0
2 171 1456 3918193753
2 172 1456 3918193753
2 173 1456 3918193753
2 174 1456 3918193753
2 175 1456 3918193753
3 173 0 0
2 173 1456 3918193753
2 174 1456 3918193753
2 175 1456 3918193753
2 176 1456 3918193753
2 177 1456 3918193753
3 174 0 0
2 174 1456 3918193753
2 175 1456 3918193753
2 176 1456 3918193753
2 177 1456 3918193753
2 178 1456 3918193753
3 174 0 0
3 175 0 0
2 175 1456 3918193753
2 176 1456 3918193753
2 177 1456 3918193753
2 178 1456 3918193753
2 179 1456 3918193753
3 175 0 0
3 176 0 0
2 176 1456 3918193753
2 177 1456 3918193753
2 178 1456 3918193753
2 179 1456 3918193753
2 180 1456 3918193753
3 176 0 0
3 176 0 0
3 176 0 0
3 176 0 0
3 176 0 0
3 176 0 0
3 176 0 0
3 176 0 0
2 176 1456 3918193753
2 177 1456 3918193753
2 178 1456 3918193753
2 179 1456 3918193753
2 180 1456 3918193753
3 178 0 0
2 178 1456 3918193753
2 179 1456 3918193753
2 180 1456 3918193753
2 181 1456 3918193753
2 182 1456 3918193753
3 180 0 0
2 180 1456 3918193753
2 181 1456 3918193753
2 182 1456 3918193753
2 183 1456 3918193753
2 184 1456 3918193753
3 181 0 0
2 181 1456 3918193753
2 182 1456 3918193753
2 183 1456 3918193753
2 184 1456 3918193753
2 185 1456 3918193753
3 181 0 0
3 182 0 0
2 182 1456 3918193753
2 183 1456 3918193753
2 184 1456 3918193753
2 185 1456 3918193753
2 186 1456 3918193753
3 182 0 0
3 183 0 0
2 183 1456 3918193753
2 184 1456 3918193753
2 185 1456 3918193753
2 186 1456 3918193753
2 187 1456 3918193753
3 183 0 0
3 183 0 0
3 183 0 0
3 183 0 0
3 183 0 0
3 183 0 0
3 183 0 0
3 183 0 0
2 183 1456 3918193753
2 184 1456 3918193753
2 185 1456 3918193753
2 186 1456 3918193753
2 187 1456 3918193753
3 185 0 0
2 185 1456 3918193753
2 186 1456 3918193753
2 187 1456 3918193753
2 188 1456 3918193753
2 189 1456 3918193753
3 187 0 0
2 187 1456 3918193753
2 188 1456 3918193753
2 189 1456 3918193753
2 190 1456 3918193753
2 191 1456 3918193753
3 188 0 0
2 188 1456 3918193753
2 189 1456 3918193753
2 190 1456 3918193753
2 191 1456 3918193753
2 192 1456 3918193753
3 188 0 0
3 189 0 0
2 189 1456 3918193753
2 190 1456 3918193753
2 191 1456 3918193753
2 192 1456 3918193753
2 193 1456 3918193753
3 189 0 0
3 190 0 0
2 190 1456 3918193753
2 191 1456 3918193753
2 192 1456 3918193753
2 193 1456 3918193753
2 194 1456 3918193753
3 190 0 0
3 190 0 0
3 190 0 0
3 190 0 0
3 190 0 0
3 190 0 0
3 190 0 0
3 190 0 0
2 190 1456 3918193753
2 191 1456 3918193753
2 192 1456 3918193753
2 193 1456 3918193753
2 194 1456 3918193753
3 192 0 0
2 192 1456 3918193753
2 193 1456 3918193753
2 194 1456 3918193753
2 195 1456 3918193753
2 196 1456 3918193753
3 194 0 0
2 194 1456 3918193753
2 195 1456 3918193753
2 196 1456 3918193753
2 197 1456 3918193753
2 198 1456 3918193753
3 195 0 0
2 195 1456 3918193753
2 196 1456 3918193753
2 197 1456 3918193753
2 198 1456 3918193753
2 199 1456 3918193753
3 195 0 0
3 196 0 0
2 196 1456 3918193753
2 197 1456 3918193753
2 198 1456 3918193753
2 199 1456 3918193753
2 200 1456 3918193753
3 196 0 0
3 197 0 0
2 197 1456 3918193753
2 198 1456 3918193753
2 199 1456 3918193753
2 200 1456 3918193753
2 201 1456 3918193753
3 197 0 0
3 197 0 0
3 197 0 0
3 197 0 0
3 197 0 0
3 197 0 0
3 197 0 0
3 197 0 0
2 197 1456 3918193753
2 198 1456 3918193753
2 199 1456 3918193753
2 200 1456 3918193753
2 201 1456 3918193753
3 199 0 0
2 199 1456 3918193753
2 200 1456 3918193753
2 201 1456 3918193753
2 202 1456 3918193753
2 203 1456 3918193753
3 201 0 0
2 201 1456 3918193753
2 202 1456 3918193753
2 203 1456 3918193753
2 204 1456 3918193753
2 205 1456 3918193753
3 202 0 0
2 202 1456 3918193753
2 203 1456 3918193753
2 204 1456 3918193753
2 205 1456 3918193753
2 206 1456 3918193753
3 202 0 0
3 203 0 0
2 203 1456 3918193753
2 204 1456 3918193753
2 205 1456 3918193753
2 206 1456 3918193753
2 207 1456 3918193753
3 203 0 0
3 204 0 0
2 204 1456 3918193753
2 205 1456 3918193753
2 206 1456 3918193753
2 207 1456 3918193753
2 208 1456 3918193753
3 204 0 0
3 204 0 0
3 204 0 0
3 204 0 0
3 204 0 0
3 204 0 0
3 204 0 0
3 204 0 0
2 204 1456 3918193753
2 205 1456 3918193753
2 206 1456 3918193753
2 207 1456 3918193753
2 208 1456 3918193753
3 206 0 0
2 206 1456 3918193753
2 207 1456 3918193753
2 208 1456 3918193753
2 209 1456 3918193753
2 210 1456 3918193753
3 208 0 0
2 208 1456 3918193753
2 209 1456 3918193753
2 210 1456 3918193753
2 211 1456 3918193753
2 212 1456 3918193753
3 209 0 0
2 209 1456 3918193753
2 210 1456 3918193753
2 211 1456 3918193753
2 212 1456 3918193753
2 213 1456 3918193753
3 209 0 0
3 210 0 0
2 210 1456 3918193753
2 211 1456 3918193753
2 212 1456 3918193753
2 213 1456 3918193753
2 214 1456 3918193753
3 210 0 0
3 211 0 0
2 211 1456 3918193753
2 212 1456 3918193753
2 213 1456 3918193753
2 214 1456 3918193753
2 215 1456 3918193753
3 211 0 0
3 211 0 0
3 211 0 0
3 211 0 0
3 211 0 0
3 211 0 0
3 211 0 0
3 211 0 0
2 211 1456 3918193753
2 212 1456 3918193753
2 213 1456 3918193753
2 214 1456 3918193753
2 215 1456 3918193753
3 213 0 0
2 213 1456 3918193753
2 214 1456 3918193753
2 215 1456 3918193753
2 216 1456 3918193753
2 217 1456 3918193753
3 215 0 0
2 215 1456 3918193753
2 216 1456 3918193753
2 217 1456 3918193753
2 218 1456 3918193753
2 219 1456 3918193753
3 216 0 0
2 216 1456 3918193753
2 217 1456 3918193753
2 218 1456 3918193753
2 219 1456 3918193753
2 220 1456 3918193753
3 216 0 0
3 217 0 0
2 217 1456 3918193753
2 218 1456 3918193753
2 219 1456 3918193753
2 220 1456 3918193753
2 221 1456 3918193753
3 217 0 0
3 218 0 0
2 218 1456 3918193753
2 219 1456 3918193753
2 220 1456 3918193753
2 221 1456 3918193753
2 222 1456 3918193753
3 218 0 0
3 218 0 0
3 218 0 0
3 218 0 0
3 218 0 0
3 218 0 0
3 218 0 0
3 218 0 0
2 218 1456 3918193753
2 219 1456 3918193753
2 220 1456 3918193753
2 221 1456 3918193753
2 222 1456 3918193753
3 220 0 0
2 220 1456 3918193753
2 221 1456 3918193753
2 222 1456 3918193753
2 223 1456 3918193753
2 224 1456 3918193753
3 222 0 0
2 222 1456 3918193753
2 223 1456 3918193753
2 224 1456 3918193753
2 225 1456 3918193753
2 226 1456 3918193753
3 223 0 0
2 223 1456 3918193753
2 224 1456 3918193753
2 225 1456 3918193753
2 226 1456 3918193753
2 227 1456 3918193753
3 223 0 0
3 224 0 0
2 224 1456 3918193753
2 225 1456 3918193753
2 226 1456 3918193753
2 227 1456 3918193753
2 228 1456 3918193753
3 224 0 0
3 225 0 0
2 225 1456 3918193753
2 226 1456 3918193753
2 227 1456 3918193753
2 228 1456 3918193753
2 229 1456 3918193753
3 225 0 0
3 225 0 0
3 225 0 0
3 225 0 0
3 225 0 0
3 225 0 0
3 225 0 0
3 225 0 0
2 225 1456 3918193753
2 226 1456 3918193753
2 227 1456 3918193753
2 228 1456 3918193753
2 229 1456 3918193753
3 227 0 0
2 227 1456 3918193753
2 228 1456 3918193753
2 229 1456 3918193753
2 230 1456 3918193753
2 231 1456 3918193753
3 229 0 0
2 229 1456 3918193753
2 230 1456 3918193753
2 231 1456 3918193753
2 232 1456 3918193753
2 233 1456 3918193753
3 230 0 0
2 230 1456 3918193753
2 231 1456 3918193753
2 232 1456 3918193753
2 233 1456 3918193753
2 234 1456 3918193753
3 230 0 0
3 231 0 0
2 231 1456 3918193753
2 232 1456 3918193753
2 233 1456 3918193753
2 234 1456 3918193753
2 235 1456 3918193753
3 231 0 0
3 232 0 0
2 232 1456 3918193753
2 233 1456 3918193753
2 234 1456 3918193753
2 235 1456 3918193753
2 236 1456 3918193753
3 232 0 0
3 232 0 0
3 232 0 0
3 232 0 0
3 232 0 0
3 232 0 0
3 232 0 0
3 232 0 0
2 232 1456 3918193753
2 233 1456 3918193753
2 234 1456 3918193753
2 235 1456 3918193753
2 236 1456 3918193753
3 234 0 0
2 234 1456 3918193753
2 235 1456 3918193753
2 236 1456 3918193753
2 237 1456 3918193753
2 238 1456 3918193753
3 236 0 0
2 236 1456 3918193753
2 237 1456 3918193753
2 238 1456 3918193753
2 239 1456 3918193753
2 240 1456 3918193753
3 237 0 0
2 237 1456 3918193753
2 238 1456 3918193753
2 239 1456 3918193753
2 240 1456 3918193753
2 241 1456 3918193753
3 237 0 0
3 238 0 0
2 238 1456 3918193753
2 239 1456 3918193753
2 240 1456 3918193753
2 241 1456 3918193753
2 242 1456 3918193753
3 238 0 0
3 239 0 0
2 239 1456 3918193753
2 240 1456 3918193753
2 241 1456 3918193753
2 242 1456 3918193753
2 243 1456 3918193753
3 239 0 0
3 239 0 0
3 239 0 0
3 239 0 0
3 239 0 0
3 239 0 0
3 239 0 0
3 239 0 0
2 239 1456 3918193753
2 240 1456 3918193753
2 241 1456 3918193753
2 242 1456 3918193753
2 243 1456 3918193753
3 241 0 0
2 241 1456 3918193753
2 242 1456 3918193753
2 243 1456 3918193753
2 244 1456 3918193753
2 245 1456 3918193753
3 243 0 0
2 243 1456 3918193753
2 244 1456 3918193753
2 245 1456 3918193753
2 246 1456 3918193753
2 247 1456 3918193753
3 244 0 0
2 244 1456 3918193753
2 245 1456 3918193753
2 246 1456 3918193753
2 247 1456 3918193753
2 248 1456 3918193753
3 244 0 0
3 245 0 0
2 245 1456 3918193753
2 246 1456 3918193753
2 247 1456 3918193753
2 248 1456 3918193753
2 249 1456 3918193753
3 245 0 0
3 246 0 0
2 246 1456 3918193753
2 247 1456 3918193753
2 248 1456 3918193753
2 249 1456 3918193753
2 250 1456 3918193753
3 246 0 0
3 246 0 0
3 246 0 0
3 246 0 0
3 246 0 0
3 246 0 0
3 246 0 0
3 246 0 0
2 246 1456 3918193753
2 247 1456 3918193753
2 248 1456 3918193753
2 249 1456 3918193753
2 250 1456 3918193753
3 248 0 0
2 248 1456 3918193753
2 249 1456 3918193753
2 250 1456 3918193753
2 251 1456 3918193753
2 252 1456 3918193753
3 250 0 0
2 250 1456 3918193753
2 251 1456 3918193753
2 252 1456 3918193753
2 253 1456 3918193753
2 254 1456 3918193753
3 251 0 0
2 251 1456 3918193753
2 252 1456 3918193753
2 253 1456 3918193753
2 254 1456 3918193753
2 255 1456 3918193753
3 251 0 0
3 252 0 0
2 252 1456 3918193753
2 253 1456 3918193753
2 254 1456 3918193753
2 255 1456 3918193753
2 256 1456 3918193753
3 252 0 0
3 253 0 0
2 253 1456 3918193753
2 254 1456 3918193753
2 255 1456 3918193753
2 256 1456 3918193753
2 257 1456 3918193753
3 253 0 0
3 253 0 0
3 253 0 0
3 253 0 0
3 253 0 0
3 253 0 0
3 253 0 0
3 253 0 0
2 253 1456 3918193753
2 254 1456 3918193753
2 255 1456 3918193753
2 256 1456 3918193753
2 257 1456 3918193753
3 255 0 0
2 255 1456 3918193753
2 256 1456 3918193753
2 257 1456 3918193753
2 258 1456 3918193753
2 259 1456 3918193753
3 257 0 0
2 257 1456 3918193753
2 258 1456 3918193753
2 259 1456 3918193753
2 260 1456 3918193753
2 261 1456 3918193753
3 258 0 0
2 258 1456 3918193753
2 259 1456 3918193753
2 260 1456 3918193753
2 261 1456 3918193753
2 262 1456 3918193753
3 258 0 0
3 259 0 0
2 259 1456 3918193753
2 260 1456 3918193753
2 261 1456 3918193753
2 262 1456 3918193753
2 263 1456 3918193753
3 259 0 0
3 260 0 0
2 260 1456 3918193753
2 261 1456 3918193753
2 262 1456 3918193753
2 263 1456 3918193753
2 264 1456 3918193753
3 260 0 0
3 260 0 0
3 260 0 0
3 260 0 0
3 260 0 0
3 260 0 0
3 260 0 0
3 260 0 0
2 260 1456 3918193753
2 261 1456 3918193753
2 262 1456 3918193753
2 263 1456 3918193753
2 264 1456 3918193753
3 262 0 0
2 262 1456 3918193753
2 263 1456 3918193753
2 264 1456 3918193753
2 265 1456 3918193753
2 266 1456 3918193753
3 264 0 0
2 264 1456 3918193753
2 265 1456 3918193753
2 266 1456 3918193753
2 267 1456 3918193753
2 268 1456 3918193753
3 265 0 0
2 265 1456 3918193753
2 266 1456 3918193753
2 267 1456 3918193753
2 268 1456 3918193753
2 269 1456 3918193753
3 265 0 0
3 266 0 0
2 266 1456 3918193753
2 267 1456 3918193753
2 268 1456 3918193753
2 269 1456 3918193753
2 270 1456 3918193753
3 266 0 0
3 267 0 0
2 267 1456 3918193753
2 268 1456 3918193753
2 269 1456 3918193753
2 270 1456 3918193753
2 271 1456 3918193753
3 267 0 0
3 267 0 0
3 267 0 0
3 267 0 0
3 267 0 0
3 267 0 0
3 267 0 0
3 267 0 0
2 267 1456 3918193753
2 268 1456 3918193753
2 269 1456 3918193753
2 270 1456 3918193753
2 271 1456 3918193753
3 269 0 0
2 269 1456 3918193753
2 270 1456 3918193753
2 271 1456 3918193753
2 272 1456 3918193753
2 273 1456 3918193753
3 271 0 0
2 271 1456 3918193753
2 272 1456 3918193753
2 273 1456 3918193753
2 274 1456 3918193753
2 275 1456 3918193753
3 272 0 0
2 272 1456 3918193753
2 273 1456 3918193753
2 274 1456 3918193753
2 275 1456 3918193753
2 276 1456 3918193753
3 272 0 0
3 273 0 0
2 273 1456 3918193753
2 274 1456 3918193753
2 275 1456 3918193753
2 276 1456 3918193753
2 277 1456 3918193753
3 273 0 0
3 274 0 0
2 274 1456 3918193753
2 275 1456 3918193753
2 276 1456 3918193753
2 277 1456 3918193753
2 278 1456 3918193753
3 274 0 0
3 274 0 0
3 274 0 0
3 274 0 0
3 274 0 0
3 274 0 0
3 274 0 0
3 274 0 0
2 274 1456 3918193753
2 275 1456 3918193753
2 276 1456 3918193753
2 277 1456 3918193753
2 278 1456 3918193753
3 276 0 0
2 276 1456 3918193753
2 277 1456 3918193753
2 278 1456 3918193753
2 279 1456 3918193753
2 280 1456 3918193753
3 278 0 0
2 278 1456 3918193753
2 279 1456 3918193753
2 280 1456 3918193753
2 281 1456 3918193753
2 282 1456 3918193753
3 279 0 0
2 279 1456 3918193753
2 280 1456 3918193753
2 281 1456 3918193753
2 282 1456 3918193753
2 283 1456 3918193753
3 279 0 0
3 280 0 0
2 280 1456 3918193753
2 281 1456 3918193753
2 282 1456 3918193753
2 283 1456 3918193753
2 284 1456 3918193753
3 280 0 0
3 281 0 0
2 281 1456 3918193753
2 282 1456 3918193753
2 283 1456 3918193753
2 284 1456 3918193753
2 285 1456 3918193753
3 281 0 0
3 281 0 0
3 281 0 0
3 281 0 0
3 281 0 0
3 281 0 0
3 281 0 0
3 281 0 0
2 281 1456 3918193753
2 282 1456 3918193753
2 283 1456 3918193753
2 284 1456 3918193753
2 285 1456 3918193753
3 283 0 0
2 283 1456 3918193753
2 284 1456 3918193753
2 285 1456 3918193753
2 286 1456 3918193753
2 287 1456 3918193753
3 285 0 0
2 285 1456 3918193753
2 286 1456 3918193753
2 287 1456 3918193753
2 288 1456 3918193753
2 289 1456 3918193753
3 286 0 0
2 286 1456 3918193753
2 287 1456 3918193753
2 288 1456 3918193753
2 289 1456 3918193753
2 290 1456 3918193753
3 286 0 0
3 287 0 0
2 287 1456 3918193753
2 288 1456 3918193753
2 289 1456 3918193753
2 290 1456 3918193753
2 291 1456 3918193753
3 287 0 0
3 288 0 0
2 288 1456 3918193753
2 289 1456 3918193753
2 290 1456 3918193753
2 291 1456 3918193753
2 292 1456 3918193753
3 288 0 0
3 288 0 0
3 288 0 0
3 288 0 0
3 288 0 0
3 288 0 0
3 288 0 0
3 288 0 0
2 288 1456 3918193753
2 289 1456 3918193753
2 290 1456 3918193753
2 291 1456 3918193753
2 292 1456 3918193753
3 290 0 0
2 290 1456 3918193753
2 291 1456 3918193753
2 292 1456 3918193753
2 293 1456 3918193753
2 294 1456 3918193753
3 292 0 0
2 292 1456 3918193753
2 293 1456 3918193753
2 294 1456 3918193753
2 295 1456 3918193753
2 296 1456 3918193753
3 293 0 0
2 293 1456 3918193753
2 294 1456 3918193753
2 295 1456 3918193753
2 296 1456 3918193753
2 297 1456 3918193753
3 293 0 0
3 294 0 0
2 294 1456 3918193753
2 295 1456 3918193753
2 296 1456 3918193753
2 297 1456 3918193753
2 298 1456 3918193753
3 294 0 0
3 295 0 0
2 295 1456 3918193753
2 296 1456 3918193753
2 297 1456 3918193753
2 298 1456 3918193753
2 299 1456 3918193753
3 295 0 0
3 295 0 0
3 295 0 0
3 295 0 0
3 295 0 0
3 295 0 0
3 295 0 0
3 295 0 0
2 295 1456 3918193753
2 296 1456 3918193753
2 297 1456 3918193753
2 298 1456 3918193753
2 299 1456 3918193753
3 297 0 0
2 297 1456 3918193753
2 298 1456 3918193753
2 299 1456 3918193753
2 300 1456 3918193753
2 301 1456 3918193753
3 299 0 0
2 299 1456 3918193753
2 300 1456 3918193753
2 301 1456 3918193753
2 302 1456 3918193753
2 303 1456 3918193753
3 300 0 0
2 300 1456 3918193753
2 301 1456 3918193753
2 302 1456 3918193753
2 303 1456 3918193753
2 304 1456 3918193753
3 300 0 0
3 301 0 0
2 301 1456 3918193753
2 302 1456 3918193753
2 303 1456 3918193753
2 304 1456 3918193753
2 305 1456 3918193753
3 301 0 0
3 302 0 0
2 302 1456 3918193753
2 303 1456 3918193753
2 304 1456 3918193753
2 305 1456 3918193753
2 306 1456 3918193753
3 302 0 0
3 302 0 0
3 302 0 0
3 302 0 0
3 302 0 0
3 302 0 0
3 302 0 0
3 302 0 0
2 302 1456 3918193753
2 303 1456 3918193753
2 304 1456 3918193753
2 305 1456 3918193753
2 306 1456 3918193753
3 304 0 0
2 304 1456 3918193753
2 305 1456 3918193753
2 306 1456 3918193753
2 307 1456 3918193753
2 308 1456 3918193753
3 306 0 0
2 306 1456 3918193753
2 307 1456 3918193753
2 308 1456 3918193753
2 309 1456 3918193753
2 310 1456 3918193753
3 307 0 0
2 307 1456 3918193753
2 308 1456 3918193753
2 309 1456 3918193753
2 310 1456 3918193753
2 311 1456 3918193753
3 307 0 0
3 308 0 0
2 308 1456 3918193753
2 309 1456 3918193753
2 310 1456 3918193753
2 311 1456 3918193753
2 312 1456 3918193753
3 308 0 0
3 309 0 0
2 309 1456 3918193753
2 310 1456 3918193753
2 311 1456 3918193753
2 312 1456 3918193753
2 313 1456 3918193753
3 309 0 0
3 309 0 0
3 309 0 0
3 309 0 0
3 309 0 0
3 309 0 0
3 309 0 0
3 309 0 0
2 309 1456 3918193753
2 310 1456 3918193753
2 311 1456 3918193753
2 312 1456 3918193753
2 313 1456 3918193753
3 311 0 0
2 311 1456 3918193753
2 312 1456 3918193753
2 313 1456 3918193753
2 314 1456 3918193753
2 315 1456 3918193753
3 313 0 0
2 313 1456 3918193753
2 314 1456 3918193753
2 315 1456 3918193753
2 316 1456 3918193753
2 317 1456 3918193753
3 314 0 0
2 314 1456 3918193753
2 315 1456 3918193753
2 316 1456 3918193753
2 317 1456 3918193753
2 318 1456 3918193753
3 314 0 0
3 315 0 0
2 315 1456 3918193753
2 316 1456 3918193753
2 317 1456 3918193753
2 318 1456 3918193753
2 319 1456 3918193753
3 315 0 0
3 316 0 0
2 316 1456 3918193753
2 317 1456 3918193753
2 318 1456 3918193753
2 319 1456 3918193753
2 320 1456 3918193753
3 316 0 0
3 316 0 0
3 316 0 0
3 316 0 0
3 316 0 0
3 316 0 0
3 316 0 0
3 316 0 0
2 316 1456 3918193753
2 317 1456 3918193753
2 318 1456 3918193753
2 319 1456 3918193753
2 320 1456 3918193753
3 318 0 0
2 318 1456 3918193753
2 319 1456 3918193753
2 320 1456 3918193753
2 321 1456 3918193753
2 322 1456 3918193753
3 320 0 0
2 320 1456 3918193753
2 321 1456 3918193753
2 322 1456 3918193753
2 323 1456 3918193753
2 324 1456 3918193753
3 321 0 0
2 321 1456 3918193753
2 322 1456 3918193753
2 323 1456 3918193753
2 324 1456 3918193753
2 325 1456 3918193753
3 321 0 0
3 322 0 0
2 322 1456 3918193753
2 323 1456 3918193753
2 324 1456 3918193753
2 325 1456 3918193753
2 326 1456 3918193753
3 322 0 0
3 323 0 0
2 323 1456 3918193753
2 324 1456 3918193753
2 325 1456 3918193753
2 326 1456 3918193753
2 327 1456 3918193753
3 323 0 0
3 323 0 0
3 323 0 0
3 323 0 0
3 323 0 0
3 323 0 0
3 323 0 0
3 323 0 0
2 323 1456 3918193753
2 324 1456 3918193753
2 325 1456 3918193753
2 326 1456 3918193753
2 327 1456 3918193753
3 325 0 0
2 325 1456 3918193753
2 326 1456 3918193753
2 327 1456 3918193753
2 328 1456 3918193753
2 329 1456 3918193753
3 327 0 0
2 327 1456 3918193753
2 328 1456 3918193753
2 329 1456 3918193753
2 330 1456 3918193753
2 331 1456 3918193753
3 328 0 0
2 328 1456 3918193753
2 329 1456 3918193753
2 330 1456 3918193753
2 331 1456 3918193753
2 332 1456 3918193753
3 328 0 0
3 329 0 0
2 329 1456 3918193753
2 330 1456 3918193753
2 331 1456 3918193753
2 332 1456 3918193753
2 333 1456 3918193753
3 329 0 0
3 330 0 0
2 330 1456 3918193753
2 331 1456 3918193753
2 332 1456 3918193753
2 333 1456 3918193753
2 334 1456 3918193753
3 330 0 0
3 330 0 0
3 330 0 0
3 330 0 0
3 330 0 0
3 330 0 0
3 330 0 0
3 330 0 0
2 330 1456 3918193753
2 331 1456 3918193753
2 332 1456 3918193753
2 333 1456 3918193753
2 334 1456 3918193753
3 332 0 0
2 332 1456 3918193753
2 333 1456 3918193753
2 334 1456 3918193753
2 335 1456 3918193753
2 336 1456 3918193753
3 334 0 0
2 334 1456 3918193753
2 335 1456 3918193753
2 336 1456 3918193753
2 337 1456 3918193753
2 338 1456 3918193753
3 335 0 0
2 335 1456 3918193753
2 336 1456 3918193753
2 337 1456 3918193753
2 338 1456 3918193753
2 339 1456 3918193753
3 335 0 0
3 336 0 0
2 336 1456 3918193753
2 337 1456 3918193753
2 338 1456 3918193753
2 339 1456 3918193753
2 340 1456 3918193753
3 336 0 0
3 337 0 0
2 337 1456 3918193753
2 338 1456 3918193753
2 339 1456 3918193753
2 340 1456 3918193753
2 341 1456 3918193753
3 337 0 0
3 337 0 0
3 337 0 0
3 337 0 0
3 337 0 0
3 337 0 0
3 337 0 0
3 337 0 0
2 337 1456 3918193753
2 338 1456 3918193753
2 339 1456 3918193753
2 340 1456 3918193753
2 341 1456 3918193753
3 339 0 0
2 339 1456 3918193753
2 340 1456 3918193753
2 341 1456 3918193753
2 342 1456 3918193753
2 343 594 193590378
3 341 0 0
2 341 1456 3918193753
2 342 1456 3918193753
2 343 594 193590378
3 342 0 0
2 342 1456 3918193753
2 343 594 193590378
3 342 0 0
3 343 0 0
2 343 594 193590378
3 343 0 0
3 344 0 0
1 1804436590 0 0
1 1804436590 0 0
3 1804436590 0 0
