0 1200050324 0 0
0 1200050324 0 0
0 1200050324 0 0
0 1200050324 0 0
0 1200050324 0 0
0 1200050324 0 0
3 1200050324 0 0
2 0 1456 323204719
2 1 1456 1778023083
2 2 1456 1094806253
2 3 716 1517806851
3 1200050324 0 0
3 1200050324 0 0
3 1200050324 0 0
3 1200050324 0 0
3 1200050324 0 0
3 4 0 0
RTT Sample: 279.40ms | Estimated: 472.42ms | Deviation: -193.03ms | Change: -27.58ms
1 1200050324 0 0
1 1200050324 0 0
1 1200050324 0 0
1 1200050324 0 0
1 1200050324 0 0
1 1200050324 0 0
1 1200050324 0 0
1 1200050324 0 0
1 1200050324 0 0
1 1200050324 0 0
