0 3674985308 0 0
3 3674985308 0 0
2 0 1456 1732319762
2 1 1456 1732319762
2 2 1456 1732319762
2 3 1456 1732319762
2 4 1456 1732319762
3 1 0 0
2 1 1456 1732319762
2 2 1456 1732319762
2 3 1456 1732319762
2 4 1456 1732319762
2 5 1456 1732319762
3 1 0 0
3 1 0 0
3 1 0 0
3 1 0 0
2 1 1456 1732319762
2 2 1456 1732319762
2 3 1456 1732319762
2 4 1456 1732319762
2 5 1456 1732319762
3 3 0 0
2 3 1456 1732319762
2 4 1456 1732319762
2 5 1456 1732319762
2 6 1456 1732319762
2 7 1456 1732319762
3 5 0 0
2 5 1456 1732319762
2 6 1456 1732319762
2 7 1456 1732319762
2 8 1456 1732319762
2 9 1456 1732319762
3 6 0 0
2 6 1456 1732319762
2 7 1456 1732319762
2 8 1456 1732319762
2 9 1456 1732319762
2 10 1456 1732319762
3 6 0 0
3 7 0 0
2 7 1456 1732319762
2 8 1456 1732319762
2 9 1456 1732319762
2 10 1456 1732319762
2 11 1456 1732319762
3 7 0 0
3 8 0 0
2 8 1456 1732319762
2 9 1456 1732319762
2 10 1456 1732319762
2 11 1456 1732319762
2 12 1456 1732319762
3 8 0 0
3 8 0 0
3 8 0 0
3 8 0 0
3 8 0 0
3 8 0 0
3 8 0 0
3 8 0 0
2 8 1456 1732319762
2 9 1456 1732319762
2 10 1456 1732319762
2 11 1456 1732319762
2 12 1456 1732319762
3 10 0 0
2 10 1456 1732319762
2 11 1456 1732319762
2 12 1456 1732319762
2 13 1456 1732319762
2 14 1456 1732319762
3 12 0 0
2 12 1456 1732319762
2 13 1456 1732319762
2 14 1456 1732319762
2 15 1456 1732319762
2 16 1456 1732319762
3 13 0 0
2 13 1456 1732319762
2 14 1456 1732319762
2 15 1456 1732319762
2 16 1456 1732319762
2 17 1456 1732319762
3 13 0 0
3 14 0 0
2 14 1456 1732319762
2 15 1456 1732319762
2 16 1456 1732319762
2 17 1456 1732319762
2 18 1456 1732319762
3 14 0 0
3 15 0 0
2 15 1456 1732319762
2 16 1456 1732319762
2 17 1456 1732319762
2 18 1456 1732319762
2 19 1456 1732319762
3 15 0 0
3 15 0 0
3 15 0 0
3 15 0 0
3 15 0 0
3 15 0 0
3 15 0 0
3 15 0 0
2 15 1456 1732319762
2 16 1456 1732319762
2 17 1456 1732319762
2 18 1456 1732319762
2 19 1456 1732319762
3 17 0 0
2 17 1456 1732319762
2 18 1456 1732319762
2 19 1456 1732319762
2 20 1456 1732319762
2 21 1456 1732319762
3 19 0 0
2 19 1456 1732319762
2 20 1456 1732319762
2 21 1456 1732319762
2 22 1456 1732319762
2 23 1456 1732319762
3 20 0 0
2 20 1456 1732319762
2 21 1456 1732319762
2 22 1456 1732319762
2 23 1456 1732319762
2 24 1456 1732319762
3 20 0 0
3 21 0 0
2 21 1456 1732319762
2 22 1456 1732319762
2 23 1456 1732319762
2 24 1456 1732319762
2 25 1456 1732319762
3 21 0 0
3 22 0 0
2 22 1456 1732319762
2 23 1456 1732319762
2 24 1456 1732319762
2 25 1456 1732319762
2 26 1456 1732319762
3 22 0 0
3 22 0 0
3 22 0 0
3 22 0 0
3 22 0 0
3 22 0 0
3 22 0 0
3 22 0 0
2 22 1456 1732319762
2 23 1456 1732319762
2 24 1456 1732319762
2 25 1456 1732319762
2 26 1456 1732319762
3 24 0 0
2 24 1456 1732319762
2 25 1456 1732319762
2 26 1456 1732319762
2 27 1456 1732319762
2 28 1456 1732319762
3 26 0 0
2 26 1456 1732319762
2 27 1456 1732319762
2 28 1456 1732319762
2 29 1456 1732319762
2 30 1456 1732319762
3 27 0 0
2 27 1456 1732319762
2 28 1456 1732319762
2 29 1456 1732319762
2 30 1456 1732319762
2 31 1456 1732319762
3 27 0 0
3 28 0 0
2 28 1456 1732319762
2 29 1456 1732319762
2 30 1456 1732319762
2 31 1456 1732319762
2 32 1456 1732319762
3 28 0 0
3 29 0 0
2 29 1456 1732319762
2 30 1456 1732319762
2 31 1456 1732319762
2 32 1456 1732319762
2 33 1456 1732319762
3 29 0 0
3 29 0 0
3 29 0 0
3 29 0 0
3 29 0 0
3 29 0 0
3 29 0 0
3 29 0 0
2 29 1456 1732319762
2 30 1456 1732319762
2 31 1456 1732319762
2 32 1456 1732319762
2 33 1456 1732319762
3 31 0 0
2 31 1456 1732319762
2 32 1456 1732319762
2 33 1456 1732319762
2 34 1456 1732319762
2 35 1456 1732319762
3 33 0 0
2 33 1456 1732319762
2 34 1456 1732319762
2 35 1456 1732319762
2 36 1456 1732319762
2 37 1456 1732319762
3 34 0 0
2 34 1456 1732319762
2 35 1456 1732319762
2 36 1456 1732319762
2 37 1456 1732319762
2 38 1456 1732319762
3 34 0 0
3 35 0 0
2 35 1456 1732319762
2 36 1456 1732319762
2 37 1456 1732319762
2 38 1456 1732319762
2 39 1456 1732319762
3 35 0 0
3 36 0 0
2 36 1456 1732319762
2 37 1456 1732319762
2 38 1456 1732319762
2 39 1456 1732319762
2 40 1456 1732319762
3 36 0 0
3 36 0 0
3 36 0 0
3 36 0 0
3 36 0 0
3 36 0 0
3 36 0 0
3 36 0 0
2 36 1456 1732319762
2 37 1456 1732319762
2 38 1456 1732319762
2 39 1456 1732319762
2 40 1456 1732319762
3 38 0 0
2 38 1456 1732319762
2 39 1456 1732319762
2 40 1456 1732319762
2 41 1456 1732319762
2 42 1456 1732319762
3 40 0 0
2 40 1456 1732319762
2 41 1456 1732319762
2 42 1456 1732319762
2 43 1456 1732319762
2 44 1456 1732319762
3 41 0 0
2 41 1456 1732319762
2 42 1456 1732319762
2 43 1456 1732319762
2 44 1456 1732319762
2 45 1456 1732319762
3 41 0 0
3 42 0 0
2 42 1456 1732319762
2 43 1456 1732319762
2 44 1456 1732319762
2 45 1456 1732319762
2 46 1456 1732319762
3 42 0 0
3 43 0 0
2 43 1456 1732319762
2 44 1456 1732319762
2 45 1456 1732319762
2 46 1456 1732319762
2 47 1456 1732319762
3 43 0 0
3 43 0 0
3 43 0 0
3 43 0 0
3 43 0 0
3 43 0 0
3 43 0 0
3 43 0 0
2 43 1456 1732319762
2 44 1456 1732319762
2 45 1456 1732319762
2 46 1456 1732319762
2 47 1456 1732319762
3 45 0 0
2 45 1456 1732319762
2 46 1456 1732319762
2 47 1456 1732319762
2 48 1456 1732319762
2 49 1456 1732319762
3 47 0 0
2 47 1456 1732319762
2 48 1456 1732319762
2 49 1456 1732319762
2 50 1456 1732319762
2 51 1456 1732319762
3 48 0 0
2 48 1456 1732319762
2 49 1456 1732319762
2 50 1456 1732319762
2 51 1456 1732319762
2 52 1456 1732319762
3 48 0 0
3 49 0 0
2 49 1456 1732319762
2 50 1456 1732319762
2 51 1456 1732319762
2 52 1456 1732319762
2 53 1456 1732319762
3 49 0 0
3 50 0 0
2 50 1456 1732319762
2 51 1456 1732319762
2 52 1456 1732319762
2 53 1456 1732319762
2 54 1456 1732319762
3 50 0 0
3 50 0 0
3 50 0 0
3 50 0 0
3 50 0 0
3 50 0 0
3 50 0 0
3 50 0 0
2 50 1456 1732319762
2 51 1456 1732319762
2 52 1456 1732319762
2 53 1456 1732319762
2 54 1456 1732319762
3 52 0 0
2 52 1456 1732319762
2 53 1456 1732319762
2 54 1456 1732319762
2 55 1456 1732319762
2 56 1456 1732319762
3 54 0 0
2 54 1456 1732319762
2 55 1456 1732319762
2 56 1456 1732319762
2 57 1456 1732319762
2 58 1456 1732319762
3 55 0 0
2 55 1456 1732319762
2 56 1456 1732319762
2 57 1456 1732319762
2 58 1456 1732319762
2 59 1456 1732319762
3 55 0 0
3 56 0 0
2 56 1456 1732319762
2 57 1456 1732319762
2 58 1456 1732319762
2 59 1456 1732319762
2 60 1456 1732319762
3 56 0 0
3 57 0 0
2 57 1456 1732319762
2 58 1456 1732319762
2 59 1456 1732319762
2 60 1456 1732319762
2 61 1456 1732319762
3 57 0 0
3 57 0 0
3 57 0 0
3 57 0 0
3 57 0 0
3 57 0 0
3 57 0 0
3 57 0 0
2 57 1456 1732319762
2 58 1456 1732319762
2 59 1456 1732319762
2 60 1456 1732319762
2 61 1456 1732319762
3 59 0 0
2 59 1456 1732319762
2 60 1456 1732319762
2 61 1456 1732319762
2 62 1456 1732319762
2 63 1456 1732319762
3 61 0 0
2 61 1456 1732319762
2 62 1456 1732319762
2 63 1456 1732319762
2 64 1456 1732319762
2 65 1456 1732319762
3 62 0 0
2 62 1456 1732319762
2 63 1456 1732319762
2 64 1456 1732319762
2 65 1456 1732319762
2 66 1456 1732319762
3 62 0 0
3 63 0 0
2 63 1456 1732319762
2 64 1456 1732319762
2 65 1456 1732319762
2 66 1456 1732319762
2 67 1456 1732319762
3 63 0 0
3 64 0 0
2 64 1456 1732319762
2 65 1456 1732319762
2 66 1456 1732319762
2 67 1456 1732319762
2 68 1456 1732319762
3 64 0 0
3 64 0 0
3 64 0 0
3 64 0 0
3 64 0 0
3 64 0 0
3 64 0 0
3 64 0 0
2 64 1456 1732319762
2 65 1456 1732319762
2 66 1456 1732319762
2 67 1456 1732319762
2 68 1456 1732319762
3 66 0 0
2 66 1456 1732319762
2 67 1456 1732319762
2 68 1456 1732319762
2 69 1456 1732319762
2 70 1456 1732319762
3 68 0 0
2 68 1456 1732319762
2 69 1456 1732319762
2 70 1456 1732319762
2 71 1456 1732319762
2 72 1456 1732319762
3 69 0 0
2 69 1456 1732319762
2 70 1456 1732319762
2 71 1456 1732319762
2 72 1456 1732319762
2 73 1456 1732319762
3 69 0 0
3 70 0 0
2 70 1456 1732319762
2 71 1456 1732319762
2 72 1456 1732319762
2 73 1456 1732319762
2 74 1456 1732319762
3 70 0 0
3 71 0 0
2 71 1456 1732319762
2 72 1456 1732319762
2 73 1456 1732319762
2 74 1456 1732319762
2 75 1456 1732319762
3 71 0 0
3 71 0 0
3 71 0 0
3 71 0 0
3 71 0 0
3 71 0 0
3 71 0 0
3 71 0 0
2 71 1456 1732319762
2 72 1456 1732319762
2 73 1456 1732319762
2 74 1456 1732319762
2 75 1456 1732319762
3 73 0 0
2 73 1456 1732319762
2 74 1456 1732319762
2 75 1456 1732319762
2 76 1456 1732319762
2 77 1456 1732319762
3 75 0 0
2 75 1456 1732319762
2 76 1456 1732319762
2 77 1456 1732319762
2 78 1456 1732319762
2 79 1456 1732319762
3 76 0 0
2 76 1456 1732319762
2 77 1456 1732319762
2 78 1456 1732319762
2 79 1456 1732319762
2 80 1456 1732319762
3 76 0 0
3 77 0 0
2 77 1456 1732319762
2 78 1456 1732319762
2 79 1456 1732319762
2 80 1456 1732319762
2 81 1456 1732319762
3 77 0 0
3 78 0 0
2 78 1456 1732319762
2 79 1456 1732319762
2 80 1456 1732319762
2 81 1456 1732319762
2 82 1456 1732319762
3 78 0 0
3 78 0 0
3 78 0 0
3 78 0 0
3 78 0 0
3 78 0 0
3 78 0 0
3 78 0 0
2 78 1456 1732319762
2 79 1456 1732319762
2 80 1456 1732319762
2 81 1456 1732319762
2 82 1456 1732319762
3 80 0 0
2 80 1456 1732319762
2 81 1456 1732319762
2 82 1456 1732319762
2 83 1456 1732319762
2 84 1456 1732319762
3 82 0 0
2 82 1456 1732319762
2 83 1456 1732319762
2 84 1456 1732319762
2 85 1456 1732319762
2 86 1456 1732319762
3 83 0 0
2 83 1456 1732319762
2 84 1456 1732319762
2 85 1456 1732319762
2 86 1456 1732319762
2 87 1456 1732319762
3 83 0 0
3 84 0 0
2 84 1456 1732319762
2 85 1456 1732319762
2 86 1456 1732319762
2 87 1456 1732319762
2 88 1456 1732319762
3 84 0 0
3 85 0 0
2 85 1456 1732319762
2 86 1456 1732319762
2 87 1456 1732319762
2 88 1456 1732319762
2 89 1456 1732319762
3 85 0 0
3 85 0 0
3 85 0 0
3 85 0 0
3 85 0 0
3 85 0 0
3 85 0 0
3 85 0 0
2 85 1456 1732319762
2 86 1456 1732319762
2 87 1456 1732319762
2 88 1456 1732319762
2 89 1456 1732319762
3 87 0 0
2 87 1456 1732319762
2 88 1456 1732319762
2 89 1456 1732319762
2 90 1456 1732319762
2 91 1456 1732319762
3 89 0 0
2 89 1456 1732319762
2 90 1456 1732319762
2 91 1456 1732319762
2 92 1456 1732319762
2 93 1456 1732319762
3 90 0 0
2 90 1456 1732319762
2 91 1456 1732319762
2 92 1456 1732319762
2 93 1456 1732319762
2 94 1456 1732319762
3 90 0 0
3 91 0 0
2 91 1456 1732319762
2 92 1456 1732319762
2 93 1456 1732319762
2 94 1456 1732319762
2 95 1456 1732319762
3 91 0 0
3 92 0 0
2 92 1456 1732319762
2 93 1456 1732319762
2 94 1456 1732319762
2 95 1456 1732319762
2 96 1456 1732319762
3 92 0 0
3 92 0 0
3 92 0 0
3 92 0 0
3 92 0 0
3 92 0 0
3 92 0 0
3 92 0 0
2 92 1456 1732319762
2 93 1456 1732319762
2 94 1456 1732319762
2 95 1456 1732319762
2 96 1456 1732319762
3 94 0 0
2 94 1456 1732319762
2 95 1456 1732319762
2 96 1456 1732319762
2 97 1456 1732319762
2 98 1456 1732319762
3 96 0 0
2 96 1456 1732319762
2 97 1456 1732319762
2 98 1456 1732319762
2 99 1456 1732319762
2 100 1456 1732319762
3 97 0 0
2 97 1456 1732319762
2 98 1456 1732319762
2 99 1456 1732319762
2 100 1456 1732319762
2 101 1456 1732319762
3 97 0 0
3 98 0 0
2 98 1456 1732319762
2 99 1456 1732319762
2 100 1456 1732319762
2 101 1456 1732319762
2 102 1456 1732319762
3 98 0 0
3 99 0 0
2 99 1456 1732319762
2 100 1456 1732319762
2 101 1456 1732319762
2 102 1456 1732319762
2 103 1456 1732319762
3 99 0 0
3 99 0 0
3 99 0 0
3 99 0 0
3 99 0 0
3 99 0 0
3 99 0 0
3 99 0 0
2 99 1456 1732319762
2 100 1456 1732319762
2 101 1456 1732319762
2 102 1456 1732319762
2 103 1456 1732319762
3 101 0 0
2 101 1456 1732319762
2 102 1456 1732319762
2 103 1456 1732319762
2 104 1456 1732319762
2 105 1456 1732319762
3 103 0 0
2 103 1456 1732319762
2 104 1456 1732319762
2 105 1456 1732319762
2 106 1456 1732319762
2 107 1456 1732319762
3 104 0 0
2 104 1456 1732319762
2 105 1456 1732319762
2 106 1456 1732319762
2 107 1456 1732319762
2 108 1456 1732319762
3 104 0 0
3 105 0 0
2 105 1456 1732319762
2 106 1456 1732319762
2 107 1456 1732319762
2 108 1456 1732319762
2 109 1456 1732319762
3 105 0 0
3 106 0 0
2 106 1456 1732319762
2 107 1456 1732319762
2 108 1456 1732319762
2 109 1456 1732319762
2 110 1456 1732319762
3 106 0 0
3 106 0 0
3 106 0 0
3 106 0 0
3 106 0 0
3 106 0 0
3 106 0 0
3 106 0 0
2 106 1456 1732319762
2 107 1456 1732319762
2 108 1456 1732319762
2 109 1456 1732319762
2 110 1456 1732319762
3 108 0 0
2 108 1456 1732319762
2 109 1456 1732319762
2 110 1456 1732319762
2 111 1456 1732319762
2 112 1456 1732319762
3 110 0 0
2 110 1456 1732319762
2 111 1456 1732319762
2 112 1456 1732319762
2 113 1456 1732319762
2 114 1456 1732319762
3 111 0 0
2 111 1456 1732319762
2 112 1456 1732319762
2 113 1456 1732319762
2 114 1456 1732319762
2 115 1456 1732319762
3 111 0 0
3 112 0 0
2 112 1456 1732319762
2 113 1456 1732319762
2 114 1456 1732319762
2 115 1456 1732319762
2 116 1456 1732319762
3 112 0 0
3 113 0 0
2 113 1456 1732319762
2 114 1456 1732319762
2 115 1456 1732319762
2 116 1456 1732319762
2 117 1456 1732319762
3 113 0 0
3 113 0 0
3 113 0 0
3 113 0 0
3 113 0 0
3 113 0 0
3 113 0 0
3 113 0 0
2 113 1456 1732319762
2 114 1456 1732319762
2 115 1456 1732319762
2 116 1456 1732319762
2 117 1456 1732319762
3 115 0 0
2 115 1456 1732319762
2 116 1456 1732319762
2 117 1456 1732319762
2 118 1456 1732319762
2 119 1456 1732319762
3 117 0 0
2 117 1456 1732319762
2 118 1456 1732319762
2 119 1456 1732319762
2 120 1456 1732319762
2 121 1456 1732319762
3 118 0 0
2 118 1456 1732319762
2 119 1456 1732319762
2 120 1456 1732319762
2 121 1456 1732319762
2 122 1456 1732319762
3 118 0 0
3 119 0 0
2 119 1456 1732319762
2 120 1456 1732319762
2 121 1456 1732319762
2 122 1456 1732319762
2 123 1456 1732319762
3 119 0 0
3 120 0 0
2 120 1456 1732319762
2 121 1456 1732319762
2 122 1456 1732319762
2 123 1456 1732319762
2 124 1456 1732319762
3 120 0 0
3 120 0 0
3 120 0 0
3 120 0 0
3 120 0 0
3 120 0 0
3 120 0 0
3 120 0 0
2 120 1456 1732319762
2 121 1456 1732319762
2 122 1456 1732319762
2 123 1456 1732319762
2 124 1456 1732319762
3 122 0 0
2 122 1456 1732319762
2 123 1456 1732319762
2 124 1456 1732319762
2 125 1456 1732319762
2 126 1456 1732319762
3 124 0 0
2 124 1456 1732319762
2 125 1456 1732319762
2 126 1456 1732319762
2 127 1456 1732319762
2 128 1456 1732319762
3 125 0 0
2 125 1456 1732319762
2 126 1456 1732319762
2 127 1456 1732319762
2 128 1456 1732319762
2 129 1456 1732319762
3 125 0 0
3 126 0 0
2 126 1456 1732319762
2 127 1456 1732319762
2 128 1456 1732319762
2 129 1456 1732319762
2 130 1456 1732319762
3 126 0 0
3 127 0 0
2 127 1456 1732319762
2 128 1456 1732319762
2 129 1456 1732319762
2 130 1456 1732319762
2 131 1456 1732319762
3 127 0 0
3 127 0 0
3 127 0 0
3 127 0 0
3 127 0 0
3 127 0 0
3 127 0 0
3 127 0 0
2 127 1456 1732319762
2 128 1456 1732319762
2 129 1456 1732319762
2 130 1456 1732319762
2 131 1456 1732319762
3 129 0 0
2 129 1456 1732319762
2 130 1456 1732319762
2 131 1456 1732319762
2 132 1456 1732319762
2 133 1456 1732319762
3 131 0 0
2 131 1456 1732319762
2 132 1456 1732319762
2 133 1456 1732319762
2 134 1456 1732319762
2 135 1456 1732319762
3 132 0 0
2 132 1456 1732319762
2 133 1456 1732319762
2 134 1456 1732319762
2 135 1456 1732319762
2 136 1456 1732319762
3 132 0 0
3 133 0 0
2 133 1456 1732319762
2 134 1456 1732319762
2 135 1456 1732319762
2 136 1456 1732319762
2 137 1456 1732319762
3 133 0 0
3 134 0 0
2 134 1456 1732319762
2 135 1456 1732319762
2 136 1456 1732319762
2 137 1456 1732319762
2 138 1456 1732319762
3 134 0 0
3 134 0 0
3 134 0 0
3 134 0 0
3 134 0 0
3 134 0 0
3 134 0 0
3 134 0 0
2 134 1456 1732319762
2 135 1456 1732319762
2 136 1456 1732319762
2 137 1456 1732319762
2 138 1456 1732319762
3 136 0 0
2 136 1456 1732319762
2 137 1456 1732319762
2 138 1456 1732319762
2 139 1456 1732319762
2 140 1456 1732319762
3 138 0 0
2 138 1456 1732319762
2 139 1456 1732319762
2 140 1456 1732319762
2 141 1456 1732319762
2 142 1456 1732319762
3 139 0 0
2 139 1456 1732319762
2 140 1456 1732319762
2 141 1456 1732319762
2 142 1456 1732319762
2 143 1456 1732319762
3 139 0 0
3 140 0 0
2 140 1456 1732319762
2 141 1456 1732319762
2 142 1456 1732319762
2 143 1456 1732319762
2 144 1456 1732319762
3 140 0 0
3 141 0 0
2 141 1456 1732319762
2 142 1456 1732319762
2 143 1456 1732319762
2 144 1456 1732319762
2 145 1456 1732319762
3 141 0 0
3 141 0 0
3 141 0 0
3 141 0 0
3 141 0 0
3 141 0 0
3 141 0 0
3 141 0 0
2 141 1456 1732319762
2 142 1456 1732319762
2 143 1456 1732319762
2 144 1456 1732319762
2 145 1456 1732319762
3 143 0 0
2 143 1456 1732319762
2 144 1456 1732319762
2 145 1456 1732319762
2 146 1456 1732319762
2 147 1456 1732319762
3 145 0 0
2 145 1456 1732319762
2 146 1456 1732319762
2 147 1456 1732319762
2 148 1456 1732319762
2 149 1456 1732319762
3 146 0 0
2 146 1456 1732319762
2 147 1456 1732319762
2 148 1456 1732319762
2 149 1456 1732319762
2 150 1456 1732319762
3 146 0 0
3 147 0 0
2 147 1456 1732319762
2 148 1456 1732319762
2 149 1456 1732319762
2 150 1456 1732319762
2 151 1456 1732319762
3 147 0 0
3 148 0 0
2 148 1456 1732319762
2 149 1456 1732319762
2 150 1456 1732319762
2 151 1456 1732319762
2 152 1456 1732319762
3 148 0 0
3 148 0 0
3 148 0 0
3 148 0 0
3 148 0 0
3 148 0 0
3 148 0 0
3 148 0 0
2 148 1456 1732319762
2 149 1456 1732319762
2 150 1456 1732319762
2 151 1456 1732319762
2 152 1456 1732319762
3 150 0 0
2 150 1456 1732319762
2 151 1456 1732319762
2 152 1456 1732319762
2 153 1232 3608466213
3 152 0 0
2 152 1456 1732319762
2 153 1232 3608466213
3 153 0 0
2 153 1232 3608466213
3 153 0 0
3 154 0 0
1 3674985308 0 0
1 3674985308 0 0
3 3674985308 0 0
