0 521600421 0 0
3 521600421 0 0
2 0 1456 266495709
2 1 1456 266495709
2 2 1456 266495709
2 3 1456 266495709
2 4 1456 266495709
2 5 1456 266495709
2 6 1266 21398244
3 1 0 0
2 1 1456 266495709
2 2 1456 266495709
2 3 1456 266495709
2 4 1456 266495709
2 5 1456 266495709
2 6 1266 21398244
3 2 0 0
2 2 1456 266495709
2 3 1456 266495709
2 4 1456 266495709
2 5 1456 266495709
2 6 1266 21398244
3 3 0 0
2 3 1456 266495709
2 4 1456 266495709
2 5 1456 266495709
2 6 1266 21398244
3 4 0 0
2 4 1456 266495709
2 5 1456 266495709
2 6 1266 21398244
3 5 0 0
2 5 1456 266495709
2 6 1266 21398244
3 6 0 0
2 6 1266 21398244
3 7 0 0
1 521600421 0 0
1 521600421 0 0
1 521600421 0 0
1 521600421 0 0
1 521600421 0 0
1 521600421 0 0
1 521600421 0 0
1 521600421 0 0
1 521600421 0 0
1 521600421 0 0
