0 426629047 0 0
0 426629047 0 0
0 426629047 0 0
0 426629047 0 0
0 426629047 0 0
0 426629047 0 0
3 426629047 0 0
2 0 1456 1220873243
2 1 1456 3593645080
2 2 1456 3348702194
2 3 1456 2432114392
2 4 1456 3949986709
2 5 1456 1868883058
2 6 1456 594125667
2 7 1456 954376679
2 8 1456 4028029400
2 9 1456 3491463893
3 426629047 0 0
3 426629047 0 0
3 426629047 0 0
3 426629047 0 0
3 426629047 0 0
3 21 0 0
RTT Sample: 335.05ms | Estimated: 479.38ms | Deviation: -144.33ms | Change: -20.62ms
1 426629047 0 0
1 426629047 0 0
1 426629047 0 0
1 426629047 0 0
1 426629047 0 0
1 426629047 0 0
1 426629047 0 0
1 426629047 0 0
1 426629047 0 0
1 426629047 0 0
